00:00 +0: loading C:/Development/free_rfr/test/free_rfr_test.dart
00:00 +0: Test FreeRFR Bottom Nav Bar
[]
{}
00:01 +1: Test App Bar

Warning: A call to tap() with finder "Found 1 widget with widget matching predicate: [
  TextButton(dependencies: [InheritedCupertinoTheme, MediaQuery, _InheritedTheme, _LocalizationsScope-[GlobalKey#e345f]], state: _ButtonStyleState#27a92),
]" derived an Offset (Offset(48.0, 28.0)) that would not hit test on the specified widget.
Maybe the widget is actually off-screen, or another widget is obscuring it, or the widget cannot receive pointer events.
The finder corresponds to this RenderBox: RenderSemanticsAnnotations#9c788 relayoutBoundary=up17
The hit test result at that offset is: HitTestResult(RenderPointerListener#aa521@Offset(48.0, 28.0), RenderSemanticsAnnotations#806d3@Offset(48.0, 28.0), RenderCustomPaint#27e06@Offset(48.0, 28.0), RenderSemanticsAnnotations#1d3de@Offset(48.0, 28.0), RenderSemanticsAnnotations#6573a@Offset(48.0, 28.0), RenderTapRegionSurface#628cd@Offset(48.0, 28.0), RenderSemanticsAnnotations#d564d@Offset(48.0, 28.0), RenderSemanticsAnnotations#4491f@Offset(48.0, 28.0), RenderSemanticsAnnotations#95f78@Offset(48.0, 28.0), HitTestEntry<HitTestTarget>#251aa(_ReusableRenderView#6a098), HitTestEntry<HitTestTarget>#5dc13(<AutomatedTestWidgetsFlutterBinding>))
#0      WidgetController._getElementPoint (package:flutter_test/src/controller.dart:1941:25)
#1      WidgetController.getCenter (package:flutter_test/src/controller.dart:1792:12)
#2      WidgetController.tap (package:flutter_test/src/controller.dart:1040:18)
#3      main.<anonymous closure> (file:///C:/Development/free_rfr/test/free_rfr_test.dart:106:18)
<asynchronous suspension>
#4      testWidgets.<anonymous closure>.<anonymous closure> (package:flutter_test/src/widget_tester.dart:189:15)
<asynchronous suspension>
#5      TestWidgetsFlutterBinding._runTestBody (package:flutter_test/src/binding.dart:1032:5)
<asynchronous suspension>
#6      StackZoneSpecification._registerCallback.<anonymous closure> (package:stack_trace/src/stack_zone_specification.dart:114:42)
<asynchronous suspension>
To silence this warning, pass "warnIfMissed: false" to "tap()".
To make this warning fatal, set WidgetController.hitTestWarningShouldBeFatal to true.

00:01 +2: Test Backspace Functionality
00:01 +3: Test Shutdown MultiConsole
00:02 +4: Test Keyboard Navigation
AutomatedTestWidgetsFlutterBinding - DEBUG MODE
[root]
ΓööView(state: _ViewState#2eca9)
 ΓööRawView
  Γöö_RawViewInternal-[_DeprecatedRawViewKey TestFlutterView#7d827](renderObject: _ReusableRenderView#6a098)
   Γöö_ViewScope
    Γöö_PipelineOwnerScope
     Γöö_MediaQueryFromView(state: _MediaQueryFromViewState#ae867)
      ΓööMediaQuery(MediaQueryData(size: Size(800.0, 600.0), devicePixelRatio: 3.0, textScaler: no scaling, platformBrightness: Brightness.light, padding: EdgeInsets.zero, viewPadding: EdgeInsets.zero, viewInsets: EdgeInsets.zero, systemGestureInsets: EdgeInsets.zero, alwaysUse24HourFormat: false, accessibleNavigation: false, highContrast: false, onOffSwitchLabels: false, disableAnimations: false, invertColors: false, boldText: false, navigationMode: traditional, gestureSettings: DeviceGestureSettings(touchSlop: null), displayFeatures: [], supportsShowingSystemContextMenu: false))
       ΓööFocusTraversalGroup(policy: ReadingOrderTraversalPolicy#590b8, state: _FocusTraversalGroupState#b4a00)
        ΓööFocus(debugLabel: "FocusTraversalGroup", focusNode: _FocusTraversalGroupNode#7ad6c(FocusTraversalGroup [IN FOCUS PATH]), state: _FocusState#07942)
         Γöö_FocusInheritedScope
          Γöö_FocusScopeWithExternalFocusNode(debugLabel: "View Scope", focusNode: FocusScopeNode#781b8(View Scope [IN FOCUS PATH]), dependencies: [_FocusInheritedScope], state: _FocusScopeState#9651e)
           Γöö_FocusInheritedScope
            ΓööChangeNotifierProvider<FreeRFRContext>(value: Instance of 'FreeRFRContext', listening to value)
             Γöö_InheritedProviderScope<FreeRFRContext?>(value: Instance of 'FreeRFRContext', listening to value)
              ΓööMaterialApp(state: _MaterialAppState#68c6e)
               ΓööScrollConfiguration(behavior: MaterialScrollBehavior)
                ΓööHeroControllerScope
                 ΓööFocus(dependencies: [_FocusInheritedScope], state: _FocusState#d3314)
                  Γöö_FocusInheritedScope
                   ΓööSemantics(container: false, properties: SemanticsProperties, renderObject: RenderSemanticsAnnotations#e73ef)
                    ΓööWidgetsApp-[GlobalObjectKey _MaterialAppState#68c6e](state: _WidgetsAppState#e12cd)
                     ΓööRootRestorationScope(state: _RootRestorationScopeState#4a568)
                      ΓööUnmanagedRestorationScope
                       ΓööRestorationScope(dependencies: [UnmanagedRestorationScope], state: _RestorationScopeState#26d00)
                        ΓööUnmanagedRestorationScope
                         ΓööSharedAppData(state: _SharedAppDataState#1ee0c)
                          Γöö_SharedAppModel
                           ΓööNotificationListener<NavigationNotification>
                            ΓööShortcuts(shortcuts: <Default WidgetsApp Shortcuts>, state: _ShortcutsState#7b740)
                             ΓööFocus(debugLabel: "Shortcuts", dependencies: [_FocusInheritedScope], state: _FocusState#ac996)
                              Γöö_FocusInheritedScope
                               ΓööSemantics(container: false, properties: SemanticsProperties, renderObject: RenderSemanticsAnnotations#1bccc)
                                ΓööDefaultTextEditingShortcuts
                                 ΓööShortcuts(shortcuts: <Default Text Editing Shortcuts>, state: _ShortcutsState#cf7e9)
                                  ΓööFocus(debugLabel: "Shortcuts", dependencies: [_FocusInheritedScope], state: _FocusState#efff7)
                                   Γöö_FocusInheritedScope
                                    ΓööSemantics(container: false, properties: SemanticsProperties, renderObject: RenderSemanticsAnnotations#d402e)
                                     ΓööActions(dispatcher: null, actions: {DoNothingIntent: DoNothingAction#a20d9, DoNothingAndStopPropagationIntent: DoNothingAction#21ef8, RequestFocusIntent: RequestFocusAction#efe5b, NextFocusIntent: NextFocusAction#ef6e4, PreviousFocusIntent: PreviousFocusAction#4aa0a, DirectionalFocusIntent: DirectionalFocusAction#5de6e, ScrollIntent: _OverridableContextAction<ScrollIntent>#a3d77(defaultAction: ScrollAction#d77b1), PrioritizedIntents: PrioritizedAction#b53f6, VoidCallbackIntent: VoidCallbackAction#dc5e1}, state: _ActionsState#34abd)
                                      Γöö_ActionsScope
                                       ΓööFocusTraversalGroup(policy: ReadingOrderTraversalPolicy#497e6, state: _FocusTraversalGroupState#4a9e2)
                                        ΓööFocus(debugLabel: "FocusTraversalGroup", focusNode: _FocusTraversalGroupNode#144dd(FocusTraversalGroup [IN FOCUS PATH]), dependencies: [_FocusInheritedScope], state: _FocusState#154ca)
                                         Γöö_FocusInheritedScope
                                          ΓööTapRegionSurface(renderObject: RenderTapRegionSurface#fcca8)
                                           ΓööShortcutRegistrar(state: _ShortcutRegistrarState#cdfe9)
                                            Γöö_ShortcutRegistrarScope
                                             ΓööShortcuts(manager: ShortcutManager#3fbf3(shortcuts: {}), shortcuts: {}, state: _ShortcutsState#93c18)
                                              ΓööFocus(debugLabel: "Shortcuts", dependencies: [_FocusInheritedScope], state: _FocusState#810a3)
                                               Γöö_FocusInheritedScope
                                                ΓööSemantics(container: false, properties: SemanticsProperties, renderObject: RenderSemanticsAnnotations#f5059)
                                                 ΓööLocalizations(locale: en_US, delegates: [DefaultMaterialLocalizations.delegate(en_US), DefaultCupertinoLocalizations.delegate(en_US), DefaultWidgetsLocalizations.delegate(en_US)], state: _LocalizationsState#83a68)
                                                  ΓööSemantics(container: false, properties: SemanticsProperties, textDirection: ltr, renderObject: RenderSemanticsAnnotations#1ed80)
                                                   Γöö_LocalizationsScope-[GlobalKey#2bc14]
                                                    ΓööDirectionality(textDirection: ltr)
                                                     ΓööTitle(color: Color(0xff2196f3))
                                                      ΓööCheckedModeBanner("DEBUG")
                                                       ΓööBanner(dependencies: [Directionality], state: _BannerState#21542("DEBUG", textDirection: ltr, location: topEnd, Color(0xa0b71c1c), text inherit: true, text color: Color(0xffffffff), text size: 10.2, text weight: 900, text height: 1.0x))
                                                        ΓööCustomPaint(renderObject: RenderCustomPaint#aa18f)
                                                         ΓööValueListenableBuilder<bool>(state: _ValueListenableBuilderState<bool>#429a1)
                                                          ΓööDefaultTextStyle(debugLabel: fallback style; consider putting your text in a Material, inherit: true, color: Color(0xd0ff0000), family: monospace, size: 48.0, weight: 900, decoration: double Color(0xffffff00) TextDecoration.underline, softWrap: wrapping at box width, overflow: clip)
                                                           ΓööBuilder(dependencies: [MediaQuery])
                                                            ΓööScaffoldMessenger(dependencies: [MediaQuery], state: ScaffoldMessengerState#7d764)
                                                             Γöö_ScaffoldMessengerScope
                                                              ΓööDefaultSelectionStyle
                                                               ΓööAnimatedTheme(duration: 200ms, state: _AnimatedThemeState#37fb3(ticker inactive, ThemeDataTween(ThemeData#03d68 ΓåÆ ThemeData#03d68)))
                                                                ΓööTheme(ThemeData#03d68, dependencies: [DefaultSelectionStyle])
                                                                 Γöö_InheritedTheme
                                                                  ΓööCupertinoTheme(brightness: light, primaryColor: Color(0xff6750a4), primaryContrastingColor: Color(0xffffffff), scaffoldBackgroundColor: Color(0xfffef7ff), actionTextStyle: TextStyle(inherit: false, color: Color(0xff6750a4), family: CupertinoSystemText, size: 17.0, letterSpacing: -0.4, decoration: TextDecoration.none), navActionTextStyle: TextStyle(inherit: false, color: Color(0xff6750a4), family: CupertinoSystemText, size: 17.0, letterSpacing: -0.4, decoration: TextDecoration.none))
                                                                   ΓööInheritedCupertinoTheme
                                                                    ΓööIconTheme(color: Color(0xff6750a4))
                                                                     ΓööIconTheme(color: Color(0xdd000000))
                                                                      ΓööDefaultSelectionStyle
                                                                       ΓööFocusScope(debugLabel: "Navigator Scope", AUTOFOCUS, dependencies: [_FocusInheritedScope], state: _FocusScopeState#55d39)
                                                                        ΓööSemantics(container: false, properties: SemanticsProperties, renderObject: RenderSemanticsAnnotations#08cb8)
                                                                         Γöö_FocusInheritedScope
                                                                          ΓööNavigator-[GlobalObjectKey<NavigatorState> _WidgetsAppState#e12cd](dependencies: [HeroControllerScope, UnmanagedRestorationScope], state: NavigatorState#c7d3e(tickers: tracking 1 ticker))
                                                                           ΓööHeroControllerScope
                                                                            ΓööNotificationListener<NavigationNotification>
                                                                             ΓööListener(listeners: [down, up, cancel], behavior: deferToChild, renderObject: RenderPointerListener#740f1)
                                                                              ΓööAbsorbPointer(absorbing: false, renderObject: RenderAbsorbPointer#c5cd6)
                                                                               ΓööFocusTraversalGroup(policy: ReadingOrderTraversalPolicy#497e6, state: _FocusTraversalGroupState#e8947)
                                                                                ΓööFocus(debugLabel: "FocusTraversalGroup", focusNode: _FocusTraversalGroupNode#41aa3(FocusTraversalGroup [IN FOCUS PATH]), dependencies: [_FocusInheritedScope], state: _FocusState#dbf54)
                                                                                 Γöö_FocusInheritedScope
                                                                                  ΓööFocus(debugLabel: "Navigator", AUTOFOCUS, focusNode: FocusNode#e8aef(Navigator [IN FOCUS PATH]), dependencies: [_FocusInheritedScope], state: _FocusState#d6e74)
                                                                                   Γöö_FocusInheritedScope
                                                                                    ΓööUnmanagedRestorationScope
                                                                                     ΓööOverlay-[LabeledGlobalKey<OverlayState>#9fb84](state: OverlayState#f4a73(entries: [OverlayEntry#b721f(opaque: true; maintainState: false), OverlayEntry#4db39(opaque: false; maintainState: true)]))
                                                                                      Γöö_Theater(skipCount: 0, dependencies: [Directionality], renderObject: _RenderTheater#807e2)
                                                                                       Γö£_OverlayEntryWidget-[LabeledGlobalKey<_OverlayEntryWidgetState>#401e6](state: _OverlayEntryWidgetState#44ac4)
                                                                                       ΓöéΓööTickerMode(state: _TickerModeState#f200e(requested mode: enabled))
                                                                                       Γöé Γöö_EffectiveTickerMode(effective mode: enabled)
                                                                                       Γöé  Γöö_RenderTheaterMarker
                                                                                       Γöé   ΓööIgnorePointer(ignoring: false, renderObject: RenderIgnorePointer#d488d)
                                                                                       Γöé    ΓööModalBarrier
                                                                                       Γöé     ΓööBlockSemantics(blocking: true, renderObject: RenderBlockSemantics#2923f)
                                                                                       Γöé      ΓööExcludeSemantics(excluding: true, renderObject: RenderExcludeSemantics#14955)
                                                                                       Γöé       Γöö_ModalBarrierGestureDetector
                                                                                       Γöé        ΓööRawGestureDetector(state: RawGestureDetectorState#c9954(gestures: [any tap], behavior: opaque))
                                                                                       Γöé         Γöö_GestureSemantics(renderObject: RenderSemanticsGestureHandler#4df53)
                                                                                       Γöé          ΓööListener(listeners: [down, panZoomStart], behavior: opaque, renderObject: RenderPointerListener#eddab)
                                                                                       Γöé           ΓööSemantics(container: false, properties: SemanticsProperties, renderObject: RenderSemanticsAnnotations#f6587)
                                                                                       Γöé            ΓööMouseRegion(listeners: <none>, cursor: SystemMouseCursor(basic), renderObject: RenderMouseRegion#229e9)
                                                                                       Γöé             ΓööConstrainedBox(BoxConstraints(biggest), renderObject: RenderConstrainedBox#8977e)
                                                                                       Γöö_OverlayEntryWidget-[LabeledGlobalKey<_OverlayEntryWidgetState>#9cbac](state: _OverlayEntryWidgetState#6cd68)
                                                                                        ΓööTickerMode(state: _TickerModeState#ef5a1(requested mode: enabled))
                                                                                         Γöö_EffectiveTickerMode(effective mode: enabled)
                                                                                          Γöö_RenderTheaterMarker
                                                                                           ΓööSemantics(container: false, properties: SemanticsProperties, sortKey: OrdinalSortKey#be4f6(order: 0.0), renderObject: RenderSemanticsAnnotations#42ddd)
                                                                                            Γöö_ModalScope<dynamic>-[LabeledGlobalKey<_ModalScopeState<dynamic>>#de129](state: _ModalScopeState<dynamic>#26d17)
                                                                                             ΓööAnimatedBuilder(listenable: ValueNotifier<String?>#df55a(null), state: _AnimatedState#105a1)
                                                                                              ΓööRestorationScope(dependencies: [UnmanagedRestorationScope], state: _RestorationScopeState#b1b36)
                                                                                               ΓööUnmanagedRestorationScope
                                                                                                Γöö_ModalScopeStatus(active)
                                                                                                 ΓööOffstage(offstage: false, renderObject: RenderOffstage#c4450)
                                                                                                  ΓööPageStorage
                                                                                                   ΓööBuilder
                                                                                                    ΓööActions(dispatcher: null, actions: {DismissIntent: _DismissModalAction#2c116}, state: _ActionsState#d0123)
                                                                                                     Γöö_ActionsScope
                                                                                                      ΓööPrimaryScrollController(ScrollController#e7b8b(one client, offset 0.0))
                                                                                                       Γöö_FocusScopeWithExternalFocusNode(debugLabel: "_ModalScopeState<dynamic> Focus Scope", focusNode: FocusScopeNode#599fa(_ModalScopeState<dynamic> Focus Scope [PRIMARY FOCUS]), dependencies: [_FocusInheritedScope], state: _FocusScopeState#3116f)
                                                                                                        ΓööSemantics(container: false, properties: SemanticsProperties, renderObject: RenderSemanticsAnnotations#19a6d)
                                                                                                         Γöö_FocusInheritedScope
                                                                                                          ΓööRepaintBoundary(renderObject: RenderRepaintBoundary#24ad9)
                                                                                                           ΓööListenableBuilder(listenable: Listenable.merge([AnimationController#3c07c(ΓÅ¡ 1.000; paused; for MaterialPageRoute<dynamic>(/))Γ₧⌐ProxyAnimation, kAlwaysDismissedAnimationΓ₧⌐ProxyAnimationΓ₧⌐ProxyAnimation]), dependencies: [InheritedCupertinoTheme, _InheritedTheme, _LocalizationsScope-[GlobalKey#2bc14]], state: _AnimatedState#bcafc)
                                                                                                            Γöö_PageTransitionsThemeTransitions<dynamic>(dependencies: [InheritedCupertinoTheme, _InheritedTheme, _LocalizationsScope-[GlobalKey#2bc14]], state: _PageTransitionsThemeTransitionsState<dynamic>#a1ec7)
                                                                                                             Γöö_ZoomPageTransition
                                                                                                              ΓööDualTransitionBuilder(state: _DualTransitionBuilderState#fceee)
                                                                                                               Γöö_ZoomEnterTransition(state: _ZoomEnterTransitionState#02ec1)
                                                                                                                ΓööSnapshotWidget(dependencies: [MediaQuery], renderObject: _RenderSnapshotWidget#0c617)
                                                                                                                 Γöö_ZoomExitTransition(state: _ZoomExitTransitionState#3af3f)
                                                                                                                  ΓööSnapshotWidget(dependencies: [MediaQuery], renderObject: _RenderSnapshotWidget#2d091)
                                                                                                                   ΓööDualTransitionBuilder(state: _DualTransitionBuilderState#f2a5a)
                                                                                                                    Γöö_ZoomEnterTransition(state: _ZoomEnterTransitionState#8704c)
                                                                                                                     ΓööSnapshotWidget(dependencies: [MediaQuery], renderObject: _RenderSnapshotWidget#6551c)
                                                                                                                      Γöö_ZoomExitTransition(state: _ZoomExitTransitionState#c7275)
                                                                                                                       ΓööSnapshotWidget(dependencies: [MediaQuery], renderObject: _RenderSnapshotWidget#050ca)
                                                                                                                        ΓööListenableBuilder(listenable: ValueNotifier<bool>#cf22c(false), state: _AnimatedState#58a2f)
                                                                                                                         ΓööIgnorePointer(ignoring: false, renderObject: RenderIgnorePointer#32ea0)
                                                                                                                          ΓööRepaintBoundary-[GlobalKey#f88d3](renderObject: RenderRepaintBoundary#e5b91)
                                                                                                                           ΓööBuilder
                                                                                                                            ΓööSemantics(container: false, properties: SemanticsProperties, renderObject: RenderSemanticsAnnotations#c3e21)
                                                                                                                             ΓööScaffold(dependencies: [Directionality, InheritedCupertinoTheme, MediaQuery, UnmanagedRestorationScope, _InheritedTheme, _LocalizationsScope-[GlobalKey#2bc14], _ScaffoldMessengerScope], state: ScaffoldState#7d264(tickers: tracking 2 tickers))
                                                                                                                              Γöö_ScaffoldScope
                                                                                                                               ΓööScrollNotificationObserver(state: ScrollNotificationObserverState#8ec72)
                                                                                                                                ΓööNotificationListener<ScrollMetricsNotification>
                                                                                                                                 ΓööNotificationListener<ScrollNotification>
                                                                                                                                  Γöö_ScrollNotificationObserverScope
                                                                                                                                   ΓööMaterial(type: canvas, color: Color(0xfffef7ff), dependencies: [InheritedCupertinoTheme, _InheritedTheme, _LocalizationsScope-[GlobalKey#2bc14]], state: _MaterialState#4e0ad)
                                                                                                                                    ΓööAnimatedPhysicalModel(duration: 200ms, shape: rectangle, borderRadius: null, elevation: 0.0, color: Color(0xfffef7ff), animateColor: false, shadowColor: Color(0xff000000), animateShadowColor: true, state: _AnimatedPhysicalModelState#e4c57(ticker inactive))
                                                                                                                                     ΓööPhysicalModel(shape: rectangle, borderRadius: BorderRadius.zero, elevation: 0.0, color: Color(0xfffef7ff), shadowColor: Color(0xff000000), renderObject: RenderPhysicalModel#85b08)
                                                                                                                                      ΓööNotificationListener<LayoutChangedNotification>
                                                                                                                                       Γöö_InkFeatures-[GlobalKey#fb233 ink renderer](renderObject: _RenderInkFeatures#c26ef)
                                                                                                                                        ΓööAnimatedDefaultTextStyle(duration: 200ms, debugLabel: (englishLike bodyMedium 2021).merge((blackMountainView bodyMedium).apply), inherit: false, color: Color(0xff1d1b20), family: Roboto, size: 14.0, weight: 400, letterSpacing: 0.3, baseline: alphabetic, height: 1.4x, leadingDistribution: even, decoration: Color(0xff1d1b20) TextDecoration.none, softWrap: wrapping at box width, overflow: clip, state: _AnimatedDefaultTextStyleState#d26bf(ticker inactive))
                                                                                                                                         ΓööDefaultTextStyle(debugLabel: (englishLike bodyMedium 2021).merge((blackMountainView bodyMedium).apply), inherit: false, color: Color(0xff1d1b20), family: Roboto, size: 14.0, weight: 400, letterSpacing: 0.3, baseline: alphabetic, height: 1.4x, leadingDistribution: even, decoration: Color(0xff1d1b20) TextDecoration.none, softWrap: wrapping at box width, overflow: clip)
                                                                                                                                          ΓööAnimatedBuilder(listenable: AnimationController#b9a12(ΓÅ¡ 1.000; paused), state: _AnimatedState#2c52b)
                                                                                                                                           ΓööActions(dispatcher: null, actions: {DismissIntent: _DismissDrawerAction#af246}, state: _ActionsState#3cc81)
                                                                                                                                            Γöö_ActionsScope
                                                                                                                                             ΓööCustomMultiChildLayout(renderObject: RenderCustomMultiChildLayoutBox#8136a)
                                                                                                                                              Γö£LayoutId-[<_ScaffoldSlot.body>](id: _ScaffoldSlot.body)
                                                                                                                                              ΓöéΓööMediaQuery(MediaQueryData(size: Size(800.0, 600.0), devicePixelRatio: 3.0, textScaler: no scaling, platformBrightness: Brightness.light, padding: EdgeInsets.zero, viewPadding: EdgeInsets.zero, viewInsets: EdgeInsets.zero, systemGestureInsets: EdgeInsets.zero, alwaysUse24HourFormat: false, accessibleNavigation: false, highContrast: false, onOffSwitchLabels: false, disableAnimations: false, invertColors: false, boldText: false, navigationMode: traditional, gestureSettings: DeviceGestureSettings(touchSlop: null), displayFeatures: [], supportsShowingSystemContextMenu: false))
                                                                                                                                              Γöé Γöö_BodyBuilder
                                                                                                                                              Γöé  ΓööKeyedSubtree-[GlobalKey#c843b]
                                                                                                                                              Γöé   ΓööFreeRFR(dependencies: [InheritedCupertinoTheme, MediaQuery, _InheritedProviderScope<FreeRFRContext?>, _InheritedTheme, _LocalizationsScope-[GlobalKey#2bc14]], state: _FreeRFRState#1631f)
                                                                                                                                              Γöé    ΓööPopScope<Object>(dependencies: [_ModalScopeStatus], state: _PopScopeState<Object>#3c744)
                                                                                                                                              Γöé     ΓööScaffold(dependencies: [Directionality, InheritedCupertinoTheme, MediaQuery, UnmanagedRestorationScope, _InheritedTheme, _LocalizationsScope-[GlobalKey#2bc14], _ScaffoldMessengerScope], state: ScaffoldState#62d9d(tickers: tracking 2 tickers))
                                                                                                                                              Γöé      Γöö_ScaffoldScope
                                                                                                                                              Γöé       ΓööScrollNotificationObserver(state: ScrollNotificationObserverState#7e49a)
                                                                                                                                              Γöé        ΓööNotificationListener<ScrollMetricsNotification>
                                                                                                                                              Γöé         ΓööNotificationListener<ScrollNotification>
                                                                                                                                              Γöé          Γöö_ScrollNotificationObserverScope
                                                                                                                                              Γöé           ΓööMaterial(type: canvas, color: Color(0xfffef7ff), dependencies: [InheritedCupertinoTheme, _InheritedTheme, _LocalizationsScope-[GlobalKey#2bc14]], state: _MaterialState#02234)
                                                                                                                                              Γöé            ΓööAnimatedPhysicalModel(duration: 200ms, shape: rectangle, borderRadius: null, elevation: 0.0, color: Color(0xfffef7ff), animateColor: false, shadowColor: Color(0xff000000), animateShadowColor: true, state: _AnimatedPhysicalModelState#0f12e(ticker inactive))
                                                                                                                                              Γöé             ΓööPhysicalModel(shape: rectangle, borderRadius: BorderRadius.zero, elevation: 0.0, color: Color(0xfffef7ff), shadowColor: Color(0xff000000), renderObject: RenderPhysicalModel#8fe50 relayoutBoundary=up1)
                                                                                                                                              Γöé              ΓööNotificationListener<LayoutChangedNotification>
                                                                                                                                              Γöé               Γöö_InkFeatures-[GlobalKey#2c32c ink renderer](renderObject: _RenderInkFeatures#10906 relayoutBoundary=up2)
                                                                                                                                              Γöé                ΓööAnimatedDefaultTextStyle(duration: 200ms, debugLabel: (englishLike bodyMedium 2021).merge((blackMountainView bodyMedium).apply), inherit: false, color: Color(0xff1d1b20), family: Roboto, size: 14.0, weight: 400, letterSpacing: 0.3, baseline: alphabetic, height: 1.4x, leadingDistribution: even, decoration: Color(0xff1d1b20) TextDecoration.none, softWrap: wrapping at box width, overflow: clip, state: _AnimatedDefaultTextStyleState#43f61(ticker inactive))
                                                                                                                                              Γöé                 ΓööDefaultTextStyle(debugLabel: (englishLike bodyMedium 2021).merge((blackMountainView bodyMedium).apply), inherit: false, color: Color(0xff1d1b20), family: Roboto, size: 14.0, weight: 400, letterSpacing: 0.3, baseline: alphabetic, height: 1.4x, leadingDistribution: even, decoration: Color(0xff1d1b20) TextDecoration.none, softWrap: wrapping at box width, overflow: clip)
                                                                                                                                              Γöé                  ΓööAnimatedBuilder(listenable: AnimationController#da5c2(ΓÅ¡ 1.000; paused), state: _AnimatedState#1fdab)
                                                                                                                                              Γöé                   ΓööActions(dispatcher: null, actions: {DismissIntent: _DismissDrawerAction#65de7}, state: _ActionsState#7432d)
                                                                                                                                              Γöé                    Γöö_ActionsScope
                                                                                                                                              Γöé                     ΓööCustomMultiChildLayout(renderObject: RenderCustomMultiChildLayoutBox#9a1b3 relayoutBoundary=up3)
                                                                                                                                              Γöé                      Γö£LayoutId-[<_ScaffoldSlot.body>](id: _ScaffoldSlot.body)
                                                                                                                                              Γöé                      ΓöéΓööMediaQuery(MediaQueryData(size: Size(800.0, 600.0), devicePixelRatio: 3.0, textScaler: no scaling, platformBrightness: Brightness.light, padding: EdgeInsets.zero, viewPadding: EdgeInsets.zero, viewInsets: EdgeInsets.zero, systemGestureInsets: EdgeInsets.zero, alwaysUse24HourFormat: false, accessibleNavigation: false, highContrast: false, onOffSwitchLabels: false, disableAnimations: false, invertColors: false, boldText: false, navigationMode: traditional, gestureSettings: DeviceGestureSettings(touchSlop: null), displayFeatures: [], supportsShowingSystemContextMenu: false))
                                                                                                                                              Γöé                      Γöé Γöö_BodyBuilder
                                                                                                                                              Γöé                      Γöé  ΓööKeyedSubtree-[GlobalKey#d6c0b]
                                                                                                                                              Γöé                      Γöé   ΓööFacePanel-[<'Facepanel'>](dependencies: [MediaQuery], state: _FacePanelState#ced4a)
                                                                                                                                              Γöé                      Γöé    ΓööScaffold(dependencies: [Directionality, InheritedCupertinoTheme, MediaQuery, UnmanagedRestorationScope, _InheritedTheme, _LocalizationsScope-[GlobalKey#2bc14], _ScaffoldMessengerScope], state: ScaffoldState#8df62(tickers: tracking 2 tickers))
                                                                                                                                              Γöé                      Γöé     Γöö_ScaffoldScope
                                                                                                                                              Γöé                      Γöé      ΓööScrollNotificationObserver(state: ScrollNotificationObserverState#6711f)
                                                                                                                                              Γöé                      Γöé       ΓööNotificationListener<ScrollMetricsNotification>
                                                                                                                                              Γöé                      Γöé        ΓööNotificationListener<ScrollNotification>
                                                                                                                                              Γöé                      Γöé         Γöö_ScrollNotificationObserverScope
                                                                                                                                              Γöé                      Γöé          ΓööMaterial(type: canvas, color: Color(0xfffef7ff), dependencies: [InheritedCupertinoTheme, _InheritedTheme, _LocalizationsScope-[GlobalKey#2bc14]], state: _MaterialState#329cd)
                                                                                                                                              Γöé                      Γöé           ΓööAnimatedPhysicalModel(duration: 200ms, shape: rectangle, borderRadius: null, elevation: 0.0, color: Color(0xfffef7ff), animateColor: false, shadowColor: Color(0xff000000), animateShadowColor: true, state: _AnimatedPhysicalModelState#8625b(ticker inactive))
                                                                                                                                              Γöé                      Γöé            ΓööPhysicalModel(shape: rectangle, borderRadius: BorderRadius.zero, elevation: 0.0, color: Color(0xfffef7ff), shadowColor: Color(0xff000000), renderObject: RenderPhysicalModel#d26b5 relayoutBoundary=up4)
                                                                                                                                              Γöé                      Γöé             ΓööNotificationListener<LayoutChangedNotification>
                                                                                                                                              Γöé                      Γöé              Γöö_InkFeatures-[GlobalKey#a7336 ink renderer](renderObject: _RenderInkFeatures#4bfb3 relayoutBoundary=up5)
                                                                                                                                              Γöé                      Γöé               ΓööAnimatedDefaultTextStyle(duration: 200ms, debugLabel: (englishLike bodyMedium 2021).merge((blackMountainView bodyMedium).apply), inherit: false, color: Color(0xff1d1b20), family: Roboto, size: 14.0, weight: 400, letterSpacing: 0.3, baseline: alphabetic, height: 1.4x, leadingDistribution: even, decoration: Color(0xff1d1b20) TextDecoration.none, softWrap: wrapping at box width, overflow: clip, state: _AnimatedDefaultTextStyleState#3fa5e(ticker inactive))
                                                                                                                                              Γöé                      Γöé                ΓööDefaultTextStyle(debugLabel: (englishLike bodyMedium 2021).merge((blackMountainView bodyMedium).apply), inherit: false, color: Color(0xff1d1b20), family: Roboto, size: 14.0, weight: 400, letterSpacing: 0.3, baseline: alphabetic, height: 1.4x, leadingDistribution: even, decoration: Color(0xff1d1b20) TextDecoration.none, softWrap: wrapping at box width, overflow: clip)
                                                                                                                                              Γöé                      Γöé                 ΓööAnimatedBuilder(listenable: AnimationController#b35fa(ΓÅ¡ 1.000; paused), state: _AnimatedState#1060e)
                                                                                                                                              Γöé                      Γöé                  ΓööActions(dispatcher: null, actions: {DismissIntent: _DismissDrawerAction#24b1d}, state: _ActionsState#86a2c)
                                                                                                                                              Γöé                      Γöé                   Γöö_ActionsScope
                                                                                                                                              Γöé                      Γöé                    ΓööCustomMultiChildLayout(renderObject: RenderCustomMultiChildLayoutBox#eb625 relayoutBoundary=up6)
                                                                                                                                              Γöé                      Γöé                     Γö£LayoutId-[<_ScaffoldSlot.body>](id: _ScaffoldSlot.body)
                                                                                                                                              Γöé                      Γöé                     ΓöéΓööMediaQuery(MediaQueryData(size: Size(800.0, 600.0), devicePixelRatio: 3.0, textScaler: no scaling, platformBrightness: Brightness.light, padding: EdgeInsets.zero, viewPadding: EdgeInsets.zero, viewInsets: EdgeInsets.zero, systemGestureInsets: EdgeInsets.zero, alwaysUse24HourFormat: false, accessibleNavigation: false, highContrast: false, onOffSwitchLabels: false, disableAnimations: false, invertColors: false, boldText: false, navigationMode: traditional, gestureSettings: DeviceGestureSettings(touchSlop: null), displayFeatures: [], supportsShowingSystemContextMenu: false))
                                                                                                                                              Γöé                      Γöé                     Γöé Γöö_BodyBuilder
                                                                                                                                              Γöé                      Γöé                     Γöé  ΓööKeyedSubtree-[GlobalKey#c124c]
                                                                                                                                              Γöé                      Γöé                     Γöé   ΓööKeypad(dependencies: [_InheritedProviderScope<FreeRFRContext?>])
                                                                                                                                              Γöé                      Γöé                     Γöé    ΓööGrid(dependencies: [MediaQuery])
                                                                                                                                              Γöé                      Γöé                     Γöé     ΓööGridView(scrollDirection: vertical, AlwaysScrollableScrollPhysics, dependencies: [InheritedCupertinoTheme, MediaQuery, PrimaryScrollController, ScrollConfiguration, _InheritedTheme, _LocalizationsScope-[GlobalKey#2bc14]])
                                                                                                                                              Γöé                      Γöé                     Γöé      ΓööPrimaryScrollController(no controller)
                                                                                                                                              Γöé                      Γöé                     Γöé       ΓööScrollable(axisDirection: down, physics: AlwaysScrollableScrollPhysics, restorationId: null, dependencies: [InheritedCupertinoTheme, MediaQuery, ScrollConfiguration, UnmanagedRestorationScope, _InheritedTheme, _LocalizationsScope-[GlobalKey#2bc14]], state: ScrollableState#1e839(position: ScrollPositionWithSingleContext#053a6(offset: 0.0, range: 0.0..22.0, viewport: 428.0, ScrollableState, AlwaysScrollableScrollPhysics -> ClampingScrollPhysics -> RangeMaintainingScrollPhysics, IdleScrollActivity#f34c0, ScrollDirection.idle), effective physics: AlwaysScrollableScrollPhysics -> ClampingScrollPhysics -> RangeMaintainingScrollPhysics))
                                                                                                                                              Γöé                      Γöé                     Γöé        ΓööStretchingOverscrollIndicator(axisDirection: down, dependencies: [MediaQuery], state: _StretchingOverscrollIndicatorState#adb8c(tickers: tracking 1 ticker))
                                                                                                                                              Γöé                      Γöé                     Γöé         ΓööNotificationListener<ScrollNotification>
                                                                                                                                              Γöé                      Γöé                     Γöé          ΓööAnimatedBuilder(listenable: _StretchController(), state: _AnimatedState#434a4)
                                                                                                                                              Γöé                      Γöé                     Γöé           ΓööClipRect(renderObject: RenderClipRect#dbf77 relayoutBoundary=up7)
                                                                                                                                              Γöé                      Γöé                     Γöé            ΓööTransform(dependencies: [Directionality], renderObject: RenderTransform#7cf11 relayoutBoundary=up8)
                                                                                                                                              Γöé                      Γöé                     Γöé             ΓööNotificationListener<ScrollMetricsNotification>
                                                                                                                                              Γöé                      Γöé                     Γöé              Γöö_ScrollSemantics-[GlobalKey#afbf2](renderObject: _RenderScrollSemantics#10cfa relayoutBoundary=up9)
                                                                                                                                              Γöé                      Γöé                     Γöé               Γöö_ScrollableScope
                                                                                                                                              Γöé                      Γöé                     Γöé                ΓööListener(listeners: [signal], behavior: deferToChild, renderObject: RenderPointerListener#d1de6 relayoutBoundary=up10)
                                                                                                                                              Γöé                      Γöé                     Γöé                 ΓööRawGestureDetector-[LabeledGlobalKey<RawGestureDetectorState>#64389](state: RawGestureDetectorState#fe292(gestures: [vertical drag], behavior: opaque))
                                                                                                                                              Γöé                      Γöé                     Γöé                  Γöö_GestureSemantics(renderObject: RenderSemanticsGestureHandler#0346a relayoutBoundary=up11)
                                                                                                                                              Γöé                      Γöé                     Γöé                   ΓööListener(listeners: [down, panZoomStart], behavior: opaque, renderObject: RenderPointerListener#be252 relayoutBoundary=up12)
                                                                                                                                              Γöé                      Γöé                     Γöé                    ΓööSemantics(container: false, properties: SemanticsProperties, renderObject: RenderSemanticsAnnotations#8aa9e relayoutBoundary=up13)
                                                                                                                                              Γöé                      Γöé                     Γöé                     ΓööIgnorePointer-[GlobalKey#43577](ignoring: false, renderObject: RenderIgnorePointer#1124a relayoutBoundary=up14)
                                                                                                                                              Γöé                      Γöé                     Γöé                      ΓööViewport(axisDirection: down, anchor: 0.0, offset: ScrollPositionWithSingleContext#053a6(offset: 0.0, range: 0.0..22.0, viewport: 428.0, ScrollableState, AlwaysScrollableScrollPhysics -> ClampingScrollPhysics -> RangeMaintainingScrollPhysics, IdleScrollActivity#f34c0, ScrollDirection.idle), cacheExtent: null, cacheExtentStyle: CacheExtentStyle.pixel, dependencies: [Directionality], renderObject: RenderViewport#9823a)
                                                                                                                                              Γöé                      Γöé                     Γöé                       ΓööSliverPadding(padding: EdgeInsets.zero, dependencies: [Directionality], renderObject: RenderSliverPadding#6ccfd relayoutBoundary=up1)
                                                                                                                                              Γöé                      Γöé                     Γöé                        ΓööMediaQuery(MediaQueryData(size: Size(800.0, 600.0), devicePixelRatio: 3.0, textScaler: no scaling, platformBrightness: Brightness.light, padding: EdgeInsets.zero, viewPadding: EdgeInsets.zero, viewInsets: EdgeInsets.zero, systemGestureInsets: EdgeInsets.zero, alwaysUse24HourFormat: false, accessibleNavigation: false, highContrast: false, onOffSwitchLabels: false, disableAnimations: false, invertColors: false, boldText: false, navigationMode: traditional, gestureSettings: DeviceGestureSettings(touchSlop: null), displayFeatures: [], supportsShowingSystemContextMenu: false))
                                                                                                                                              Γöé                      Γöé                     Γöé                         ΓööSliverGrid(delegate: SliverChildListDelegate#f854f(estimated child count: 24), renderObject: RenderSliverGrid#e8179 relayoutBoundary=up2)
                                                                                                                                              Γöé                      Γöé                     Γöé                          Γö£KeyedSubtree
                                                                                                                                              Γöé                      Γöé                     Γöé                          ΓöéΓööAutomaticKeepAlive(state: _AutomaticKeepAliveState#684a9(handles: no notifications ever received))
                                                                                                                                              Γöé                      Γöé                     Γöé                          Γöé ΓööKeepAlive(keepAlive: false)
                                                                                                                                              Γöé                      Γöé                     Γöé                          Γöé  ΓööNotificationListener<KeepAliveNotification>
                                                                                                                                              Γöé                      Γöé                     Γöé                          Γöé   Γöö_SelectionKeepAlive(state: _SelectionKeepAliveState#5a22f)
                                                                                                                                              Γöé                      Γöé                     Γöé                          Γöé    ΓööIndexedSemantics(index: 0, renderObject: RenderIndexedSemantics#5f96a)
                                                                                                                                              Γöé                      Γöé                     Γöé                          Γöé     ΓööRepaintBoundary(renderObject: RenderRepaintBoundary#360e8)
                                                                                                                                              Γöé                      Γöé                     Γöé                          Γöé      ΓööButton(dependencies: [MediaQuery])
                                                                                                                                              Γöé                      Γöé                     Γöé                          Γöé       ΓööPadding(padding: EdgeInsets.all(8.0), dependencies: [Directionality], renderObject: RenderPadding#b401a)
                                                                                                                                              Γöé                      Γöé                     Γöé                          Γöé        ΓööElevatedButton(style: ButtonStyle#938c4(textStyle: WidgetStatePropertyAll(null), backgroundColor: _ElevatedButtonDefaultColor#fd5d8, shape: WidgetStatePropertyAll(RoundedRectangleBorder(BorderSide(width: 0.0, style: none), BorderRadius.zero)), mouseCursor: _ElevatedButtonDefaultMouseCursor#47729), dependencies: [InheritedCupertinoTheme, MediaQuery, _InheritedTheme, _LocalizationsScope-[GlobalKey#2bc14]], state: _ButtonStyleState#59e71)
                                                                                                                                              Γöé                      Γöé                     Γöé                          Γöé         ΓööSemantics(container: true, properties: SemanticsProperties, renderObject: RenderSemanticsAnnotations#5dd25)
                                                                                                                                              Γöé                      Γöé                     Γöé                          Γöé          Γöö_InputPadding(renderObject: _RenderInputPadding#0a9ed)
                                                                                                                                              Γöé                      Γöé                     Γöé                          Γöé           ΓööConstrainedBox(BoxConstraints(64.0<=w<=Infinity, 40.0<=h<=Infinity), renderObject: RenderConstrainedBox#cb618)
                                                                                                                                              Γöé                      Γöé                     Γöé                          Γöé            ΓööMaterial(type: button, elevation: 1.0, color: MaterialColor(primary value: Color(0xff607d8b)), shadowColor: Color(0xff000000), surfaceTintColor: Color(0x00000000), textStyle.debugLabel: ((englishLike labelLarge 2021).merge((blackMountainView labelLarge).apply)).copyWith, textStyle.inherit: false, textStyle.color: Color(0xff6750a4), textStyle.family: Roboto, textStyle.size: 14.0, textStyle.weight: 500, textStyle.letterSpacing: 0.1, textStyle.baseline: alphabetic, textStyle.height: 1.4x, textStyle.leadingDistribution: even, textStyle.decoration: Color(0xff1d1b20) TextDecoration.none, shape: RoundedRectangleBorder(BorderSide(width: 0.0, style: none), BorderRadius.zero), dependencies: [InheritedCupertinoTheme, _InheritedTheme, _LocalizationsScope-[GlobalKey#2bc14]], state: _MaterialState#9f861)
                                                                                                                                              Γöé                      Γöé                     Γöé                          Γöé             Γöö_MaterialInterior(duration: 200ms, shape: RoundedRectangleBorder(BorderSide(width: 0.0, style: none), BorderRadius.zero), elevation: 1.0, color: MaterialColor(primary value: Color(0xff607d8b)), shadowColor: Color(0xff000000), dependencies: [Directionality, InheritedCupertinoTheme, _InheritedTheme, _LocalizationsScope-[GlobalKey#2bc14]], state: _MaterialInteriorState#31aac(ticker inactive))
                                                                                                                                              Γöé                      Γöé                     Γöé                          Γöé              ΓööPhysicalShape(clipper: ShapeBorderClipper, elevation: 1.0, color: MaterialColor(primary value: Color(0xff607d8b)), shadowColor: Color(0xff000000), renderObject: RenderPhysicalShape#56966)
                                                                                                                                              Γöé                      Γöé                     Γöé                          Γöé               Γöö_ShapeBorderPaint(dependencies: [Directionality])
                                                                                                                                              Γöé                      Γöé                     Γöé                          Γöé                ΓööCustomPaint(renderObject: RenderCustomPaint#1ba6c)
                                                                                                                                              Γöé                      Γöé                     Γöé                          Γöé                 ΓööNotificationListener<LayoutChangedNotification>
                                                                                                                                              Γöé                      Γöé                     Γöé                          Γöé                  Γöö_InkFeatures-[GlobalKey#381e3 ink renderer](renderObject: _RenderInkFeatures#0f18d)
                                                                                                                                              Γöé                      Γöé                     Γöé                          Γöé                   ΓööAnimatedDefaultTextStyle(duration: 200ms, debugLabel: ((englishLike labelLarge 2021).merge((blackMountainView labelLarge).apply)).copyWith, inherit: false, color: Color(0xff6750a4), family: Roboto, size: 14.0, weight: 500, letterSpacing: 0.1, baseline: alphabetic, height: 1.4x, leadingDistribution: even, decoration: Color(0xff1d1b20) TextDecoration.none, softWrap: wrapping at box width, overflow: clip, state: _AnimatedDefaultTextStyleState#5f70c(ticker inactive))
                                                                                                                                              Γöé                      Γöé                     Γöé                          Γöé                    ΓööDefaultTextStyle(debugLabel: ((englishLike labelLarge 2021).merge((blackMountainView labelLarge).apply)).copyWith, inherit: false, color: Color(0xff6750a4), family: Roboto, size: 14.0, weight: 500, letterSpacing: 0.1, baseline: alphabetic, height: 1.4x, leadingDistribution: even, decoration: Color(0xff1d1b20) TextDecoration.none, softWrap: wrapping at box width, overflow: clip)
                                                                                                                                              Γöé                      Γöé                     Γöé                          Γöé                     ΓööInkWell
                                                                                                                                              Γöé                      Γöé                     Γöé                          Γöé                      Γöö_InkResponseStateWidget(gestures: [tap], mouseCursor: ButtonStyleButton_MouseCursor, clipped to BoxShape.rectangle, dependencies: [MediaQuery], state: _InkResponseState#a3714)
                                                                                                                                              Γöé                      Γöé                     Γöé                          Γöé                       Γöö_ParentInkResponseProvider
                                                                                                                                              Γöé                      Γöé                     Γöé                          Γöé                        ΓööActions(dispatcher: null, actions: {ActivateIntent: CallbackAction<ActivateIntent>#4754b, ButtonActivateIntent: CallbackAction<ButtonActivateIntent>#f0b96}, state: _ActionsState#237e4)
                                                                                                                                              Γöé                      Γöé                     Γöé                          Γöé                         Γöö_ActionsScope
                                                                                                                                              Γöé                      Γöé                     Γöé                          Γöé                          ΓööFocus(dependencies: [_FocusInheritedScope], state: _FocusState#c4239)
                                                                                                                                              Γöé                      Γöé                     Γöé                          Γöé                           Γöö_FocusInheritedScope
                                                                                                                                              Γöé                      Γöé                     Γöé                          Γöé                            ΓööSemantics(container: false, properties: SemanticsProperties, renderObject: RenderSemanticsAnnotations#2d97a)
                                                                                                                                              Γöé                      Γöé                     Γöé                          Γöé                             ΓööMouseRegion(listeners: [enter, exit], cursor: SystemMouseCursor(click), renderObject: RenderMouseRegion#87c96)
                                                                                                                                              Γöé                      Γöé                     Γöé                          Γöé                              ΓööBuilder(dependencies: [DefaultSelectionStyle])
                                                                                                                                              Γöé                      Γöé                     Γöé                          Γöé                               ΓööDefaultSelectionStyle
                                                                                                                                              Γöé                      Γöé                     Γöé                          Γöé                                ΓööSemantics(container: false, properties: SemanticsProperties, renderObject: RenderSemanticsAnnotations#bb664)
                                                                                                                                              Γöé                      Γöé                     Γöé                          Γöé                                 ΓööGestureDetector(startBehavior: start, dependencies: [MediaQuery, ScrollConfiguration])
                                                                                                                                              Γöé                      Γöé                     Γöé                          Γöé                                  ΓööRawGestureDetector(state: RawGestureDetectorState#5bfba(gestures: [tap], excludeFromSemantics: true, behavior: opaque))
                                                                                                                                              Γöé                      Γöé                     Γöé                          Γöé                                   ΓööListener(listeners: [down, panZoomStart], behavior: opaque, renderObject: RenderPointerListener#3a0ce)
                                                                                                                                              Γöé                      Γöé                     Γöé                          Γöé                                    ΓööBuilder(dependencies: [IconTheme])
                                                                                                                                              Γöé                      Γöé                     Γöé                          Γöé                                     ΓööIconTheme(color: Color(0xff6750a4))
                                                                                                                                              Γöé                      Γöé                     Γöé                          Γöé                                      ΓööPadding(padding: EdgeInsets(24.0, 0.0, 24.0, 0.0), dependencies: [Directionality], renderObject: RenderPadding#7074d)
                                                                                                                                              Γöé                      Γöé                     Γöé                          Γöé                                       ΓööAlign(alignment: Alignment.center, widthFactor: 1.0, heightFactor: 1.0, dependencies: [Directionality], renderObject: RenderPositionedBox#7f228)
                                                                                                                                              Γöé                      Γöé                     Γöé                          Γöé                                        ΓööCenter(alignment: Alignment.center, dependencies: [Directionality], renderObject: RenderPositionedBox#7c50b relayoutBoundary=up1)
                                                                                                                                              Γöé                      Γöé                     Γöé                          Γöé                                         ΓööText("Go To Cue", inherit: true, color: Color(0xffffffff), size: 23.2, weight: 700, textAlign: center, dependencies: [DefaultSelectionStyle, DefaultTextStyle, MediaQuery])
                                                                                                                                              Γöé                      Γöé                     Γöé                          Γöé                                          ΓööRichText(textAlign: center, softWrap: wrapping at box width, maxLines: unlimited, text: "Go To Cue", dependencies: [Directionality, _LocalizationsScope-[GlobalKey#2bc14]], renderObject: RenderParagraph#e855e relayoutBoundary=up2)
                                                                                                                                              Γöé                      Γöé                     Γöé                          Γö£KeyedSubtree
                                                                                                                                              Γöé                      Γöé                     Γöé                          ΓöéΓööAutomaticKeepAlive(state: _AutomaticKeepAliveState#9dcbf(handles: no notifications ever received))
                                                                                                                                              Γöé                      Γöé                     Γöé                          Γöé ΓööKeepAlive(keepAlive: false)
                                                                                                                                              Γöé                      Γöé                     Γöé                          Γöé  ΓööNotificationListener<KeepAliveNotification>
                                                                                                                                              Γöé                      Γöé                     Γöé                          Γöé   Γöö_SelectionKeepAlive(state: _SelectionKeepAliveState#0007c)
                                                                                                                                              Γöé                      Γöé                     Γöé                          Γöé    ΓööIndexedSemantics(index: 1, renderObject: RenderIndexedSemantics#78870)
                                                                                                                                              Γöé                      Γöé                     Γöé                          Γöé     ΓööRepaintBoundary(renderObject: RenderRepaintBoundary#a0c20)
                                                                                                                                              Γöé                      Γöé                     Γöé                          Γöé      ΓööButton(dependencies: [MediaQuery])
                                                                                                                                              Γöé                      Γöé                     Γöé                          Γöé       ΓööPadding(padding: EdgeInsets.all(8.0), dependencies: [Directionality], renderObject: RenderPadding#9445c)
                                                                                                                                              Γöé                      Γöé                     Γöé                          Γöé        ΓööElevatedButton(style: ButtonStyle#f72e6(textStyle: WidgetStatePropertyAll(null), backgroundColor: _ElevatedButtonDefaultColor#406b3, shape: WidgetStatePropertyAll(RoundedRectangleBorder(BorderSide(width: 0.0, style: none), BorderRadius.zero)), mouseCursor: _ElevatedButtonDefaultMouseCursor#e229c), dependencies: [InheritedCupertinoTheme, MediaQuery, _InheritedTheme, _LocalizationsScope-[GlobalKey#2bc14]], state: _ButtonStyleState#70924)
                                                                                                                                              Γöé                      Γöé                     Γöé                          Γöé         ΓööSemantics(container: true, properties: SemanticsProperties, renderObject: RenderSemanticsAnnotations#0123c)
                                                                                                                                              Γöé                      Γöé                     Γöé                          Γöé          Γöö_InputPadding(renderObject: _RenderInputPadding#d311d)
                                                                                                                                              Γöé                      Γöé                     Γöé                          Γöé           ΓööConstrainedBox(BoxConstraints(64.0<=w<=Infinity, 40.0<=h<=Infinity), renderObject: RenderConstrainedBox#c4c1f)
                                                                                                                                              Γöé                      Γöé                     Γöé                          Γöé            ΓööMaterial(type: button, elevation: 1.0, color: MaterialColor(primary value: Color(0xff607d8b)), shadowColor: Color(0xff000000), surfaceTintColor: Color(0x00000000), textStyle.debugLabel: ((englishLike labelLarge 2021).merge((blackMountainView labelLarge).apply)).copyWith, textStyle.inherit: false, textStyle.color: Color(0xff6750a4), textStyle.family: Roboto, textStyle.size: 14.0, textStyle.weight: 500, textStyle.letterSpacing: 0.1, textStyle.baseline: alphabetic, textStyle.height: 1.4x, textStyle.leadingDistribution: even, textStyle.decoration: Color(0xff1d1b20) TextDecoration.none, shape: RoundedRectangleBorder(BorderSide(width: 0.0, style: none), BorderRadius.zero), dependencies: [InheritedCupertinoTheme, _InheritedTheme, _LocalizationsScope-[GlobalKey#2bc14]], state: _MaterialState#95b76)
                                                                                                                                              Γöé                      Γöé                     Γöé                          Γöé             Γöö_MaterialInterior(duration: 200ms, shape: RoundedRectangleBorder(BorderSide(width: 0.0, style: none), BorderRadius.zero), elevation: 1.0, color: MaterialColor(primary value: Color(0xff607d8b)), shadowColor: Color(0xff000000), dependencies: [Directionality, InheritedCupertinoTheme, _InheritedTheme, _LocalizationsScope-[GlobalKey#2bc14]], state: _MaterialInteriorState#af25f(ticker inactive))
                                                                                                                                              Γöé                      Γöé                     Γöé                          Γöé              ΓööPhysicalShape(clipper: ShapeBorderClipper, elevation: 1.0, color: MaterialColor(primary value: Color(0xff607d8b)), shadowColor: Color(0xff000000), renderObject: RenderPhysicalShape#454b6)
                                                                                                                                              Γöé                      Γöé                     Γöé                          Γöé               Γöö_ShapeBorderPaint(dependencies: [Directionality])
                                                                                                                                              Γöé                      Γöé                     Γöé                          Γöé                ΓööCustomPaint(renderObject: RenderCustomPaint#a593a)
                                                                                                                                              Γöé                      Γöé                     Γöé                          Γöé                 ΓööNotificationListener<LayoutChangedNotification>
                                                                                                                                              Γöé                      Γöé                     Γöé                          Γöé                  Γöö_InkFeatures-[GlobalKey#52135 ink renderer](renderObject: _RenderInkFeatures#17da5)
                                                                                                                                              Γöé                      Γöé                     Γöé                          Γöé                   ΓööAnimatedDefaultTextStyle(duration: 200ms, debugLabel: ((englishLike labelLarge 2021).merge((blackMountainView labelLarge).apply)).copyWith, inherit: false, color: Color(0xff6750a4), family: Roboto, size: 14.0, weight: 500, letterSpacing: 0.1, baseline: alphabetic, height: 1.4x, leadingDistribution: even, decoration: Color(0xff1d1b20) TextDecoration.none, softWrap: wrapping at box width, overflow: clip, state: _AnimatedDefaultTextStyleState#818ca(ticker inactive))
                                                                                                                                              Γöé                      Γöé                     Γöé                          Γöé                    ΓööDefaultTextStyle(debugLabel: ((englishLike labelLarge 2021).merge((blackMountainView labelLarge).apply)).copyWith, inherit: false, color: Color(0xff6750a4), family: Roboto, size: 14.0, weight: 500, letterSpacing: 0.1, baseline: alphabetic, height: 1.4x, leadingDistribution: even, decoration: Color(0xff1d1b20) TextDecoration.none, softWrap: wrapping at box width, overflow: clip)
                                                                                                                                              Γöé                      Γöé                     Γöé                          Γöé                     ΓööInkWell
                                                                                                                                              Γöé                      Γöé                     Γöé                          Γöé                      Γöö_InkResponseStateWidget(gestures: [tap], mouseCursor: ButtonStyleButton_MouseCursor, clipped to BoxShape.rectangle, dependencies: [MediaQuery], state: _InkResponseState#88373)
                                                                                                                                              Γöé                      Γöé                     Γöé                          Γöé                       Γöö_ParentInkResponseProvider
                                                                                                                                              Γöé                      Γöé                     Γöé                          Γöé                        ΓööActions(dispatcher: null, actions: {ActivateIntent: CallbackAction<ActivateIntent>#0e1ab, ButtonActivateIntent: CallbackAction<ButtonActivateIntent>#4b9a4}, state: _ActionsState#45188)
                                                                                                                                              Γöé                      Γöé                     Γöé                          Γöé                         Γöö_ActionsScope
                                                                                                                                              Γöé                      Γöé                     Γöé                          Γöé                          ΓööFocus(dependencies: [_FocusInheritedScope], state: _FocusState#a1d48)
                                                                                                                                              Γöé                      Γöé                     Γöé                          Γöé                           Γöö_FocusInheritedScope
                                                                                                                                              Γöé                      Γöé                     Γöé                          Γöé                            ΓööSemantics(container: false, properties: SemanticsProperties, renderObject: RenderSemanticsAnnotations#0a638)
                                                                                                                                              Γöé                      Γöé                     Γöé                          Γöé                             ΓööMouseRegion(listeners: [enter, exit], cursor: SystemMouseCursor(click), renderObject: RenderMouseRegion#cb37b)
                                                                                                                                              Γöé                      Γöé                     Γöé                          Γöé                              ΓööBuilder(dependencies: [DefaultSelectionStyle])
                                                                                                                                              Γöé                      Γöé                     Γöé                          Γöé                               ΓööDefaultSelectionStyle
                                                                                                                                              Γöé                      Γöé                     Γöé                          Γöé                                ΓööSemantics(container: false, properties: SemanticsProperties, renderObject: RenderSemanticsAnnotations#c5d9f)
                                                                                                                                              Γöé                      Γöé                     Γöé                          Γöé                                 ΓööGestureDetector(startBehavior: start, dependencies: [MediaQuery, ScrollConfiguration])
                                                                                                                                              Γöé                      Γöé                     Γöé                          Γöé                                  ΓööRawGestureDetector(state: RawGestureDetectorState#67709(gestures: [tap], excludeFromSemantics: true, behavior: opaque))
                                                                                                                                              Γöé                      Γöé                     Γöé                          Γöé                                   ΓööListener(listeners: [down, panZoomStart], behavior: opaque, renderObject: RenderPointerListener#4100d)
                                                                                                                                              Γöé                      Γöé                     Γöé                          Γöé                                    ΓööBuilder(dependencies: [IconTheme])
                                                                                                                                              Γöé                      Γöé                     Γöé                          Γöé                                     ΓööIconTheme(color: Color(0xff6750a4))
                                                                                                                                              Γöé                      Γöé                     Γöé                          Γöé                                      ΓööPadding(padding: EdgeInsets(24.0, 0.0, 24.0, 0.0), dependencies: [Directionality], renderObject: RenderPadding#e8f56)
                                                                                                                                              Γöé                      Γöé                     Γöé                          Γöé                                       ΓööAlign(alignment: Alignment.center, widthFactor: 1.0, heightFactor: 1.0, dependencies: [Directionality], renderObject: RenderPositionedBox#19305)
                                                                                                                                              Γöé                      Γöé                     Γöé                          Γöé                                        ΓööCenter(alignment: Alignment.center, dependencies: [Directionality], renderObject: RenderPositionedBox#47ca2 relayoutBoundary=up1)
                                                                                                                                              Γöé                      Γöé                     Γöé                          Γöé                                         ΓööText("Addr", inherit: true, color: Color(0xffffffff), size: 26.7, weight: 700, textAlign: center, dependencies: [DefaultSelectionStyle, DefaultTextStyle, MediaQuery])
                                                                                                                                              Γöé                      Γöé                     Γöé                          Γöé                                          ΓööRichText(textAlign: center, softWrap: wrapping at box width, maxLines: unlimited, text: "Addr", dependencies: [Directionality, _LocalizationsScope-[GlobalKey#2bc14]], renderObject: RenderParagraph#e0c00 relayoutBoundary=up2)
                                                                                                                                              Γöé                      Γöé                     Γöé                          Γö£KeyedSubtree
                                                                                                                                              Γöé                      Γöé                     Γöé                          ΓöéΓööAutomaticKeepAlive(state: _AutomaticKeepAliveState#4b4a0(handles: no notifications ever received))
                                                                                                                                              Γöé                      Γöé                     Γöé                          Γöé ΓööKeepAlive(keepAlive: false)
                                                                                                                                              Γöé                      Γöé                     Γöé                          Γöé  ΓööNotificationListener<KeepAliveNotification>
                                                                                                                                              Γöé                      Γöé                     Γöé                          Γöé   Γöö_SelectionKeepAlive(state: _SelectionKeepAliveState#d156b)
                                                                                                                                              Γöé                      Γöé                     Γöé                          Γöé    ΓööIndexedSemantics(index: 2, renderObject: RenderIndexedSemantics#bcb35)
                                                                                                                                              Γöé                      Γöé                     Γöé                          Γöé     ΓööRepaintBoundary(renderObject: RenderRepaintBoundary#b2d96)
                                                                                                                                              Γöé                      Γöé                     Γöé                          Γöé      ΓööButton(dependencies: [MediaQuery])
                                                                                                                                              Γöé                      Γöé                     Γöé                          Γöé       ΓööPadding(padding: EdgeInsets.all(8.0), dependencies: [Directionality], renderObject: RenderPadding#3c279)
                                                                                                                                              Γöé                      Γöé                     Γöé                          Γöé        ΓööElevatedButton(style: ButtonStyle#3d9da(textStyle: WidgetStatePropertyAll(null), backgroundColor: _ElevatedButtonDefaultColor#c39b9, shape: WidgetStatePropertyAll(RoundedRectangleBorder(BorderSide(width: 0.0, style: none), BorderRadius.zero)), mouseCursor: _ElevatedButtonDefaultMouseCursor#9f93b), dependencies: [InheritedCupertinoTheme, MediaQuery, _InheritedTheme, _LocalizationsScope-[GlobalKey#2bc14]], state: _ButtonStyleState#2d392)
                                                                                                                                              Γöé                      Γöé                     Γöé                          Γöé         ΓööSemantics(container: true, properties: SemanticsProperties, renderObject: RenderSemanticsAnnotations#a22b8)
                                                                                                                                              Γöé                      Γöé                     Γöé                          Γöé          Γöö_InputPadding(renderObject: _RenderInputPadding#456c8)
                                                                                                                                              Γöé                      Γöé                     Γöé                          Γöé           ΓööConstrainedBox(BoxConstraints(64.0<=w<=Infinity, 40.0<=h<=Infinity), renderObject: RenderConstrainedBox#5e606)
                                                                                                                                              Γöé                      Γöé                     Γöé                          Γöé            ΓööMaterial(type: button, elevation: 1.0, color: MaterialColor(primary value: Color(0xff607d8b)), shadowColor: Color(0xff000000), surfaceTintColor: Color(0x00000000), textStyle.debugLabel: ((englishLike labelLarge 2021).merge((blackMountainView labelLarge).apply)).copyWith, textStyle.inherit: false, textStyle.color: Color(0xff6750a4), textStyle.family: Roboto, textStyle.size: 14.0, textStyle.weight: 500, textStyle.letterSpacing: 0.1, textStyle.baseline: alphabetic, textStyle.height: 1.4x, textStyle.leadingDistribution: even, textStyle.decoration: Color(0xff1d1b20) TextDecoration.none, shape: RoundedRectangleBorder(BorderSide(width: 0.0, style: none), BorderRadius.zero), dependencies: [InheritedCupertinoTheme, _InheritedTheme, _LocalizationsScope-[GlobalKey#2bc14]], state: _MaterialState#b96f7)
                                                                                                                                              Γöé                      Γöé                     Γöé                          Γöé             Γöö_MaterialInterior(duration: 200ms, shape: RoundedRectangleBorder(BorderSide(width: 0.0, style: none), BorderRadius.zero), elevation: 1.0, color: MaterialColor(primary value: Color(0xff607d8b)), shadowColor: Color(0xff000000), dependencies: [Directionality, InheritedCupertinoTheme, _InheritedTheme, _LocalizationsScope-[GlobalKey#2bc14]], state: _MaterialInteriorState#290dc(ticker inactive))
                                                                                                                                              Γöé                      Γöé                     Γöé                          Γöé              ΓööPhysicalShape(clipper: ShapeBorderClipper, elevation: 1.0, color: MaterialColor(primary value: Color(0xff607d8b)), shadowColor: Color(0xff000000), renderObject: RenderPhysicalShape#14f51)
                                                                                                                                              Γöé                      Γöé                     Γöé                          Γöé               Γöö_ShapeBorderPaint(dependencies: [Directionality])
                                                                                                                                              Γöé                      Γöé                     Γöé                          Γöé                ΓööCustomPaint(renderObject: RenderCustomPaint#49e6a)
                                                                                                                                              Γöé                      Γöé                     Γöé                          Γöé                 ΓööNotificationListener<LayoutChangedNotification>
                                                                                                                                              Γöé                      Γöé                     Γöé                          Γöé                  Γöö_InkFeatures-[GlobalKey#c7a52 ink renderer](renderObject: _RenderInkFeatures#d98b0)
                                                                                                                                              Γöé                      Γöé                     Γöé                          Γöé                   ΓööAnimatedDefaultTextStyle(duration: 200ms, debugLabel: ((englishLike labelLarge 2021).merge((blackMountainView labelLarge).apply)).copyWith, inherit: false, color: Color(0xff6750a4), family: Roboto, size: 14.0, weight: 500, letterSpacing: 0.1, baseline: alphabetic, height: 1.4x, leadingDistribution: even, decoration: Color(0xff1d1b20) TextDecoration.none, softWrap: wrapping at box width, overflow: clip, state: _AnimatedDefaultTextStyleState#31976(ticker inactive))
                                                                                                                                              Γöé                      Γöé                     Γöé                          Γöé                    ΓööDefaultTextStyle(debugLabel: ((englishLike labelLarge 2021).merge((blackMountainView labelLarge).apply)).copyWith, inherit: false, color: Color(0xff6750a4), family: Roboto, size: 14.0, weight: 500, letterSpacing: 0.1, baseline: alphabetic, height: 1.4x, leadingDistribution: even, decoration: Color(0xff1d1b20) TextDecoration.none, softWrap: wrapping at box width, overflow: clip)
                                                                                                                                              Γöé                      Γöé                     Γöé                          Γöé                     ΓööInkWell
                                                                                                                                              Γöé                      Γöé                     Γöé                          Γöé                      Γöö_InkResponseStateWidget(gestures: [tap], mouseCursor: ButtonStyleButton_MouseCursor, clipped to BoxShape.rectangle, dependencies: [MediaQuery], state: _InkResponseState#194d3)
                                                                                                                                              Γöé                      Γöé                     Γöé                          Γöé                       Γöö_ParentInkResponseProvider
                                                                                                                                              Γöé                      Γöé                     Γöé                          Γöé                        ΓööActions(dispatcher: null, actions: {ActivateIntent: CallbackAction<ActivateIntent>#3e08a, ButtonActivateIntent: CallbackAction<ButtonActivateIntent>#8b95f}, state: _ActionsState#14281)
                                                                                                                                              Γöé                      Γöé                     Γöé                          Γöé                         Γöö_ActionsScope
                                                                                                                                              Γöé                      Γöé                     Γöé                          Γöé                          ΓööFocus(dependencies: [_FocusInheritedScope], state: _FocusState#8a1d7)
                                                                                                                                              Γöé                      Γöé                     Γöé                          Γöé                           Γöö_FocusInheritedScope
                                                                                                                                              Γöé                      Γöé                     Γöé                          Γöé                            ΓööSemantics(container: false, properties: SemanticsProperties, renderObject: RenderSemanticsAnnotations#09efb)
                                                                                                                                              Γöé                      Γöé                     Γöé                          Γöé                             ΓööMouseRegion(listeners: [enter, exit], cursor: SystemMouseCursor(click), renderObject: RenderMouseRegion#b8c43)
                                                                                                                                              Γöé                      Γöé                     Γöé                          Γöé                              ΓööBuilder(dependencies: [DefaultSelectionStyle])
                                                                                                                                              Γöé                      Γöé                     Γöé                          Γöé                               ΓööDefaultSelectionStyle
                                                                                                                                              Γöé                      Γöé                     Γöé                          Γöé                                ΓööSemantics(container: false, properties: SemanticsProperties, renderObject: RenderSemanticsAnnotations#ed043)
                                                                                                                                              Γöé                      Γöé                     Γöé                          Γöé                                 ΓööGestureDetector(startBehavior: start, dependencies: [MediaQuery, ScrollConfiguration])
                                                                                                                                              Γöé                      Γöé                     Γöé                          Γöé                                  ΓööRawGestureDetector(state: RawGestureDetectorState#e61c7(gestures: [tap], excludeFromSemantics: true, behavior: opaque))
                                                                                                                                              Γöé                      Γöé                     Γöé                          Γöé                                   ΓööListener(listeners: [down, panZoomStart], behavior: opaque, renderObject: RenderPointerListener#e50db)
                                                                                                                                              Γöé                      Γöé                     Γöé                          Γöé                                    ΓööBuilder(dependencies: [IconTheme])
                                                                                                                                              Γöé                      Γöé                     Γöé                          Γöé                                     ΓööIconTheme(color: Color(0xff6750a4))
                                                                                                                                              Γöé                      Γöé                     Γöé                          Γöé                                      ΓööPadding(padding: EdgeInsets(24.0, 0.0, 24.0, 0.0), dependencies: [Directionality], renderObject: RenderPadding#a6237)
                                                                                                                                              Γöé                      Γöé                     Γöé                          Γöé                                       ΓööAlign(alignment: Alignment.center, widthFactor: 1.0, heightFactor: 1.0, dependencies: [Directionality], renderObject: RenderPositionedBox#94872)
                                                                                                                                              Γöé                      Γöé                     Γöé                          Γöé                                        ΓööCenter(alignment: Alignment.center, dependencies: [Directionality], renderObject: RenderPositionedBox#de353 relayoutBoundary=up1)
                                                                                                                                              Γöé                      Γöé                     Γöé                          Γöé                                         ΓööText("Last", inherit: true, color: Color(0xffffffff), size: 26.7, weight: 700, textAlign: center, dependencies: [DefaultSelectionStyle, DefaultTextStyle, MediaQuery])
                                                                                                                                              Γöé                      Γöé                     Γöé                          Γöé                                          ΓööRichText(textAlign: center, softWrap: wrapping at box width, maxLines: unlimited, text: "Last", dependencies: [Directionality, _LocalizationsScope-[GlobalKey#2bc14]], renderObject: RenderParagraph#a1a9a relayoutBoundary=up2)
                                                                                                                                              Γöé                      Γöé                     Γöé                          Γö£KeyedSubtree
                                                                                                                                              Γöé                      Γöé                     Γöé                          ΓöéΓööAutomaticKeepAlive(state: _AutomaticKeepAliveState#e075b(handles: no notifications ever received))
                                                                                                                                              Γöé                      Γöé                     Γöé                          Γöé ΓööKeepAlive(keepAlive: false)
                                                                                                                                              Γöé                      Γöé                     Γöé                          Γöé  ΓööNotificationListener<KeepAliveNotification>
                                                                                                                                              Γöé                      Γöé                     Γöé                          Γöé   Γöö_SelectionKeepAlive(state: _SelectionKeepAliveState#725e2)
                                                                                                                                              Γöé                      Γöé                     Γöé                          Γöé    ΓööIndexedSemantics(index: 3, renderObject: RenderIndexedSemantics#3c44f)
                                                                                                                                              Γöé                      Γöé                     Γöé                          Γöé     ΓööRepaintBoundary(renderObject: RenderRepaintBoundary#0c8d3)
                                                                                                                                              Γöé                      Γöé                     Γöé                          Γöé      ΓööButton(dependencies: [MediaQuery])
                                                                                                                                              Γöé                      Γöé                     Γöé                          Γöé       ΓööPadding(padding: EdgeInsets.all(8.0), dependencies: [Directionality], renderObject: RenderPadding#071ab)
                                                                                                                                              Γöé                      Γöé                     Γöé                          Γöé        ΓööElevatedButton(style: ButtonStyle#46989(textStyle: WidgetStatePropertyAll(null), backgroundColor: _ElevatedButtonDefaultColor#ff115, shape: WidgetStatePropertyAll(RoundedRectangleBorder(BorderSide(width: 0.0, style: none), BorderRadius.zero)), mouseCursor: _ElevatedButtonDefaultMouseCursor#9cebf), dependencies: [InheritedCupertinoTheme, MediaQuery, _InheritedTheme, _LocalizationsScope-[GlobalKey#2bc14]], state: _ButtonStyleState#48a72)
                                                                                                                                              Γöé                      Γöé                     Γöé                          Γöé         ΓööSemantics(container: true, properties: SemanticsProperties, renderObject: RenderSemanticsAnnotations#f2054)
                                                                                                                                              Γöé                      Γöé                     Γöé                          Γöé          Γöö_InputPadding(renderObject: _RenderInputPadding#53379)
                                                                                                                                              Γöé                      Γöé                     Γöé                          Γöé           ΓööConstrainedBox(BoxConstraints(64.0<=w<=Infinity, 40.0<=h<=Infinity), renderObject: RenderConstrainedBox#8ffc3)
                                                                                                                                              Γöé                      Γöé                     Γöé                          Γöé            ΓööMaterial(type: button, elevation: 1.0, color: MaterialColor(primary value: Color(0xff607d8b)), shadowColor: Color(0xff000000), surfaceTintColor: Color(0x00000000), textStyle.debugLabel: ((englishLike labelLarge 2021).merge((blackMountainView labelLarge).apply)).copyWith, textStyle.inherit: false, textStyle.color: Color(0xff6750a4), textStyle.family: Roboto, textStyle.size: 14.0, textStyle.weight: 500, textStyle.letterSpacing: 0.1, textStyle.baseline: alphabetic, textStyle.height: 1.4x, textStyle.leadingDistribution: even, textStyle.decoration: Color(0xff1d1b20) TextDecoration.none, shape: RoundedRectangleBorder(BorderSide(width: 0.0, style: none), BorderRadius.zero), dependencies: [InheritedCupertinoTheme, _InheritedTheme, _LocalizationsScope-[GlobalKey#2bc14]], state: _MaterialState#70bd1)
                                                                                                                                              Γöé                      Γöé                     Γöé                          Γöé             Γöö_MaterialInterior(duration: 200ms, shape: RoundedRectangleBorder(BorderSide(width: 0.0, style: none), BorderRadius.zero), elevation: 1.0, color: MaterialColor(primary value: Color(0xff607d8b)), shadowColor: Color(0xff000000), dependencies: [Directionality, InheritedCupertinoTheme, _InheritedTheme, _LocalizationsScope-[GlobalKey#2bc14]], state: _MaterialInteriorState#5875d(ticker inactive))
                                                                                                                                              Γöé                      Γöé                     Γöé                          Γöé              ΓööPhysicalShape(clipper: ShapeBorderClipper, elevation: 1.0, color: MaterialColor(primary value: Color(0xff607d8b)), shadowColor: Color(0xff000000), renderObject: RenderPhysicalShape#35a95)
                                                                                                                                              Γöé                      Γöé                     Γöé                          Γöé               Γöö_ShapeBorderPaint(dependencies: [Directionality])
                                                                                                                                              Γöé                      Γöé                     Γöé                          Γöé                ΓööCustomPaint(renderObject: RenderCustomPaint#a3ab4)
                                                                                                                                              Γöé                      Γöé                     Γöé                          Γöé                 ΓööNotificationListener<LayoutChangedNotification>
                                                                                                                                              Γöé                      Γöé                     Γöé                          Γöé                  Γöö_InkFeatures-[GlobalKey#f4930 ink renderer](renderObject: _RenderInkFeatures#cc4f1)
                                                                                                                                              Γöé                      Γöé                     Γöé                          Γöé                   ΓööAnimatedDefaultTextStyle(duration: 200ms, debugLabel: ((englishLike labelLarge 2021).merge((blackMountainView labelLarge).apply)).copyWith, inherit: false, color: Color(0xff6750a4), family: Roboto, size: 14.0, weight: 500, letterSpacing: 0.1, baseline: alphabetic, height: 1.4x, leadingDistribution: even, decoration: Color(0xff1d1b20) TextDecoration.none, softWrap: wrapping at box width, overflow: clip, state: _AnimatedDefaultTextStyleState#9482b(ticker inactive))
                                                                                                                                              Γöé                      Γöé                     Γöé                          Γöé                    ΓööDefaultTextStyle(debugLabel: ((englishLike labelLarge 2021).merge((blackMountainView labelLarge).apply)).copyWith, inherit: false, color: Color(0xff6750a4), family: Roboto, size: 14.0, weight: 500, letterSpacing: 0.1, baseline: alphabetic, height: 1.4x, leadingDistribution: even, decoration: Color(0xff1d1b20) TextDecoration.none, softWrap: wrapping at box width, overflow: clip)
                                                                                                                                              Γöé                      Γöé                     Γöé                          Γöé                     ΓööInkWell
                                                                                                                                              Γöé                      Γöé                     Γöé                          Γöé                      Γöö_InkResponseStateWidget(gestures: [tap], mouseCursor: ButtonStyleButton_MouseCursor, clipped to BoxShape.rectangle, dependencies: [MediaQuery], state: _InkResponseState#d3542)
                                                                                                                                              Γöé                      Γöé                     Γöé                          Γöé                       Γöö_ParentInkResponseProvider
                                                                                                                                              Γöé                      Γöé                     Γöé                          Γöé                        ΓööActions(dispatcher: null, actions: {ActivateIntent: CallbackAction<ActivateIntent>#e7464, ButtonActivateIntent: CallbackAction<ButtonActivateIntent>#5c6b4}, state: _ActionsState#4f593)
                                                                                                                                              Γöé                      Γöé                     Γöé                          Γöé                         Γöö_ActionsScope
                                                                                                                                              Γöé                      Γöé                     Γöé                          Γöé                          ΓööFocus(dependencies: [_FocusInheritedScope], state: _FocusState#9db3c)
                                                                                                                                              Γöé                      Γöé                     Γöé                          Γöé                           Γöö_FocusInheritedScope
                                                                                                                                              Γöé                      Γöé                     Γöé                          Γöé                            ΓööSemantics(container: false, properties: SemanticsProperties, renderObject: RenderSemanticsAnnotations#6068e)
                                                                                                                                              Γöé                      Γöé                     Γöé                          Γöé                             ΓööMouseRegion(listeners: [enter, exit], cursor: SystemMouseCursor(click), renderObject: RenderMouseRegion#932a4)
                                                                                                                                              Γöé                      Γöé                     Γöé                          Γöé                              ΓööBuilder(dependencies: [DefaultSelectionStyle])
                                                                                                                                              Γöé                      Γöé                     Γöé                          Γöé                               ΓööDefaultSelectionStyle
                                                                                                                                              Γöé                      Γöé                     Γöé                          Γöé                                ΓööSemantics(container: false, properties: SemanticsProperties, renderObject: RenderSemanticsAnnotations#ddab2)
                                                                                                                                              Γöé                      Γöé                     Γöé                          Γöé                                 ΓööGestureDetector(startBehavior: start, dependencies: [MediaQuery, ScrollConfiguration])
                                                                                                                                              Γöé                      Γöé                     Γöé                          Γöé                                  ΓööRawGestureDetector(state: RawGestureDetectorState#288bc(gestures: [tap], excludeFromSemantics: true, behavior: opaque))
                                                                                                                                              Γöé                      Γöé                     Γöé                          Γöé                                   ΓööListener(listeners: [down, panZoomStart], behavior: opaque, renderObject: RenderPointerListener#7a0d4)
                                                                                                                                              Γöé                      Γöé                     Γöé                          Γöé                                    ΓööBuilder(dependencies: [IconTheme])
                                                                                                                                              Γöé                      Γöé                     Γöé                          Γöé                                     ΓööIconTheme(color: Color(0xff6750a4))
                                                                                                                                              Γöé                      Γöé                     Γöé                          Γöé                                      ΓööPadding(padding: EdgeInsets(24.0, 0.0, 24.0, 0.0), dependencies: [Directionality], renderObject: RenderPadding#6df8c)
                                                                                                                                              Γöé                      Γöé                     Γöé                          Γöé                                       ΓööAlign(alignment: Alignment.center, widthFactor: 1.0, heightFactor: 1.0, dependencies: [Directionality], renderObject: RenderPositionedBox#3784f)
                                                                                                                                              Γöé                      Γöé                     Γöé                          Γöé                                        ΓööCenter(alignment: Alignment.center, dependencies: [Directionality], renderObject: RenderPositionedBox#bb528 relayoutBoundary=up1)
                                                                                                                                              Γöé                      Γöé                     Γöé                          Γöé                                         ΓööText("Next", inherit: true, color: Color(0xffffffff), size: 26.7, weight: 700, textAlign: center, dependencies: [DefaultSelectionStyle, DefaultTextStyle, MediaQuery])
                                                                                                                                              Γöé                      Γöé                     Γöé                          Γöé                                          ΓööRichText(textAlign: center, softWrap: wrapping at box width, maxLines: unlimited, text: "Next", dependencies: [Directionality, _LocalizationsScope-[GlobalKey#2bc14]], renderObject: RenderParagraph#ad769 relayoutBoundary=up2)
                                                                                                                                              Γöé                      Γöé                     Γöé                          Γö£KeyedSubtree
                                                                                                                                              Γöé                      Γöé                     Γöé                          ΓöéΓööAutomaticKeepAlive(state: _AutomaticKeepAliveState#f0d40(handles: no notifications ever received))
                                                                                                                                              Γöé                      Γöé                     Γöé                          Γöé ΓööKeepAlive(keepAlive: false)
                                                                                                                                              Γöé                      Γöé                     Γöé                          Γöé  ΓööNotificationListener<KeepAliveNotification>
                                                                                                                                              Γöé                      Γöé                     Γöé                          Γöé   Γöö_SelectionKeepAlive(state: _SelectionKeepAliveState#8195d)
                                                                                                                                              Γöé                      Γöé                     Γöé                          Γöé    ΓööIndexedSemantics(index: 4, renderObject: RenderIndexedSemantics#ccbcd)
                                                                                                                                              Γöé                      Γöé                     Γöé                          Γöé     ΓööRepaintBoundary(renderObject: RenderRepaintBoundary#0bfb3)
                                                                                                                                              Γöé                      Γöé                     Γöé                          Γöé      ΓööButton(dependencies: [MediaQuery])
                                                                                                                                              Γöé                      Γöé                     Γöé                          Γöé       ΓööPadding(padding: EdgeInsets.all(8.0), dependencies: [Directionality], renderObject: RenderPadding#0cd27)
                                                                                                                                              Γöé                      Γöé                     Γöé                          Γöé        ΓööElevatedButton(style: ButtonStyle#11ecd(textStyle: WidgetStatePropertyAll(null), backgroundColor: _ElevatedButtonDefaultColor#88038, shape: WidgetStatePropertyAll(RoundedRectangleBorder(BorderSide(width: 0.0, style: none), BorderRadius.zero)), mouseCursor: _ElevatedButtonDefaultMouseCursor#f8071), dependencies: [InheritedCupertinoTheme, MediaQuery, _InheritedTheme, _LocalizationsScope-[GlobalKey#2bc14]], state: _ButtonStyleState#99767)
                                                                                                                                              Γöé                      Γöé                     Γöé                          Γöé         ΓööSemantics(container: true, properties: SemanticsProperties, renderObject: RenderSemanticsAnnotations#4c8f7)
                                                                                                                                              Γöé                      Γöé                     Γöé                          Γöé          Γöö_InputPadding(renderObject: _RenderInputPadding#8827c)
                                                                                                                                              Γöé                      Γöé                     Γöé                          Γöé           ΓööConstrainedBox(BoxConstraints(64.0<=w<=Infinity, 40.0<=h<=Infinity), renderObject: RenderConstrainedBox#47e42)
                                                                                                                                              Γöé                      Γöé                     Γöé                          Γöé            ΓööMaterial(type: button, elevation: 1.0, color: MaterialColor(primary value: Color(0xff607d8b)), shadowColor: Color(0xff000000), surfaceTintColor: Color(0x00000000), textStyle.debugLabel: ((englishLike labelLarge 2021).merge((blackMountainView labelLarge).apply)).copyWith, textStyle.inherit: false, textStyle.color: Color(0xff6750a4), textStyle.family: Roboto, textStyle.size: 14.0, textStyle.weight: 500, textStyle.letterSpacing: 0.1, textStyle.baseline: alphabetic, textStyle.height: 1.4x, textStyle.leadingDistribution: even, textStyle.decoration: Color(0xff1d1b20) TextDecoration.none, shape: RoundedRectangleBorder(BorderSide(width: 0.0, style: none), BorderRadius.zero), dependencies: [InheritedCupertinoTheme, _InheritedTheme, _LocalizationsScope-[GlobalKey#2bc14]], state: _MaterialState#e6ada)
                                                                                                                                              Γöé                      Γöé                     Γöé                          Γöé             Γöö_MaterialInterior(duration: 200ms, shape: RoundedRectangleBorder(BorderSide(width: 0.0, style: none), BorderRadius.zero), elevation: 1.0, color: MaterialColor(primary value: Color(0xff607d8b)), shadowColor: Color(0xff000000), dependencies: [Directionality, InheritedCupertinoTheme, _InheritedTheme, _LocalizationsScope-[GlobalKey#2bc14]], state: _MaterialInteriorState#a6d0a(ticker inactive))
                                                                                                                                              Γöé                      Γöé                     Γöé                          Γöé              ΓööPhysicalShape(clipper: ShapeBorderClipper, elevation: 1.0, color: MaterialColor(primary value: Color(0xff607d8b)), shadowColor: Color(0xff000000), renderObject: RenderPhysicalShape#e7f72)
                                                                                                                                              Γöé                      Γöé                     Γöé                          Γöé               Γöö_ShapeBorderPaint(dependencies: [Directionality])
                                                                                                                                              Γöé                      Γöé                     Γöé                          Γöé                ΓööCustomPaint(renderObject: RenderCustomPaint#1acc5)
                                                                                                                                              Γöé                      Γöé                     Γöé                          Γöé                 ΓööNotificationListener<LayoutChangedNotification>
                                                                                                                                              Γöé                      Γöé                     Γöé                          Γöé                  Γöö_InkFeatures-[GlobalKey#72e60 ink renderer](renderObject: _RenderInkFeatures#baa9c)
                                                                                                                                              Γöé                      Γöé                     Γöé                          Γöé                   ΓööAnimatedDefaultTextStyle(duration: 200ms, debugLabel: ((englishLike labelLarge 2021).merge((blackMountainView labelLarge).apply)).copyWith, inherit: false, color: Color(0xff6750a4), family: Roboto, size: 14.0, weight: 500, letterSpacing: 0.1, baseline: alphabetic, height: 1.4x, leadingDistribution: even, decoration: Color(0xff1d1b20) TextDecoration.none, softWrap: wrapping at box width, overflow: clip, state: _AnimatedDefaultTextStyleState#37a8c(ticker inactive))
                                                                                                                                              Γöé                      Γöé                     Γöé                          Γöé                    ΓööDefaultTextStyle(debugLabel: ((englishLike labelLarge 2021).merge((blackMountainView labelLarge).apply)).copyWith, inherit: false, color: Color(0xff6750a4), family: Roboto, size: 14.0, weight: 500, letterSpacing: 0.1, baseline: alphabetic, height: 1.4x, leadingDistribution: even, decoration: Color(0xff1d1b20) TextDecoration.none, softWrap: wrapping at box width, overflow: clip)
                                                                                                                                              Γöé                      Γöé                     Γöé                          Γöé                     ΓööInkWell
                                                                                                                                              Γöé                      Γöé                     Γöé                          Γöé                      Γöö_InkResponseStateWidget(gestures: [tap], mouseCursor: ButtonStyleButton_MouseCursor, clipped to BoxShape.rectangle, dependencies: [MediaQuery], state: _InkResponseState#7bb1f)
                                                                                                                                              Γöé                      Γöé                     Γöé                          Γöé                       Γöö_ParentInkResponseProvider
                                                                                                                                              Γöé                      Γöé                     Γöé                          Γöé                        ΓööActions(dispatcher: null, actions: {ActivateIntent: CallbackAction<ActivateIntent>#afb7d, ButtonActivateIntent: CallbackAction<ButtonActivateIntent>#f5826}, state: _ActionsState#a20f5)
                                                                                                                                              Γöé                      Γöé                     Γöé                          Γöé                         Γöö_ActionsScope
                                                                                                                                              Γöé                      Γöé                     Γöé                          Γöé                          ΓööFocus(dependencies: [_FocusInheritedScope], state: _FocusState#da47e)
                                                                                                                                              Γöé                      Γöé                     Γöé                          Γöé                           Γöö_FocusInheritedScope
                                                                                                                                              Γöé                      Γöé                     Γöé                          Γöé                            ΓööSemantics(container: false, properties: SemanticsProperties, renderObject: RenderSemanticsAnnotations#aad22)
                                                                                                                                              Γöé                      Γöé                     Γöé                          Γöé                             ΓööMouseRegion(listeners: [enter, exit], cursor: SystemMouseCursor(click), renderObject: RenderMouseRegion#62b65)
                                                                                                                                              Γöé                      Γöé                     Γöé                          Γöé                              ΓööBuilder(dependencies: [DefaultSelectionStyle])
                                                                                                                                              Γöé                      Γöé                     Γöé                          Γöé                               ΓööDefaultSelectionStyle
                                                                                                                                              Γöé                      Γöé                     Γöé                          Γöé                                ΓööSemantics(container: false, properties: SemanticsProperties, renderObject: RenderSemanticsAnnotations#fffdf)
                                                                                                                                              Γöé                      Γöé                     Γöé                          Γöé                                 ΓööGestureDetector(startBehavior: start, dependencies: [MediaQuery, ScrollConfiguration])
                                                                                                                                              Γöé                      Γöé                     Γöé                          Γöé                                  ΓööRawGestureDetector(state: RawGestureDetectorState#aee63(gestures: [tap], excludeFromSemantics: true, behavior: opaque))
                                                                                                                                              Γöé                      Γöé                     Γöé                          Γöé                                   ΓööListener(listeners: [down, panZoomStart], behavior: opaque, renderObject: RenderPointerListener#198ce)
                                                                                                                                              Γöé                      Γöé                     Γöé                          Γöé                                    ΓööBuilder(dependencies: [IconTheme])
                                                                                                                                              Γöé                      Γöé                     Γöé                          Γöé                                     ΓööIconTheme(color: Color(0xff6750a4))
                                                                                                                                              Γöé                      Γöé                     Γöé                          Γöé                                      ΓööPadding(padding: EdgeInsets(24.0, 0.0, 24.0, 0.0), dependencies: [Directionality], renderObject: RenderPadding#72edf)
                                                                                                                                              Γöé                      Γöé                     Γöé                          Γöé                                       ΓööAlign(alignment: Alignment.center, widthFactor: 1.0, heightFactor: 1.0, dependencies: [Directionality], renderObject: RenderPositionedBox#51f68)
                                                                                                                                              Γöé                      Γöé                     Γöé                          Γöé                                        ΓööCenter(alignment: Alignment.center, dependencies: [Directionality], renderObject: RenderPositionedBox#e84a4 relayoutBoundary=up1)
                                                                                                                                              Γöé                      Γöé                     Γöé                          Γöé                                         ΓööText("+", inherit: true, color: Color(0xffffffff), size: 40.0, weight: 700, textAlign: center, dependencies: [DefaultSelectionStyle, DefaultTextStyle, MediaQuery])
                                                                                                                                              Γöé                      Γöé                     Γöé                          Γöé                                          ΓööRichText(textAlign: center, softWrap: wrapping at box width, maxLines: unlimited, text: "+", dependencies: [Directionality, _LocalizationsScope-[GlobalKey#2bc14]], renderObject: RenderParagraph#9247f relayoutBoundary=up2)
                                                                                                                                              Γöé                      Γöé                     Γöé                          Γö£KeyedSubtree
                                                                                                                                              Γöé                      Γöé                     Γöé                          ΓöéΓööAutomaticKeepAlive(state: _AutomaticKeepAliveState#4f28e(handles: no notifications ever received))
                                                                                                                                              Γöé                      Γöé                     Γöé                          Γöé ΓööKeepAlive(keepAlive: false)
                                                                                                                                              Γöé                      Γöé                     Γöé                          Γöé  ΓööNotificationListener<KeepAliveNotification>
                                                                                                                                              Γöé                      Γöé                     Γöé                          Γöé   Γöö_SelectionKeepAlive(state: _SelectionKeepAliveState#d3bac)
                                                                                                                                              Γöé                      Γöé                     Γöé                          Γöé    ΓööIndexedSemantics(index: 5, renderObject: RenderIndexedSemantics#d0124)
                                                                                                                                              Γöé                      Γöé                     Γöé                          Γöé     ΓööRepaintBoundary(renderObject: RenderRepaintBoundary#f41e6)
                                                                                                                                              Γöé                      Γöé                     Γöé                          Γöé      ΓööButton(dependencies: [MediaQuery])
                                                                                                                                              Γöé                      Γöé                     Γöé                          Γöé       ΓööPadding(padding: EdgeInsets.all(8.0), dependencies: [Directionality], renderObject: RenderPadding#cb91a)
                                                                                                                                              Γöé                      Γöé                     Γöé                          Γöé        ΓööElevatedButton(style: ButtonStyle#ff660(textStyle: WidgetStatePropertyAll(null), backgroundColor: _ElevatedButtonDefaultColor#df143, shape: WidgetStatePropertyAll(RoundedRectangleBorder(BorderSide(width: 0.0, style: none), BorderRadius.zero)), mouseCursor: _ElevatedButtonDefaultMouseCursor#84c03), dependencies: [InheritedCupertinoTheme, MediaQuery, _InheritedTheme, _LocalizationsScope-[GlobalKey#2bc14]], state: _ButtonStyleState#c2422)
                                                                                                                                              Γöé                      Γöé                     Γöé                          Γöé         ΓööSemantics(container: true, properties: SemanticsProperties, renderObject: RenderSemanticsAnnotations#8fa3f)
                                                                                                                                              Γöé                      Γöé                     Γöé                          Γöé          Γöö_InputPadding(renderObject: _RenderInputPadding#4dca5)
                                                                                                                                              Γöé                      Γöé                     Γöé                          Γöé           ΓööConstrainedBox(BoxConstraints(64.0<=w<=Infinity, 40.0<=h<=Infinity), renderObject: RenderConstrainedBox#32c5e)
                                                                                                                                              Γöé                      Γöé                     Γöé                          Γöé            ΓööMaterial(type: button, elevation: 1.0, color: MaterialColor(primary value: Color(0xff607d8b)), shadowColor: Color(0xff000000), surfaceTintColor: Color(0x00000000), textStyle.debugLabel: ((englishLike labelLarge 2021).merge((blackMountainView labelLarge).apply)).copyWith, textStyle.inherit: false, textStyle.color: Color(0xff6750a4), textStyle.family: Roboto, textStyle.size: 14.0, textStyle.weight: 500, textStyle.letterSpacing: 0.1, textStyle.baseline: alphabetic, textStyle.height: 1.4x, textStyle.leadingDistribution: even, textStyle.decoration: Color(0xff1d1b20) TextDecoration.none, shape: RoundedRectangleBorder(BorderSide(width: 0.0, style: none), BorderRadius.zero), dependencies: [InheritedCupertinoTheme, _InheritedTheme, _LocalizationsScope-[GlobalKey#2bc14]], state: _MaterialState#2b6a4)
                                                                                                                                              Γöé                      Γöé                     Γöé                          Γöé             Γöö_MaterialInterior(duration: 200ms, shape: RoundedRectangleBorder(BorderSide(width: 0.0, style: none), BorderRadius.zero), elevation: 1.0, color: MaterialColor(primary value: Color(0xff607d8b)), shadowColor: Color(0xff000000), dependencies: [Directionality, InheritedCupertinoTheme, _InheritedTheme, _LocalizationsScope-[GlobalKey#2bc14]], state: _MaterialInteriorState#f290d(ticker inactive))
                                                                                                                                              Γöé                      Γöé                     Γöé                          Γöé              ΓööPhysicalShape(clipper: ShapeBorderClipper, elevation: 1.0, color: MaterialColor(primary value: Color(0xff607d8b)), shadowColor: Color(0xff000000), renderObject: RenderPhysicalShape#de329)
                                                                                                                                              Γöé                      Γöé                     Γöé                          Γöé               Γöö_ShapeBorderPaint(dependencies: [Directionality])
                                                                                                                                              Γöé                      Γöé                     Γöé                          Γöé                ΓööCustomPaint(renderObject: RenderCustomPaint#daece)
                                                                                                                                              Γöé                      Γöé                     Γöé                          Γöé                 ΓööNotificationListener<LayoutChangedNotification>
                                                                                                                                              Γöé                      Γöé                     Γöé                          Γöé                  Γöö_InkFeatures-[GlobalKey#bd3d0 ink renderer](renderObject: _RenderInkFeatures#a7d6e)
                                                                                                                                              Γöé                      Γöé                     Γöé                          Γöé                   ΓööAnimatedDefaultTextStyle(duration: 200ms, debugLabel: ((englishLike labelLarge 2021).merge((blackMountainView labelLarge).apply)).copyWith, inherit: false, color: Color(0xff6750a4), family: Roboto, size: 14.0, weight: 500, letterSpacing: 0.1, baseline: alphabetic, height: 1.4x, leadingDistribution: even, decoration: Color(0xff1d1b20) TextDecoration.none, softWrap: wrapping at box width, overflow: clip, state: _AnimatedDefaultTextStyleState#585ca(ticker inactive))
                                                                                                                                              Γöé                      Γöé                     Γöé                          Γöé                    ΓööDefaultTextStyle(debugLabel: ((englishLike labelLarge 2021).merge((blackMountainView labelLarge).apply)).copyWith, inherit: false, color: Color(0xff6750a4), family: Roboto, size: 14.0, weight: 500, letterSpacing: 0.1, baseline: alphabetic, height: 1.4x, leadingDistribution: even, decoration: Color(0xff1d1b20) TextDecoration.none, softWrap: wrapping at box width, overflow: clip)
                                                                                                                                              Γöé                      Γöé                     Γöé                          Γöé                     ΓööInkWell
                                                                                                                                              Γöé                      Γöé                     Γöé                          Γöé                      Γöö_InkResponseStateWidget(gestures: [tap], mouseCursor: ButtonStyleButton_MouseCursor, clipped to BoxShape.rectangle, dependencies: [MediaQuery], state: _InkResponseState#77e31)
                                                                                                                                              Γöé                      Γöé                     Γöé                          Γöé                       Γöö_ParentInkResponseProvider
                                                                                                                                              Γöé                      Γöé                     Γöé                          Γöé                        ΓööActions(dispatcher: null, actions: {ActivateIntent: CallbackAction<ActivateIntent>#b943c, ButtonActivateIntent: CallbackAction<ButtonActivateIntent>#326a1}, state: _ActionsState#8ddcd)
                                                                                                                                              Γöé                      Γöé                     Γöé                          Γöé                         Γöö_ActionsScope
                                                                                                                                              Γöé                      Γöé                     Γöé                          Γöé                          ΓööFocus(dependencies: [_FocusInheritedScope], state: _FocusState#9faf1)
                                                                                                                                              Γöé                      Γöé                     Γöé                          Γöé                           Γöö_FocusInheritedScope
                                                                                                                                              Γöé                      Γöé                     Γöé                          Γöé                            ΓööSemantics(container: false, properties: SemanticsProperties, renderObject: RenderSemanticsAnnotations#10bd9)
                                                                                                                                              Γöé                      Γöé                     Γöé                          Γöé                             ΓööMouseRegion(listeners: [enter, exit], cursor: SystemMouseCursor(click), renderObject: RenderMouseRegion#d4047)
                                                                                                                                              Γöé                      Γöé                     Γöé                          Γöé                              ΓööBuilder(dependencies: [DefaultSelectionStyle])
                                                                                                                                              Γöé                      Γöé                     Γöé                          Γöé                               ΓööDefaultSelectionStyle
                                                                                                                                              Γöé                      Γöé                     Γöé                          Γöé                                ΓööSemantics(container: false, properties: SemanticsProperties, renderObject: RenderSemanticsAnnotations#bcdcb)
                                                                                                                                              Γöé                      Γöé                     Γöé                          Γöé                                 ΓööGestureDetector(startBehavior: start, dependencies: [MediaQuery, ScrollConfiguration])
                                                                                                                                              Γöé                      Γöé                     Γöé                          Γöé                                  ΓööRawGestureDetector(state: RawGestureDetectorState#9f473(gestures: [tap], excludeFromSemantics: true, behavior: opaque))
                                                                                                                                              Γöé                      Γöé                     Γöé                          Γöé                                   ΓööListener(listeners: [down, panZoomStart], behavior: opaque, renderObject: RenderPointerListener#849ac)
                                                                                                                                              Γöé                      Γöé                     Γöé                          Γöé                                    ΓööBuilder(dependencies: [IconTheme])
                                                                                                                                              Γöé                      Γöé                     Γöé                          Γöé                                     ΓööIconTheme(color: Color(0xff6750a4))
                                                                                                                                              Γöé                      Γöé                     Γöé                          Γöé                                      ΓööPadding(padding: EdgeInsets(24.0, 0.0, 24.0, 0.0), dependencies: [Directionality], renderObject: RenderPadding#e40f0)
                                                                                                                                              Γöé                      Γöé                     Γöé                          Γöé                                       ΓööAlign(alignment: Alignment.center, widthFactor: 1.0, heightFactor: 1.0, dependencies: [Directionality], renderObject: RenderPositionedBox#b22e6)
                                                                                                                                              Γöé                      Γöé                     Γöé                          Γöé                                        ΓööCenter(alignment: Alignment.center, dependencies: [Directionality], renderObject: RenderPositionedBox#85556 relayoutBoundary=up1)
                                                                                                                                              Γöé                      Γöé                     Γöé                          Γöé                                         ΓööText("Thru", inherit: true, color: Color(0xffffffff), size: 26.7, weight: 700, textAlign: center, dependencies: [DefaultSelectionStyle, DefaultTextStyle, MediaQuery])
                                                                                                                                              Γöé                      Γöé                     Γöé                          Γöé                                          ΓööRichText(textAlign: center, softWrap: wrapping at box width, maxLines: unlimited, text: "Thru", dependencies: [Directionality, _LocalizationsScope-[GlobalKey#2bc14]], renderObject: RenderParagraph#7ab7f relayoutBoundary=up2)
                                                                                                                                              Γöé                      Γöé                     Γöé                          Γö£KeyedSubtree
                                                                                                                                              Γöé                      Γöé                     Γöé                          ΓöéΓööAutomaticKeepAlive(state: _AutomaticKeepAliveState#8a784(handles: no notifications ever received))
                                                                                                                                              Γöé                      Γöé                     Γöé                          Γöé ΓööKeepAlive(keepAlive: false)
                                                                                                                                              Γöé                      Γöé                     Γöé                          Γöé  ΓööNotificationListener<KeepAliveNotification>
                                                                                                                                              Γöé                      Γöé                     Γöé                          Γöé   Γöö_SelectionKeepAlive(state: _SelectionKeepAliveState#21d06)
                                                                                                                                              Γöé                      Γöé                     Γöé                          Γöé    ΓööIndexedSemantics(index: 6, renderObject: RenderIndexedSemantics#6aea7)
                                                                                                                                              Γöé                      Γöé                     Γöé                          Γöé     ΓööRepaintBoundary(renderObject: RenderRepaintBoundary#d7494)
                                                                                                                                              Γöé                      Γöé                     Γöé                          Γöé      ΓööButton(dependencies: [MediaQuery])
                                                                                                                                              Γöé                      Γöé                     Γöé                          Γöé       ΓööPadding(padding: EdgeInsets.all(8.0), dependencies: [Directionality], renderObject: RenderPadding#1bf46)
                                                                                                                                              Γöé                      Γöé                     Γöé                          Γöé        ΓööElevatedButton(style: ButtonStyle#eb386(textStyle: WidgetStatePropertyAll(null), backgroundColor: _ElevatedButtonDefaultColor#cba57, shape: WidgetStatePropertyAll(RoundedRectangleBorder(BorderSide(width: 0.0, style: none), BorderRadius.zero)), mouseCursor: _ElevatedButtonDefaultMouseCursor#de44d), dependencies: [InheritedCupertinoTheme, MediaQuery, _InheritedTheme, _LocalizationsScope-[GlobalKey#2bc14]], state: _ButtonStyleState#c381a)
                                                                                                                                              Γöé                      Γöé                     Γöé                          Γöé         ΓööSemantics(container: true, properties: SemanticsProperties, renderObject: RenderSemanticsAnnotations#22c65)
                                                                                                                                              Γöé                      Γöé                     Γöé                          Γöé          Γöö_InputPadding(renderObject: _RenderInputPadding#b3806)
                                                                                                                                              Γöé                      Γöé                     Γöé                          Γöé           ΓööConstrainedBox(BoxConstraints(64.0<=w<=Infinity, 40.0<=h<=Infinity), renderObject: RenderConstrainedBox#b8d9b)
                                                                                                                                              Γöé                      Γöé                     Γöé                          Γöé            ΓööMaterial(type: button, elevation: 1.0, color: MaterialColor(primary value: Color(0xff607d8b)), shadowColor: Color(0xff000000), surfaceTintColor: Color(0x00000000), textStyle.debugLabel: ((englishLike labelLarge 2021).merge((blackMountainView labelLarge).apply)).copyWith, textStyle.inherit: false, textStyle.color: Color(0xff6750a4), textStyle.family: Roboto, textStyle.size: 14.0, textStyle.weight: 500, textStyle.letterSpacing: 0.1, textStyle.baseline: alphabetic, textStyle.height: 1.4x, textStyle.leadingDistribution: even, textStyle.decoration: Color(0xff1d1b20) TextDecoration.none, shape: RoundedRectangleBorder(BorderSide(width: 0.0, style: none), BorderRadius.zero), dependencies: [InheritedCupertinoTheme, _InheritedTheme, _LocalizationsScope-[GlobalKey#2bc14]], state: _MaterialState#6c9ef)
                                                                                                                                              Γöé                      Γöé                     Γöé                          Γöé             Γöö_MaterialInterior(duration: 200ms, shape: RoundedRectangleBorder(BorderSide(width: 0.0, style: none), BorderRadius.zero), elevation: 1.0, color: MaterialColor(primary value: Color(0xff607d8b)), shadowColor: Color(0xff000000), dependencies: [Directionality, InheritedCupertinoTheme, _InheritedTheme, _LocalizationsScope-[GlobalKey#2bc14]], state: _MaterialInteriorState#dbeb6(ticker inactive))
                                                                                                                                              Γöé                      Γöé                     Γöé                          Γöé              ΓööPhysicalShape(clipper: ShapeBorderClipper, elevation: 1.0, color: MaterialColor(primary value: Color(0xff607d8b)), shadowColor: Color(0xff000000), renderObject: RenderPhysicalShape#4816b)
                                                                                                                                              Γöé                      Γöé                     Γöé                          Γöé               Γöö_ShapeBorderPaint(dependencies: [Directionality])
                                                                                                                                              Γöé                      Γöé                     Γöé                          Γöé                ΓööCustomPaint(renderObject: RenderCustomPaint#5e7c1)
                                                                                                                                              Γöé                      Γöé                     Γöé                          Γöé                 ΓööNotificationListener<LayoutChangedNotification>
                                                                                                                                              Γöé                      Γöé                     Γöé                          Γöé                  Γöö_InkFeatures-[GlobalKey#80bc8 ink renderer](renderObject: _RenderInkFeatures#a8a3b)
                                                                                                                                              Γöé                      Γöé                     Γöé                          Γöé                   ΓööAnimatedDefaultTextStyle(duration: 200ms, debugLabel: ((englishLike labelLarge 2021).merge((blackMountainView labelLarge).apply)).copyWith, inherit: false, color: Color(0xff6750a4), family: Roboto, size: 14.0, weight: 500, letterSpacing: 0.1, baseline: alphabetic, height: 1.4x, leadingDistribution: even, decoration: Color(0xff1d1b20) TextDecoration.none, softWrap: wrapping at box width, overflow: clip, state: _AnimatedDefaultTextStyleState#78565(ticker inactive))
                                                                                                                                              Γöé                      Γöé                     Γöé                          Γöé                    ΓööDefaultTextStyle(debugLabel: ((englishLike labelLarge 2021).merge((blackMountainView labelLarge).apply)).copyWith, inherit: false, color: Color(0xff6750a4), family: Roboto, size: 14.0, weight: 500, letterSpacing: 0.1, baseline: alphabetic, height: 1.4x, leadingDistribution: even, decoration: Color(0xff1d1b20) TextDecoration.none, softWrap: wrapping at box width, overflow: clip)
                                                                                                                                              Γöé                      Γöé                     Γöé                          Γöé                     ΓööInkWell
                                                                                                                                              Γöé                      Γöé                     Γöé                          Γöé                      Γöö_InkResponseStateWidget(gestures: [tap], mouseCursor: ButtonStyleButton_MouseCursor, clipped to BoxShape.rectangle, dependencies: [MediaQuery], state: _InkResponseState#47d39)
                                                                                                                                              Γöé                      Γöé                     Γöé                          Γöé                       Γöö_ParentInkResponseProvider
                                                                                                                                              Γöé                      Γöé                     Γöé                          Γöé                        ΓööActions(dispatcher: null, actions: {ActivateIntent: CallbackAction<ActivateIntent>#4c377, ButtonActivateIntent: CallbackAction<ButtonActivateIntent>#ec34a}, state: _ActionsState#f7865)
                                                                                                                                              Γöé                      Γöé                     Γöé                          Γöé                         Γöö_ActionsScope
                                                                                                                                              Γöé                      Γöé                     Γöé                          Γöé                          ΓööFocus(dependencies: [_FocusInheritedScope], state: _FocusState#817b6)
                                                                                                                                              Γöé                      Γöé                     Γöé                          Γöé                           Γöö_FocusInheritedScope
                                                                                                                                              Γöé                      Γöé                     Γöé                          Γöé                            ΓööSemantics(container: false, properties: SemanticsProperties, renderObject: RenderSemanticsAnnotations#b6273)
                                                                                                                                              Γöé                      Γöé                     Γöé                          Γöé                             ΓööMouseRegion(listeners: [enter, exit], cursor: SystemMouseCursor(click), renderObject: RenderMouseRegion#b39a8)
                                                                                                                                              Γöé                      Γöé                     Γöé                          Γöé                              ΓööBuilder(dependencies: [DefaultSelectionStyle])
                                                                                                                                              Γöé                      Γöé                     Γöé                          Γöé                               ΓööDefaultSelectionStyle
                                                                                                                                              Γöé                      Γöé                     Γöé                          Γöé                                ΓööSemantics(container: false, properties: SemanticsProperties, renderObject: RenderSemanticsAnnotations#d4b07)
                                                                                                                                              Γöé                      Γöé                     Γöé                          Γöé                                 ΓööGestureDetector(startBehavior: start, dependencies: [MediaQuery, ScrollConfiguration])
                                                                                                                                              Γöé                      Γöé                     Γöé                          Γöé                                  ΓööRawGestureDetector(state: RawGestureDetectorState#195df(gestures: [tap], excludeFromSemantics: true, behavior: opaque))
                                                                                                                                              Γöé                      Γöé                     Γöé                          Γöé                                   ΓööListener(listeners: [down, panZoomStart], behavior: opaque, renderObject: RenderPointerListener#7f568)
                                                                                                                                              Γöé                      Γöé                     Γöé                          Γöé                                    ΓööBuilder(dependencies: [IconTheme])
                                                                                                                                              Γöé                      Γöé                     Γöé                          Γöé                                     ΓööIconTheme(color: Color(0xff6750a4))
                                                                                                                                              Γöé                      Γöé                     Γöé                          Γöé                                      ΓööPadding(padding: EdgeInsets(24.0, 0.0, 24.0, 0.0), dependencies: [Directionality], renderObject: RenderPadding#7ffff)
                                                                                                                                              Γöé                      Γöé                     Γöé                          Γöé                                       ΓööAlign(alignment: Alignment.center, widthFactor: 1.0, heightFactor: 1.0, dependencies: [Directionality], renderObject: RenderPositionedBox#ffd94)
                                                                                                                                              Γöé                      Γöé                     Γöé                          Γöé                                        ΓööCenter(alignment: Alignment.center, dependencies: [Directionality], renderObject: RenderPositionedBox#30d77 relayoutBoundary=up1)
                                                                                                                                              Γöé                      Γöé                     Γöé                          Γöé                                         ΓööText("-", inherit: true, color: Color(0xffffffff), size: 40.0, weight: 700, textAlign: center, dependencies: [DefaultSelectionStyle, DefaultTextStyle, MediaQuery])
                                                                                                                                              Γöé                      Γöé                     Γöé                          Γöé                                          ΓööRichText(textAlign: center, softWrap: wrapping at box width, maxLines: unlimited, text: "-", dependencies: [Directionality, _LocalizationsScope-[GlobalKey#2bc14]], renderObject: RenderParagraph#6dc3d relayoutBoundary=up2)
                                                                                                                                              Γöé                      Γöé                     Γöé                          Γö£KeyedSubtree
                                                                                                                                              Γöé                      Γöé                     Γöé                          ΓöéΓööAutomaticKeepAlive(state: _AutomaticKeepAliveState#852af(handles: no notifications ever received))
                                                                                                                                              Γöé                      Γöé                     Γöé                          Γöé ΓööKeepAlive(keepAlive: false)
                                                                                                                                              Γöé                      Γöé                     Γöé                          Γöé  ΓööNotificationListener<KeepAliveNotification>
                                                                                                                                              Γöé                      Γöé                     Γöé                          Γöé   Γöö_SelectionKeepAlive(state: _SelectionKeepAliveState#45ea2)
                                                                                                                                              Γöé                      Γöé                     Γöé                          Γöé    ΓööIndexedSemantics(index: 7, renderObject: RenderIndexedSemantics#40778)
                                                                                                                                              Γöé                      Γöé                     Γöé                          Γöé     ΓööRepaintBoundary(renderObject: RenderRepaintBoundary#f3f3e)
                                                                                                                                              Γöé                      Γöé                     Γöé                          Γöé      ΓööButton(dependencies: [MediaQuery])
                                                                                                                                              Γöé                      Γöé                     Γöé                          Γöé       ΓööPadding(padding: EdgeInsets.all(8.0), dependencies: [Directionality], renderObject: RenderPadding#7b67b)
                                                                                                                                              Γöé                      Γöé                     Γöé                          Γöé        ΓööElevatedButton(style: ButtonStyle#3d72b(textStyle: WidgetStatePropertyAll(null), backgroundColor: _ElevatedButtonDefaultColor#35020, shape: WidgetStatePropertyAll(RoundedRectangleBorder(BorderSide(width: 0.0, style: none), BorderRadius.zero)), mouseCursor: _ElevatedButtonDefaultMouseCursor#f1155), dependencies: [InheritedCupertinoTheme, MediaQuery, _InheritedTheme, _LocalizationsScope-[GlobalKey#2bc14]], state: _ButtonStyleState#48343)
                                                                                                                                              Γöé                      Γöé                     Γöé                          Γöé         ΓööSemantics(container: true, properties: SemanticsProperties, renderObject: RenderSemanticsAnnotations#d168f)
                                                                                                                                              Γöé                      Γöé                     Γöé                          Γöé          Γöö_InputPadding(renderObject: _RenderInputPadding#8ccf3)
                                                                                                                                              Γöé                      Γöé                     Γöé                          Γöé           ΓööConstrainedBox(BoxConstraints(64.0<=w<=Infinity, 40.0<=h<=Infinity), renderObject: RenderConstrainedBox#df4d7)
                                                                                                                                              Γöé                      Γöé                     Γöé                          Γöé            ΓööMaterial(type: button, elevation: 1.0, color: MaterialColor(primary value: Color(0xff607d8b)), shadowColor: Color(0xff000000), surfaceTintColor: Color(0x00000000), textStyle.debugLabel: ((englishLike labelLarge 2021).merge((blackMountainView labelLarge).apply)).copyWith, textStyle.inherit: false, textStyle.color: Color(0xff6750a4), textStyle.family: Roboto, textStyle.size: 14.0, textStyle.weight: 500, textStyle.letterSpacing: 0.1, textStyle.baseline: alphabetic, textStyle.height: 1.4x, textStyle.leadingDistribution: even, textStyle.decoration: Color(0xff1d1b20) TextDecoration.none, shape: RoundedRectangleBorder(BorderSide(width: 0.0, style: none), BorderRadius.zero), dependencies: [InheritedCupertinoTheme, _InheritedTheme, _LocalizationsScope-[GlobalKey#2bc14]], state: _MaterialState#a84fe)
                                                                                                                                              Γöé                      Γöé                     Γöé                          Γöé             Γöö_MaterialInterior(duration: 200ms, shape: RoundedRectangleBorder(BorderSide(width: 0.0, style: none), BorderRadius.zero), elevation: 1.0, color: MaterialColor(primary value: Color(0xff607d8b)), shadowColor: Color(0xff000000), dependencies: [Directionality, InheritedCupertinoTheme, _InheritedTheme, _LocalizationsScope-[GlobalKey#2bc14]], state: _MaterialInteriorState#7b12b(ticker inactive))
                                                                                                                                              Γöé                      Γöé                     Γöé                          Γöé              ΓööPhysicalShape(clipper: ShapeBorderClipper, elevation: 1.0, color: MaterialColor(primary value: Color(0xff607d8b)), shadowColor: Color(0xff000000), renderObject: RenderPhysicalShape#c7fb9)
                                                                                                                                              Γöé                      Γöé                     Γöé                          Γöé               Γöö_ShapeBorderPaint(dependencies: [Directionality])
                                                                                                                                              Γöé                      Γöé                     Γöé                          Γöé                ΓööCustomPaint(renderObject: RenderCustomPaint#17121)
                                                                                                                                              Γöé                      Γöé                     Γöé                          Γöé                 ΓööNotificationListener<LayoutChangedNotification>
                                                                                                                                              Γöé                      Γöé                     Γöé                          Γöé                  Γöö_InkFeatures-[GlobalKey#7caff ink renderer](renderObject: _RenderInkFeatures#d6b16)
                                                                                                                                              Γöé                      Γöé                     Γöé                          Γöé                   ΓööAnimatedDefaultTextStyle(duration: 200ms, debugLabel: ((englishLike labelLarge 2021).merge((blackMountainView labelLarge).apply)).copyWith, inherit: false, color: Color(0xff6750a4), family: Roboto, size: 14.0, weight: 500, letterSpacing: 0.1, baseline: alphabetic, height: 1.4x, leadingDistribution: even, decoration: Color(0xff1d1b20) TextDecoration.none, softWrap: wrapping at box width, overflow: clip, state: _AnimatedDefaultTextStyleState#315c5(ticker inactive))
                                                                                                                                              Γöé                      Γöé                     Γöé                          Γöé                    ΓööDefaultTextStyle(debugLabel: ((englishLike labelLarge 2021).merge((blackMountainView labelLarge).apply)).copyWith, inherit: false, color: Color(0xff6750a4), family: Roboto, size: 14.0, weight: 500, letterSpacing: 0.1, baseline: alphabetic, height: 1.4x, leadingDistribution: even, decoration: Color(0xff1d1b20) TextDecoration.none, softWrap: wrapping at box width, overflow: clip)
                                                                                                                                              Γöé                      Γöé                     Γöé                          Γöé                     ΓööInkWell
                                                                                                                                              Γöé                      Γöé                     Γöé                          Γöé                      Γöö_InkResponseStateWidget(gestures: [tap], mouseCursor: ButtonStyleButton_MouseCursor, clipped to BoxShape.rectangle, dependencies: [MediaQuery], state: _InkResponseState#7c271)
                                                                                                                                              Γöé                      Γöé                     Γöé                          Γöé                       Γöö_ParentInkResponseProvider
                                                                                                                                              Γöé                      Γöé                     Γöé                          Γöé                        ΓööActions(dispatcher: null, actions: {ActivateIntent: CallbackAction<ActivateIntent>#49b5f, ButtonActivateIntent: CallbackAction<ButtonActivateIntent>#5a856}, state: _ActionsState#1bace)
                                                                                                                                              Γöé                      Γöé                     Γöé                          Γöé                         Γöö_ActionsScope
                                                                                                                                              Γöé                      Γöé                     Γöé                          Γöé                          ΓööFocus(dependencies: [_FocusInheritedScope], state: _FocusState#a84db)
                                                                                                                                              Γöé                      Γöé                     Γöé                          Γöé                           Γöö_FocusInheritedScope
                                                                                                                                              Γöé                      Γöé                     Γöé                          Γöé                            ΓööSemantics(container: false, properties: SemanticsProperties, renderObject: RenderSemanticsAnnotations#58da7)
                                                                                                                                              Γöé                      Γöé                     Γöé                          Γöé                             ΓööMouseRegion(listeners: [enter, exit], cursor: SystemMouseCursor(click), renderObject: RenderMouseRegion#e43d2)
                                                                                                                                              Γöé                      Γöé                     Γöé                          Γöé                              ΓööBuilder(dependencies: [DefaultSelectionStyle])
                                                                                                                                              Γöé                      Γöé                     Γöé                          Γöé                               ΓööDefaultSelectionStyle
                                                                                                                                              Γöé                      Γöé                     Γöé                          Γöé                                ΓööSemantics(container: false, properties: SemanticsProperties, renderObject: RenderSemanticsAnnotations#c129b)
                                                                                                                                              Γöé                      Γöé                     Γöé                          Γöé                                 ΓööGestureDetector(startBehavior: start, dependencies: [MediaQuery, ScrollConfiguration])
                                                                                                                                              Γöé                      Γöé                     Γöé                          Γöé                                  ΓööRawGestureDetector(state: RawGestureDetectorState#e439f(gestures: [tap], excludeFromSemantics: true, behavior: opaque))
                                                                                                                                              Γöé                      Γöé                     Γöé                          Γöé                                   ΓööListener(listeners: [down, panZoomStart], behavior: opaque, renderObject: RenderPointerListener#a0f3a)
                                                                                                                                              Γöé                      Γöé                     Γöé                          Γöé                                    ΓööBuilder(dependencies: [IconTheme])
                                                                                                                                              Γöé                      Γöé                     Γöé                          Γöé                                     ΓööIconTheme(color: Color(0xff6750a4))
                                                                                                                                              Γöé                      Γöé                     Γöé                          Γöé                                      ΓööPadding(padding: EdgeInsets(24.0, 0.0, 24.0, 0.0), dependencies: [Directionality], renderObject: RenderPadding#b47bd)
                                                                                                                                              Γöé                      Γöé                     Γöé                          Γöé                                       ΓööAlign(alignment: Alignment.center, widthFactor: 1.0, heightFactor: 1.0, dependencies: [Directionality], renderObject: RenderPositionedBox#a17a0)
                                                                                                                                              Γöé                      Γöé                     Γöé                          Γöé                                        ΓööCenter(alignment: Alignment.center, dependencies: [Directionality], renderObject: RenderPositionedBox#c6b54 relayoutBoundary=up1)
                                                                                                                                              Γöé                      Γöé                     Γöé                          Γöé                                         ΓööText("Group", inherit: true, color: Color(0xffffffff), size: 26.7, weight: 700, textAlign: center, dependencies: [DefaultSelectionStyle, DefaultTextStyle, MediaQuery])
                                                                                                                                              Γöé                      Γöé                     Γöé                          Γöé                                          ΓööRichText(textAlign: center, softWrap: wrapping at box width, maxLines: unlimited, text: "Group", dependencies: [Directionality, _LocalizationsScope-[GlobalKey#2bc14]], renderObject: RenderParagraph#45811 relayoutBoundary=up2)
                                                                                                                                              Γöé                      Γöé                     Γöé                          Γö£KeyedSubtree
                                                                                                                                              Γöé                      Γöé                     Γöé                          ΓöéΓööAutomaticKeepAlive(state: _AutomaticKeepAliveState#02743(handles: no notifications ever received))
                                                                                                                                              Γöé                      Γöé                     Γöé                          Γöé ΓööKeepAlive(keepAlive: false)
                                                                                                                                              Γöé                      Γöé                     Γöé                          Γöé  ΓööNotificationListener<KeepAliveNotification>
                                                                                                                                              Γöé                      Γöé                     Γöé                          Γöé   Γöö_SelectionKeepAlive(state: _SelectionKeepAliveState#7581f)
                                                                                                                                              Γöé                      Γöé                     Γöé                          Γöé    ΓööIndexedSemantics(index: 8, renderObject: RenderIndexedSemantics#3e481)
                                                                                                                                              Γöé                      Γöé                     Γöé                          Γöé     ΓööRepaintBoundary(renderObject: RenderRepaintBoundary#5a60f)
                                                                                                                                              Γöé                      Γöé                     Γöé                          Γöé      ΓööButton(dependencies: [MediaQuery])
                                                                                                                                              Γöé                      Γöé                     Γöé                          Γöé       ΓööPadding(padding: EdgeInsets.all(8.0), dependencies: [Directionality], renderObject: RenderPadding#18630)
                                                                                                                                              Γöé                      Γöé                     Γöé                          Γöé        ΓööElevatedButton(style: ButtonStyle#63bc8(textStyle: WidgetStatePropertyAll(null), backgroundColor: _ElevatedButtonDefaultColor#84a76, shape: WidgetStatePropertyAll(RoundedRectangleBorder(BorderSide(width: 0.0, style: none), BorderRadius.zero)), mouseCursor: _ElevatedButtonDefaultMouseCursor#6f026), dependencies: [InheritedCupertinoTheme, MediaQuery, _InheritedTheme, _LocalizationsScope-[GlobalKey#2bc14]], state: _ButtonStyleState#03854)
                                                                                                                                              Γöé                      Γöé                     Γöé                          Γöé         ΓööSemantics(container: true, properties: SemanticsProperties, renderObject: RenderSemanticsAnnotations#3910b)
                                                                                                                                              Γöé                      Γöé                     Γöé                          Γöé          Γöö_InputPadding(renderObject: _RenderInputPadding#fbbc9)
                                                                                                                                              Γöé                      Γöé                     Γöé                          Γöé           ΓööConstrainedBox(BoxConstraints(64.0<=w<=Infinity, 40.0<=h<=Infinity), renderObject: RenderConstrainedBox#67562)
                                                                                                                                              Γöé                      Γöé                     Γöé                          Γöé            ΓööMaterial(type: button, elevation: 1.0, color: MaterialColor(primary value: Color(0xff607d8b)), shadowColor: Color(0xff000000), surfaceTintColor: Color(0x00000000), textStyle.debugLabel: ((englishLike labelLarge 2021).merge((blackMountainView labelLarge).apply)).copyWith, textStyle.inherit: false, textStyle.color: Color(0xff6750a4), textStyle.family: Roboto, textStyle.size: 14.0, textStyle.weight: 500, textStyle.letterSpacing: 0.1, textStyle.baseline: alphabetic, textStyle.height: 1.4x, textStyle.leadingDistribution: even, textStyle.decoration: Color(0xff1d1b20) TextDecoration.none, shape: RoundedRectangleBorder(BorderSide(width: 0.0, style: none), BorderRadius.zero), dependencies: [InheritedCupertinoTheme, _InheritedTheme, _LocalizationsScope-[GlobalKey#2bc14]], state: _MaterialState#5984b)
                                                                                                                                              Γöé                      Γöé                     Γöé                          Γöé             Γöö_MaterialInterior(duration: 200ms, shape: RoundedRectangleBorder(BorderSide(width: 0.0, style: none), BorderRadius.zero), elevation: 1.0, color: MaterialColor(primary value: Color(0xff607d8b)), shadowColor: Color(0xff000000), dependencies: [Directionality, InheritedCupertinoTheme, _InheritedTheme, _LocalizationsScope-[GlobalKey#2bc14]], state: _MaterialInteriorState#eb046(ticker inactive))
                                                                                                                                              Γöé                      Γöé                     Γöé                          Γöé              ΓööPhysicalShape(clipper: ShapeBorderClipper, elevation: 1.0, color: MaterialColor(primary value: Color(0xff607d8b)), shadowColor: Color(0xff000000), renderObject: RenderPhysicalShape#9f8fe)
                                                                                                                                              Γöé                      Γöé                     Γöé                          Γöé               Γöö_ShapeBorderPaint(dependencies: [Directionality])
                                                                                                                                              Γöé                      Γöé                     Γöé                          Γöé                ΓööCustomPaint(renderObject: RenderCustomPaint#7353b)
                                                                                                                                              Γöé                      Γöé                     Γöé                          Γöé                 ΓööNotificationListener<LayoutChangedNotification>
                                                                                                                                              Γöé                      Γöé                     Γöé                          Γöé                  Γöö_InkFeatures-[GlobalKey#e7f4e ink renderer](renderObject: _RenderInkFeatures#e5810)
                                                                                                                                              Γöé                      Γöé                     Γöé                          Γöé                   ΓööAnimatedDefaultTextStyle(duration: 200ms, debugLabel: ((englishLike labelLarge 2021).merge((blackMountainView labelLarge).apply)).copyWith, inherit: false, color: Color(0xff6750a4), family: Roboto, size: 14.0, weight: 500, letterSpacing: 0.1, baseline: alphabetic, height: 1.4x, leadingDistribution: even, decoration: Color(0xff1d1b20) TextDecoration.none, softWrap: wrapping at box width, overflow: clip, state: _AnimatedDefaultTextStyleState#a0229(ticker inactive))
                                                                                                                                              Γöé                      Γöé                     Γöé                          Γöé                    ΓööDefaultTextStyle(debugLabel: ((englishLike labelLarge 2021).merge((blackMountainView labelLarge).apply)).copyWith, inherit: false, color: Color(0xff6750a4), family: Roboto, size: 14.0, weight: 500, letterSpacing: 0.1, baseline: alphabetic, height: 1.4x, leadingDistribution: even, decoration: Color(0xff1d1b20) TextDecoration.none, softWrap: wrapping at box width, overflow: clip)
                                                                                                                                              Γöé                      Γöé                     Γöé                          Γöé                     ΓööInkWell
                                                                                                                                              Γöé                      Γöé                     Γöé                          Γöé                      Γöö_InkResponseStateWidget(gestures: [tap], mouseCursor: ButtonStyleButton_MouseCursor, clipped to BoxShape.rectangle, dependencies: [MediaQuery], state: _InkResponseState#7344b)
                                                                                                                                              Γöé                      Γöé                     Γöé                          Γöé                       Γöö_ParentInkResponseProvider
                                                                                                                                              Γöé                      Γöé                     Γöé                          Γöé                        ΓööActions(dispatcher: null, actions: {ActivateIntent: CallbackAction<ActivateIntent>#e46e1, ButtonActivateIntent: CallbackAction<ButtonActivateIntent>#4ffdd}, state: _ActionsState#41c98)
                                                                                                                                              Γöé                      Γöé                     Γöé                          Γöé                         Γöö_ActionsScope
                                                                                                                                              Γöé                      Γöé                     Γöé                          Γöé                          ΓööFocus(dependencies: [_FocusInheritedScope], state: _FocusState#e99a7)
                                                                                                                                              Γöé                      Γöé                     Γöé                          Γöé                           Γöö_FocusInheritedScope
                                                                                                                                              Γöé                      Γöé                     Γöé                          Γöé                            ΓööSemantics(container: false, properties: SemanticsProperties, renderObject: RenderSemanticsAnnotations#d7197)
                                                                                                                                              Γöé                      Γöé                     Γöé                          Γöé                             ΓööMouseRegion(listeners: [enter, exit], cursor: SystemMouseCursor(click), renderObject: RenderMouseRegion#a2082)
                                                                                                                                              Γöé                      Γöé                     Γöé                          Γöé                              ΓööBuilder(dependencies: [DefaultSelectionStyle])
                                                                                                                                              Γöé                      Γöé                     Γöé                          Γöé                               ΓööDefaultSelectionStyle
                                                                                                                                              Γöé                      Γöé                     Γöé                          Γöé                                ΓööSemantics(container: false, properties: SemanticsProperties, renderObject: RenderSemanticsAnnotations#05574)
                                                                                                                                              Γöé                      Γöé                     Γöé                          Γöé                                 ΓööGestureDetector(startBehavior: start, dependencies: [MediaQuery, ScrollConfiguration])
                                                                                                                                              Γöé                      Γöé                     Γöé                          Γöé                                  ΓööRawGestureDetector(state: RawGestureDetectorState#b30c7(gestures: [tap], excludeFromSemantics: true, behavior: opaque))
                                                                                                                                              Γöé                      Γöé                     Γöé                          Γöé                                   ΓööListener(listeners: [down, panZoomStart], behavior: opaque, renderObject: RenderPointerListener#0378b)
                                                                                                                                              Γöé                      Γöé                     Γöé                          Γöé                                    ΓööBuilder(dependencies: [IconTheme])
                                                                                                                                              Γöé                      Γöé                     Γöé                          Γöé                                     ΓööIconTheme(color: Color(0xff6750a4))
                                                                                                                                              Γöé                      Γöé                     Γöé                          Γöé                                      ΓööPadding(padding: EdgeInsets(24.0, 0.0, 24.0, 0.0), dependencies: [Directionality], renderObject: RenderPadding#1765a)
                                                                                                                                              Γöé                      Γöé                     Γöé                          Γöé                                       ΓööAlign(alignment: Alignment.center, widthFactor: 1.0, heightFactor: 1.0, dependencies: [Directionality], renderObject: RenderPositionedBox#ca35f)
                                                                                                                                              Γöé                      Γöé                     Γöé                          Γöé                                        ΓööCenter(alignment: Alignment.center, dependencies: [Directionality], renderObject: RenderPositionedBox#b34a0 relayoutBoundary=up1)
                                                                                                                                              Γöé                      Γöé                     Γöé                          Γöé                                         ΓööText("7", inherit: true, color: Color(0xffffffff), size: 40.0, weight: 700, textAlign: center, dependencies: [DefaultSelectionStyle, DefaultTextStyle, MediaQuery])
                                                                                                                                              Γöé                      Γöé                     Γöé                          Γöé                                          ΓööRichText(textAlign: center, softWrap: wrapping at box width, maxLines: unlimited, text: "7", dependencies: [Directionality, _LocalizationsScope-[GlobalKey#2bc14]], renderObject: RenderParagraph#a30d0 relayoutBoundary=up2)
                                                                                                                                              Γöé                      Γöé                     Γöé                          Γö£KeyedSubtree
                                                                                                                                              Γöé                      Γöé                     Γöé                          ΓöéΓööAutomaticKeepAlive(state: _AutomaticKeepAliveState#bd1f3(handles: no notifications ever received))
                                                                                                                                              Γöé                      Γöé                     Γöé                          Γöé ΓööKeepAlive(keepAlive: false)
                                                                                                                                              Γöé                      Γöé                     Γöé                          Γöé  ΓööNotificationListener<KeepAliveNotification>
                                                                                                                                              Γöé                      Γöé                     Γöé                          Γöé   Γöö_SelectionKeepAlive(state: _SelectionKeepAliveState#b9b54)
                                                                                                                                              Γöé                      Γöé                     Γöé                          Γöé    ΓööIndexedSemantics(index: 9, renderObject: RenderIndexedSemantics#320a8)
                                                                                                                                              Γöé                      Γöé                     Γöé                          Γöé     ΓööRepaintBoundary(renderObject: RenderRepaintBoundary#1fb4a)
                                                                                                                                              Γöé                      Γöé                     Γöé                          Γöé      ΓööButton(dependencies: [MediaQuery])
                                                                                                                                              Γöé                      Γöé                     Γöé                          Γöé       ΓööPadding(padding: EdgeInsets.all(8.0), dependencies: [Directionality], renderObject: RenderPadding#63e73)
                                                                                                                                              Γöé                      Γöé                     Γöé                          Γöé        ΓööElevatedButton(style: ButtonStyle#231ff(textStyle: WidgetStatePropertyAll(null), backgroundColor: _ElevatedButtonDefaultColor#858b6, shape: WidgetStatePropertyAll(RoundedRectangleBorder(BorderSide(width: 0.0, style: none), BorderRadius.zero)), mouseCursor: _ElevatedButtonDefaultMouseCursor#1d5f5), dependencies: [InheritedCupertinoTheme, MediaQuery, _InheritedTheme, _LocalizationsScope-[GlobalKey#2bc14]], state: _ButtonStyleState#8b6c6)
                                                                                                                                              Γöé                      Γöé                     Γöé                          Γöé         ΓööSemantics(container: true, properties: SemanticsProperties, renderObject: RenderSemanticsAnnotations#c0458)
                                                                                                                                              Γöé                      Γöé                     Γöé                          Γöé          Γöö_InputPadding(renderObject: _RenderInputPadding#da9dc)
                                                                                                                                              Γöé                      Γöé                     Γöé                          Γöé           ΓööConstrainedBox(BoxConstraints(64.0<=w<=Infinity, 40.0<=h<=Infinity), renderObject: RenderConstrainedBox#f647a)
                                                                                                                                              Γöé                      Γöé                     Γöé                          Γöé            ΓööMaterial(type: button, elevation: 1.0, color: MaterialColor(primary value: Color(0xff607d8b)), shadowColor: Color(0xff000000), surfaceTintColor: Color(0x00000000), textStyle.debugLabel: ((englishLike labelLarge 2021).merge((blackMountainView labelLarge).apply)).copyWith, textStyle.inherit: false, textStyle.color: Color(0xff6750a4), textStyle.family: Roboto, textStyle.size: 14.0, textStyle.weight: 500, textStyle.letterSpacing: 0.1, textStyle.baseline: alphabetic, textStyle.height: 1.4x, textStyle.leadingDistribution: even, textStyle.decoration: Color(0xff1d1b20) TextDecoration.none, shape: RoundedRectangleBorder(BorderSide(width: 0.0, style: none), BorderRadius.zero), dependencies: [InheritedCupertinoTheme, _InheritedTheme, _LocalizationsScope-[GlobalKey#2bc14]], state: _MaterialState#8893c)
                                                                                                                                              Γöé                      Γöé                     Γöé                          Γöé             Γöö_MaterialInterior(duration: 200ms, shape: RoundedRectangleBorder(BorderSide(width: 0.0, style: none), BorderRadius.zero), elevation: 1.0, color: MaterialColor(primary value: Color(0xff607d8b)), shadowColor: Color(0xff000000), dependencies: [Directionality, InheritedCupertinoTheme, _InheritedTheme, _LocalizationsScope-[GlobalKey#2bc14]], state: _MaterialInteriorState#842bb(ticker inactive))
                                                                                                                                              Γöé                      Γöé                     Γöé                          Γöé              ΓööPhysicalShape(clipper: ShapeBorderClipper, elevation: 1.0, color: MaterialColor(primary value: Color(0xff607d8b)), shadowColor: Color(0xff000000), renderObject: RenderPhysicalShape#c6ba7)
                                                                                                                                              Γöé                      Γöé                     Γöé                          Γöé               Γöö_ShapeBorderPaint(dependencies: [Directionality])
                                                                                                                                              Γöé                      Γöé                     Γöé                          Γöé                ΓööCustomPaint(renderObject: RenderCustomPaint#27f5e)
                                                                                                                                              Γöé                      Γöé                     Γöé                          Γöé                 ΓööNotificationListener<LayoutChangedNotification>
                                                                                                                                              Γöé                      Γöé                     Γöé                          Γöé                  Γöö_InkFeatures-[GlobalKey#fe0b4 ink renderer](renderObject: _RenderInkFeatures#6add8)
                                                                                                                                              Γöé                      Γöé                     Γöé                          Γöé                   ΓööAnimatedDefaultTextStyle(duration: 200ms, debugLabel: ((englishLike labelLarge 2021).merge((blackMountainView labelLarge).apply)).copyWith, inherit: false, color: Color(0xff6750a4), family: Roboto, size: 14.0, weight: 500, letterSpacing: 0.1, baseline: alphabetic, height: 1.4x, leadingDistribution: even, decoration: Color(0xff1d1b20) TextDecoration.none, softWrap: wrapping at box width, overflow: clip, state: _AnimatedDefaultTextStyleState#dd044(ticker inactive))
                                                                                                                                              Γöé                      Γöé                     Γöé                          Γöé                    ΓööDefaultTextStyle(debugLabel: ((englishLike labelLarge 2021).merge((blackMountainView labelLarge).apply)).copyWith, inherit: false, color: Color(0xff6750a4), family: Roboto, size: 14.0, weight: 500, letterSpacing: 0.1, baseline: alphabetic, height: 1.4x, leadingDistribution: even, decoration: Color(0xff1d1b20) TextDecoration.none, softWrap: wrapping at box width, overflow: clip)
                                                                                                                                              Γöé                      Γöé                     Γöé                          Γöé                     ΓööInkWell
                                                                                                                                              Γöé                      Γöé                     Γöé                          Γöé                      Γöö_InkResponseStateWidget(gestures: [tap], mouseCursor: ButtonStyleButton_MouseCursor, clipped to BoxShape.rectangle, dependencies: [MediaQuery], state: _InkResponseState#18d01)
                                                                                                                                              Γöé                      Γöé                     Γöé                          Γöé                       Γöö_ParentInkResponseProvider
                                                                                                                                              Γöé                      Γöé                     Γöé                          Γöé                        ΓööActions(dispatcher: null, actions: {ActivateIntent: CallbackAction<ActivateIntent>#8073b, ButtonActivateIntent: CallbackAction<ButtonActivateIntent>#ded95}, state: _ActionsState#c3cd5)
                                                                                                                                              Γöé                      Γöé                     Γöé                          Γöé                         Γöö_ActionsScope
                                                                                                                                              Γöé                      Γöé                     Γöé                          Γöé                          ΓööFocus(dependencies: [_FocusInheritedScope], state: _FocusState#2126f)
                                                                                                                                              Γöé                      Γöé                     Γöé                          Γöé                           Γöö_FocusInheritedScope
                                                                                                                                              Γöé                      Γöé                     Γöé                          Γöé                            ΓööSemantics(container: false, properties: SemanticsProperties, renderObject: RenderSemanticsAnnotations#8a559)
                                                                                                                                              Γöé                      Γöé                     Γöé                          Γöé                             ΓööMouseRegion(listeners: [enter, exit], cursor: SystemMouseCursor(click), renderObject: RenderMouseRegion#d64db)
                                                                                                                                              Γöé                      Γöé                     Γöé                          Γöé                              ΓööBuilder(dependencies: [DefaultSelectionStyle])
                                                                                                                                              Γöé                      Γöé                     Γöé                          Γöé                               ΓööDefaultSelectionStyle
                                                                                                                                              Γöé                      Γöé                     Γöé                          Γöé                                ΓööSemantics(container: false, properties: SemanticsProperties, renderObject: RenderSemanticsAnnotations#34c37)
                                                                                                                                              Γöé                      Γöé                     Γöé                          Γöé                                 ΓööGestureDetector(startBehavior: start, dependencies: [MediaQuery, ScrollConfiguration])
                                                                                                                                              Γöé                      Γöé                     Γöé                          Γöé                                  ΓööRawGestureDetector(state: RawGestureDetectorState#cf977(gestures: [tap], excludeFromSemantics: true, behavior: opaque))
                                                                                                                                              Γöé                      Γöé                     Γöé                          Γöé                                   ΓööListener(listeners: [down, panZoomStart], behavior: opaque, renderObject: RenderPointerListener#61976)
                                                                                                                                              Γöé                      Γöé                     Γöé                          Γöé                                    ΓööBuilder(dependencies: [IconTheme])
                                                                                                                                              Γöé                      Γöé                     Γöé                          Γöé                                     ΓööIconTheme(color: Color(0xff6750a4))
                                                                                                                                              Γöé                      Γöé                     Γöé                          Γöé                                      ΓööPadding(padding: EdgeInsets(24.0, 0.0, 24.0, 0.0), dependencies: [Directionality], renderObject: RenderPadding#50109)
                                                                                                                                              Γöé                      Γöé                     Γöé                          Γöé                                       ΓööAlign(alignment: Alignment.center, widthFactor: 1.0, heightFactor: 1.0, dependencies: [Directionality], renderObject: RenderPositionedBox#402bc)
                                                                                                                                              Γöé                      Γöé                     Γöé                          Γöé                                        ΓööCenter(alignment: Alignment.center, dependencies: [Directionality], renderObject: RenderPositionedBox#21289 relayoutBoundary=up1)
                                                                                                                                              Γöé                      Γöé                     Γöé                          Γöé                                         ΓööText("8", inherit: true, color: Color(0xffffffff), size: 40.0, weight: 700, textAlign: center, dependencies: [DefaultSelectionStyle, DefaultTextStyle, MediaQuery])
                                                                                                                                              Γöé                      Γöé                     Γöé                          Γöé                                          ΓööRichText(textAlign: center, softWrap: wrapping at box width, maxLines: unlimited, text: "8", dependencies: [Directionality, _LocalizationsScope-[GlobalKey#2bc14]], renderObject: RenderParagraph#f2c0d relayoutBoundary=up2)
                                                                                                                                              Γöé                      Γöé                     Γöé                          Γö£KeyedSubtree
                                                                                                                                              Γöé                      Γöé                     Γöé                          ΓöéΓööAutomaticKeepAlive(state: _AutomaticKeepAliveState#ca1f6(handles: no notifications ever received))
                                                                                                                                              Γöé                      Γöé                     Γöé                          Γöé ΓööKeepAlive(keepAlive: false)
                                                                                                                                              Γöé                      Γöé                     Γöé                          Γöé  ΓööNotificationListener<KeepAliveNotification>
                                                                                                                                              Γöé                      Γöé                     Γöé                          Γöé   Γöö_SelectionKeepAlive(state: _SelectionKeepAliveState#0cd57)
                                                                                                                                              Γöé                      Γöé                     Γöé                          Γöé    ΓööIndexedSemantics(index: 10, renderObject: RenderIndexedSemantics#f6102)
                                                                                                                                              Γöé                      Γöé                     Γöé                          Γöé     ΓööRepaintBoundary(renderObject: RenderRepaintBoundary#e41fb)
                                                                                                                                              Γöé                      Γöé                     Γöé                          Γöé      ΓööButton(dependencies: [MediaQuery])
                                                                                                                                              Γöé                      Γöé                     Γöé                          Γöé       ΓööPadding(padding: EdgeInsets.all(8.0), dependencies: [Directionality], renderObject: RenderPadding#b1f03)
                                                                                                                                              Γöé                      Γöé                     Γöé                          Γöé        ΓööElevatedButton(style: ButtonStyle#59507(textStyle: WidgetStatePropertyAll(null), backgroundColor: _ElevatedButtonDefaultColor#2673b, shape: WidgetStatePropertyAll(RoundedRectangleBorder(BorderSide(width: 0.0, style: none), BorderRadius.zero)), mouseCursor: _ElevatedButtonDefaultMouseCursor#19a16), dependencies: [InheritedCupertinoTheme, MediaQuery, _InheritedTheme, _LocalizationsScope-[GlobalKey#2bc14]], state: _ButtonStyleState#cdfae)
                                                                                                                                              Γöé                      Γöé                     Γöé                          Γöé         ΓööSemantics(container: true, properties: SemanticsProperties, renderObject: RenderSemanticsAnnotations#5dd70)
                                                                                                                                              Γöé                      Γöé                     Γöé                          Γöé          Γöö_InputPadding(renderObject: _RenderInputPadding#e761d)
                                                                                                                                              Γöé                      Γöé                     Γöé                          Γöé           ΓööConstrainedBox(BoxConstraints(64.0<=w<=Infinity, 40.0<=h<=Infinity), renderObject: RenderConstrainedBox#f3bf5)
                                                                                                                                              Γöé                      Γöé                     Γöé                          Γöé            ΓööMaterial(type: button, elevation: 1.0, color: MaterialColor(primary value: Color(0xff607d8b)), shadowColor: Color(0xff000000), surfaceTintColor: Color(0x00000000), textStyle.debugLabel: ((englishLike labelLarge 2021).merge((blackMountainView labelLarge).apply)).copyWith, textStyle.inherit: false, textStyle.color: Color(0xff6750a4), textStyle.family: Roboto, textStyle.size: 14.0, textStyle.weight: 500, textStyle.letterSpacing: 0.1, textStyle.baseline: alphabetic, textStyle.height: 1.4x, textStyle.leadingDistribution: even, textStyle.decoration: Color(0xff1d1b20) TextDecoration.none, shape: RoundedRectangleBorder(BorderSide(width: 0.0, style: none), BorderRadius.zero), dependencies: [InheritedCupertinoTheme, _InheritedTheme, _LocalizationsScope-[GlobalKey#2bc14]], state: _MaterialState#dcc3f)
                                                                                                                                              Γöé                      Γöé                     Γöé                          Γöé             Γöö_MaterialInterior(duration: 200ms, shape: RoundedRectangleBorder(BorderSide(width: 0.0, style: none), BorderRadius.zero), elevation: 1.0, color: MaterialColor(primary value: Color(0xff607d8b)), shadowColor: Color(0xff000000), dependencies: [Directionality, InheritedCupertinoTheme, _InheritedTheme, _LocalizationsScope-[GlobalKey#2bc14]], state: _MaterialInteriorState#5b4ce(ticker inactive))
                                                                                                                                              Γöé                      Γöé                     Γöé                          Γöé              ΓööPhysicalShape(clipper: ShapeBorderClipper, elevation: 1.0, color: MaterialColor(primary value: Color(0xff607d8b)), shadowColor: Color(0xff000000), renderObject: RenderPhysicalShape#83c7a)
                                                                                                                                              Γöé                      Γöé                     Γöé                          Γöé               Γöö_ShapeBorderPaint(dependencies: [Directionality])
                                                                                                                                              Γöé                      Γöé                     Γöé                          Γöé                ΓööCustomPaint(renderObject: RenderCustomPaint#28513)
                                                                                                                                              Γöé                      Γöé                     Γöé                          Γöé                 ΓööNotificationListener<LayoutChangedNotification>
                                                                                                                                              Γöé                      Γöé                     Γöé                          Γöé                  Γöö_InkFeatures-[GlobalKey#54a86 ink renderer](renderObject: _RenderInkFeatures#bd6aa)
                                                                                                                                              Γöé                      Γöé                     Γöé                          Γöé                   ΓööAnimatedDefaultTextStyle(duration: 200ms, debugLabel: ((englishLike labelLarge 2021).merge((blackMountainView labelLarge).apply)).copyWith, inherit: false, color: Color(0xff6750a4), family: Roboto, size: 14.0, weight: 500, letterSpacing: 0.1, baseline: alphabetic, height: 1.4x, leadingDistribution: even, decoration: Color(0xff1d1b20) TextDecoration.none, softWrap: wrapping at box width, overflow: clip, state: _AnimatedDefaultTextStyleState#21394(ticker inactive))
                                                                                                                                              Γöé                      Γöé                     Γöé                          Γöé                    ΓööDefaultTextStyle(debugLabel: ((englishLike labelLarge 2021).merge((blackMountainView labelLarge).apply)).copyWith, inherit: false, color: Color(0xff6750a4), family: Roboto, size: 14.0, weight: 500, letterSpacing: 0.1, baseline: alphabetic, height: 1.4x, leadingDistribution: even, decoration: Color(0xff1d1b20) TextDecoration.none, softWrap: wrapping at box width, overflow: clip)
                                                                                                                                              Γöé                      Γöé                     Γöé                          Γöé                     ΓööInkWell
                                                                                                                                              Γöé                      Γöé                     Γöé                          Γöé                      Γöö_InkResponseStateWidget(gestures: [tap], mouseCursor: ButtonStyleButton_MouseCursor, clipped to BoxShape.rectangle, dependencies: [MediaQuery], state: _InkResponseState#6a3e9)
                                                                                                                                              Γöé                      Γöé                     Γöé                          Γöé                       Γöö_ParentInkResponseProvider
                                                                                                                                              Γöé                      Γöé                     Γöé                          Γöé                        ΓööActions(dispatcher: null, actions: {ActivateIntent: CallbackAction<ActivateIntent>#1c6ab, ButtonActivateIntent: CallbackAction<ButtonActivateIntent>#0635e}, state: _ActionsState#19f38)
                                                                                                                                              Γöé                      Γöé                     Γöé                          Γöé                         Γöö_ActionsScope
                                                                                                                                              Γöé                      Γöé                     Γöé                          Γöé                          ΓööFocus(dependencies: [_FocusInheritedScope], state: _FocusState#6ca42)
                                                                                                                                              Γöé                      Γöé                     Γöé                          Γöé                           Γöö_FocusInheritedScope
                                                                                                                                              Γöé                      Γöé                     Γöé                          Γöé                            ΓööSemantics(container: false, properties: SemanticsProperties, renderObject: RenderSemanticsAnnotations#e5aac)
                                                                                                                                              Γöé                      Γöé                     Γöé                          Γöé                             ΓööMouseRegion(listeners: [enter, exit], cursor: SystemMouseCursor(click), renderObject: RenderMouseRegion#19416)
                                                                                                                                              Γöé                      Γöé                     Γöé                          Γöé                              ΓööBuilder(dependencies: [DefaultSelectionStyle])
                                                                                                                                              Γöé                      Γöé                     Γöé                          Γöé                               ΓööDefaultSelectionStyle
                                                                                                                                              Γöé                      Γöé                     Γöé                          Γöé                                ΓööSemantics(container: false, properties: SemanticsProperties, renderObject: RenderSemanticsAnnotations#c224f)
                                                                                                                                              Γöé                      Γöé                     Γöé                          Γöé                                 ΓööGestureDetector(startBehavior: start, dependencies: [MediaQuery, ScrollConfiguration])
                                                                                                                                              Γöé                      Γöé                     Γöé                          Γöé                                  ΓööRawGestureDetector(state: RawGestureDetectorState#2bc2b(gestures: [tap], excludeFromSemantics: true, behavior: opaque))
                                                                                                                                              Γöé                      Γöé                     Γöé                          Γöé                                   ΓööListener(listeners: [down, panZoomStart], behavior: opaque, renderObject: RenderPointerListener#6fc88)
                                                                                                                                              Γöé                      Γöé                     Γöé                          Γöé                                    ΓööBuilder(dependencies: [IconTheme])
                                                                                                                                              Γöé                      Γöé                     Γöé                          Γöé                                     ΓööIconTheme(color: Color(0xff6750a4))
                                                                                                                                              Γöé                      Γöé                     Γöé                          Γöé                                      ΓööPadding(padding: EdgeInsets(24.0, 0.0, 24.0, 0.0), dependencies: [Directionality], renderObject: RenderPadding#c26d7)
                                                                                                                                              Γöé                      Γöé                     Γöé                          Γöé                                       ΓööAlign(alignment: Alignment.center, widthFactor: 1.0, heightFactor: 1.0, dependencies: [Directionality], renderObject: RenderPositionedBox#dc32d)
                                                                                                                                              Γöé                      Γöé                     Γöé                          Γöé                                        ΓööCenter(alignment: Alignment.center, dependencies: [Directionality], renderObject: RenderPositionedBox#a4cee relayoutBoundary=up1)
                                                                                                                                              Γöé                      Γöé                     Γöé                          Γöé                                         ΓööText("9", inherit: true, color: Color(0xffffffff), size: 40.0, weight: 700, textAlign: center, dependencies: [DefaultSelectionStyle, DefaultTextStyle, MediaQuery])
                                                                                                                                              Γöé                      Γöé                     Γöé                          Γöé                                          ΓööRichText(textAlign: center, softWrap: wrapping at box width, maxLines: unlimited, text: "9", dependencies: [Directionality, _LocalizationsScope-[GlobalKey#2bc14]], renderObject: RenderParagraph#a6428 relayoutBoundary=up2)
                                                                                                                                              Γöé                      Γöé                     Γöé                          Γö£KeyedSubtree
                                                                                                                                              Γöé                      Γöé                     Γöé                          ΓöéΓööAutomaticKeepAlive(state: _AutomaticKeepAliveState#98f61(handles: no notifications ever received))
                                                                                                                                              Γöé                      Γöé                     Γöé                          Γöé ΓööKeepAlive(keepAlive: false)
                                                                                                                                              Γöé                      Γöé                     Γöé                          Γöé  ΓööNotificationListener<KeepAliveNotification>
                                                                                                                                              Γöé                      Γöé                     Γöé                          Γöé   Γöö_SelectionKeepAlive(state: _SelectionKeepAliveState#128ff)
                                                                                                                                              Γöé                      Γöé                     Γöé                          Γöé    ΓööIndexedSemantics(index: 11, renderObject: RenderIndexedSemantics#4308f)
                                                                                                                                              Γöé                      Γöé                     Γöé                          Γöé     ΓööRepaintBoundary(renderObject: RenderRepaintBoundary#251ed)
                                                                                                                                              Γöé                      Γöé                     Γöé                          Γöé      ΓööButton(dependencies: [MediaQuery])
                                                                                                                                              Γöé                      Γöé                     Γöé                          Γöé       ΓööPadding(padding: EdgeInsets.all(8.0), dependencies: [Directionality], renderObject: RenderPadding#bee81)
                                                                                                                                              Γöé                      Γöé                     Γöé                          Γöé        ΓööElevatedButton(style: ButtonStyle#ad966(textStyle: WidgetStatePropertyAll(null), backgroundColor: _ElevatedButtonDefaultColor#12a6a, shape: WidgetStatePropertyAll(RoundedRectangleBorder(BorderSide(width: 0.0, style: none), BorderRadius.zero)), mouseCursor: _ElevatedButtonDefaultMouseCursor#c7821), dependencies: [InheritedCupertinoTheme, MediaQuery, _InheritedTheme, _LocalizationsScope-[GlobalKey#2bc14]], state: _ButtonStyleState#a5703)
                                                                                                                                              Γöé                      Γöé                     Γöé                          Γöé         ΓööSemantics(container: true, properties: SemanticsProperties, renderObject: RenderSemanticsAnnotations#89be3)
                                                                                                                                              Γöé                      Γöé                     Γöé                          Γöé          Γöö_InputPadding(renderObject: _RenderInputPadding#cfdfb)
                                                                                                                                              Γöé                      Γöé                     Γöé                          Γöé           ΓööConstrainedBox(BoxConstraints(64.0<=w<=Infinity, 40.0<=h<=Infinity), renderObject: RenderConstrainedBox#33556)
                                                                                                                                              Γöé                      Γöé                     Γöé                          Γöé            ΓööMaterial(type: button, elevation: 1.0, color: MaterialColor(primary value: Color(0xff607d8b)), shadowColor: Color(0xff000000), surfaceTintColor: Color(0x00000000), textStyle.debugLabel: ((englishLike labelLarge 2021).merge((blackMountainView labelLarge).apply)).copyWith, textStyle.inherit: false, textStyle.color: Color(0xff6750a4), textStyle.family: Roboto, textStyle.size: 14.0, textStyle.weight: 500, textStyle.letterSpacing: 0.1, textStyle.baseline: alphabetic, textStyle.height: 1.4x, textStyle.leadingDistribution: even, textStyle.decoration: Color(0xff1d1b20) TextDecoration.none, shape: RoundedRectangleBorder(BorderSide(width: 0.0, style: none), BorderRadius.zero), dependencies: [InheritedCupertinoTheme, _InheritedTheme, _LocalizationsScope-[GlobalKey#2bc14]], state: _MaterialState#96bc2)
                                                                                                                                              Γöé                      Γöé                     Γöé                          Γöé             Γöö_MaterialInterior(duration: 200ms, shape: RoundedRectangleBorder(BorderSide(width: 0.0, style: none), BorderRadius.zero), elevation: 1.0, color: MaterialColor(primary value: Color(0xff607d8b)), shadowColor: Color(0xff000000), dependencies: [Directionality, InheritedCupertinoTheme, _InheritedTheme, _LocalizationsScope-[GlobalKey#2bc14]], state: _MaterialInteriorState#6c080(ticker inactive))
                                                                                                                                              Γöé                      Γöé                     Γöé                          Γöé              ΓööPhysicalShape(clipper: ShapeBorderClipper, elevation: 1.0, color: MaterialColor(primary value: Color(0xff607d8b)), shadowColor: Color(0xff000000), renderObject: RenderPhysicalShape#62f6c)
                                                                                                                                              Γöé                      Γöé                     Γöé                          Γöé               Γöö_ShapeBorderPaint(dependencies: [Directionality])
                                                                                                                                              Γöé                      Γöé                     Γöé                          Γöé                ΓööCustomPaint(renderObject: RenderCustomPaint#7596c)
                                                                                                                                              Γöé                      Γöé                     Γöé                          Γöé                 ΓööNotificationListener<LayoutChangedNotification>
                                                                                                                                              Γöé                      Γöé                     Γöé                          Γöé                  Γöö_InkFeatures-[GlobalKey#cbf9b ink renderer](renderObject: _RenderInkFeatures#8e682)
                                                                                                                                              Γöé                      Γöé                     Γöé                          Γöé                   ΓööAnimatedDefaultTextStyle(duration: 200ms, debugLabel: ((englishLike labelLarge 2021).merge((blackMountainView labelLarge).apply)).copyWith, inherit: false, color: Color(0xff6750a4), family: Roboto, size: 14.0, weight: 500, letterSpacing: 0.1, baseline: alphabetic, height: 1.4x, leadingDistribution: even, decoration: Color(0xff1d1b20) TextDecoration.none, softWrap: wrapping at box width, overflow: clip, state: _AnimatedDefaultTextStyleState#f6e63(ticker inactive))
                                                                                                                                              Γöé                      Γöé                     Γöé                          Γöé                    ΓööDefaultTextStyle(debugLabel: ((englishLike labelLarge 2021).merge((blackMountainView labelLarge).apply)).copyWith, inherit: false, color: Color(0xff6750a4), family: Roboto, size: 14.0, weight: 500, letterSpacing: 0.1, baseline: alphabetic, height: 1.4x, leadingDistribution: even, decoration: Color(0xff1d1b20) TextDecoration.none, softWrap: wrapping at box width, overflow: clip)
                                                                                                                                              Γöé                      Γöé                     Γöé                          Γöé                     ΓööInkWell
                                                                                                                                              Γöé                      Γöé                     Γöé                          Γöé                      Γöö_InkResponseStateWidget(gestures: [tap], mouseCursor: ButtonStyleButton_MouseCursor, clipped to BoxShape.rectangle, dependencies: [MediaQuery], state: _InkResponseState#2bef4)
                                                                                                                                              Γöé                      Γöé                     Γöé                          Γöé                       Γöö_ParentInkResponseProvider
                                                                                                                                              Γöé                      Γöé                     Γöé                          Γöé                        ΓööActions(dispatcher: null, actions: {ActivateIntent: CallbackAction<ActivateIntent>#841c9, ButtonActivateIntent: CallbackAction<ButtonActivateIntent>#e8cea}, state: _ActionsState#f40e0)
                                                                                                                                              Γöé                      Γöé                     Γöé                          Γöé                         Γöö_ActionsScope
                                                                                                                                              Γöé                      Γöé                     Γöé                          Γöé                          ΓööFocus(dependencies: [_FocusInheritedScope], state: _FocusState#f2c14)
                                                                                                                                              Γöé                      Γöé                     Γöé                          Γöé                           Γöö_FocusInheritedScope
                                                                                                                                              Γöé                      Γöé                     Γöé                          Γöé                            ΓööSemantics(container: false, properties: SemanticsProperties, renderObject: RenderSemanticsAnnotations#3ef62)
                                                                                                                                              Γöé                      Γöé                     Γöé                          Γöé                             ΓööMouseRegion(listeners: [enter, exit], cursor: SystemMouseCursor(click), renderObject: RenderMouseRegion#43dfe)
                                                                                                                                              Γöé                      Γöé                     Γöé                          Γöé                              ΓööBuilder(dependencies: [DefaultSelectionStyle])
                                                                                                                                              Γöé                      Γöé                     Γöé                          Γöé                               ΓööDefaultSelectionStyle
                                                                                                                                              Γöé                      Γöé                     Γöé                          Γöé                                ΓööSemantics(container: false, properties: SemanticsProperties, renderObject: RenderSemanticsAnnotations#ba0ed)
                                                                                                                                              Γöé                      Γöé                     Γöé                          Γöé                                 ΓööGestureDetector(startBehavior: start, dependencies: [MediaQuery, ScrollConfiguration])
                                                                                                                                              Γöé                      Γöé                     Γöé                          Γöé                                  ΓööRawGestureDetector(state: RawGestureDetectorState#8f2d0(gestures: [tap], excludeFromSemantics: true, behavior: opaque))
                                                                                                                                              Γöé                      Γöé                     Γöé                          Γöé                                   ΓööListener(listeners: [down, panZoomStart], behavior: opaque, renderObject: RenderPointerListener#4c170)
                                                                                                                                              Γöé                      Γöé                     Γöé                          Γöé                                    ΓööBuilder(dependencies: [IconTheme])
                                                                                                                                              Γöé                      Γöé                     Γöé                          Γöé                                     ΓööIconTheme(color: Color(0xff6750a4))
                                                                                                                                              Γöé                      Γöé                     Γöé                          Γöé                                      ΓööPadding(padding: EdgeInsets(24.0, 0.0, 24.0, 0.0), dependencies: [Directionality], renderObject: RenderPadding#f856d)
                                                                                                                                              Γöé                      Γöé                     Γöé                          Γöé                                       ΓööAlign(alignment: Alignment.center, widthFactor: 1.0, heightFactor: 1.0, dependencies: [Directionality], renderObject: RenderPositionedBox#81189)
                                                                                                                                              Γöé                      Γöé                     Γöé                          Γöé                                        ΓööCenter(alignment: Alignment.center, dependencies: [Directionality], renderObject: RenderPositionedBox#3cb7b relayoutBoundary=up1)
                                                                                                                                              Γöé                      Γöé                     Γöé                          Γöé                                         ΓööText("Out", inherit: true, color: Color(0xffffffff), size: 26.7, weight: 700, textAlign: center, dependencies: [DefaultSelectionStyle, DefaultTextStyle, MediaQuery])
                                                                                                                                              Γöé                      Γöé                     Γöé                          Γöé                                          ΓööRichText(textAlign: center, softWrap: wrapping at box width, maxLines: unlimited, text: "Out", dependencies: [Directionality, _LocalizationsScope-[GlobalKey#2bc14]], renderObject: RenderParagraph#89b5d relayoutBoundary=up2)
                                                                                                                                              Γöé                      Γöé                     Γöé                          Γö£KeyedSubtree
                                                                                                                                              Γöé                      Γöé                     Γöé                          ΓöéΓööAutomaticKeepAlive(state: _AutomaticKeepAliveState#3c9e8(handles: no notifications ever received))
                                                                                                                                              Γöé                      Γöé                     Γöé                          Γöé ΓööKeepAlive(keepAlive: false)
                                                                                                                                              Γöé                      Γöé                     Γöé                          Γöé  ΓööNotificationListener<KeepAliveNotification>
                                                                                                                                              Γöé                      Γöé                     Γöé                          Γöé   Γöö_SelectionKeepAlive(state: _SelectionKeepAliveState#ac70d)
                                                                                                                                              Γöé                      Γöé                     Γöé                          Γöé    ΓööIndexedSemantics(index: 12, renderObject: RenderIndexedSemantics#d41d0)
                                                                                                                                              Γöé                      Γöé                     Γöé                          Γöé     ΓööRepaintBoundary(renderObject: RenderRepaintBoundary#bb51f)
                                                                                                                                              Γöé                      Γöé                     Γöé                          Γöé      ΓööButton(dependencies: [MediaQuery])
                                                                                                                                              Γöé                      Γöé                     Γöé                          Γöé       ΓööPadding(padding: EdgeInsets.all(8.0), dependencies: [Directionality], renderObject: RenderPadding#a41a5)
                                                                                                                                              Γöé                      Γöé                     Γöé                          Γöé        ΓööElevatedButton(style: ButtonStyle#41424(textStyle: WidgetStatePropertyAll(null), backgroundColor: _ElevatedButtonDefaultColor#63f7b, shape: WidgetStatePropertyAll(RoundedRectangleBorder(BorderSide(width: 0.0, style: none), BorderRadius.zero)), mouseCursor: _ElevatedButtonDefaultMouseCursor#37e6c), dependencies: [InheritedCupertinoTheme, MediaQuery, _InheritedTheme, _LocalizationsScope-[GlobalKey#2bc14]], state: _ButtonStyleState#071a3)
                                                                                                                                              Γöé                      Γöé                     Γöé                          Γöé         ΓööSemantics(container: true, properties: SemanticsProperties, renderObject: RenderSemanticsAnnotations#f40b2)
                                                                                                                                              Γöé                      Γöé                     Γöé                          Γöé          Γöö_InputPadding(renderObject: _RenderInputPadding#04858)
                                                                                                                                              Γöé                      Γöé                     Γöé                          Γöé           ΓööConstrainedBox(BoxConstraints(64.0<=w<=Infinity, 40.0<=h<=Infinity), renderObject: RenderConstrainedBox#eaa1c)
                                                                                                                                              Γöé                      Γöé                     Γöé                          Γöé            ΓööMaterial(type: button, elevation: 1.0, color: MaterialColor(primary value: Color(0xff607d8b)), shadowColor: Color(0xff000000), surfaceTintColor: Color(0x00000000), textStyle.debugLabel: ((englishLike labelLarge 2021).merge((blackMountainView labelLarge).apply)).copyWith, textStyle.inherit: false, textStyle.color: Color(0xff6750a4), textStyle.family: Roboto, textStyle.size: 14.0, textStyle.weight: 500, textStyle.letterSpacing: 0.1, textStyle.baseline: alphabetic, textStyle.height: 1.4x, textStyle.leadingDistribution: even, textStyle.decoration: Color(0xff1d1b20) TextDecoration.none, shape: RoundedRectangleBorder(BorderSide(width: 0.0, style: none), BorderRadius.zero), dependencies: [InheritedCupertinoTheme, _InheritedTheme, _LocalizationsScope-[GlobalKey#2bc14]], state: _MaterialState#e926e)
                                                                                                                                              Γöé                      Γöé                     Γöé                          Γöé             Γöö_MaterialInterior(duration: 200ms, shape: RoundedRectangleBorder(BorderSide(width: 0.0, style: none), BorderRadius.zero), elevation: 1.0, color: MaterialColor(primary value: Color(0xff607d8b)), shadowColor: Color(0xff000000), dependencies: [Directionality, InheritedCupertinoTheme, _InheritedTheme, _LocalizationsScope-[GlobalKey#2bc14]], state: _MaterialInteriorState#61ed2(ticker inactive))
                                                                                                                                              Γöé                      Γöé                     Γöé                          Γöé              ΓööPhysicalShape(clipper: ShapeBorderClipper, elevation: 1.0, color: MaterialColor(primary value: Color(0xff607d8b)), shadowColor: Color(0xff000000), renderObject: RenderPhysicalShape#7c986)
                                                                                                                                              Γöé                      Γöé                     Γöé                          Γöé               Γöö_ShapeBorderPaint(dependencies: [Directionality])
                                                                                                                                              Γöé                      Γöé                     Γöé                          Γöé                ΓööCustomPaint(renderObject: RenderCustomPaint#8074f)
                                                                                                                                              Γöé                      Γöé                     Γöé                          Γöé                 ΓööNotificationListener<LayoutChangedNotification>
                                                                                                                                              Γöé                      Γöé                     Γöé                          Γöé                  Γöö_InkFeatures-[GlobalKey#9a24e ink renderer](renderObject: _RenderInkFeatures#cb7b4)
                                                                                                                                              Γöé                      Γöé                     Γöé                          Γöé                   ΓööAnimatedDefaultTextStyle(duration: 200ms, debugLabel: ((englishLike labelLarge 2021).merge((blackMountainView labelLarge).apply)).copyWith, inherit: false, color: Color(0xff6750a4), family: Roboto, size: 14.0, weight: 500, letterSpacing: 0.1, baseline: alphabetic, height: 1.4x, leadingDistribution: even, decoration: Color(0xff1d1b20) TextDecoration.none, softWrap: wrapping at box width, overflow: clip, state: _AnimatedDefaultTextStyleState#1ccc0(ticker inactive))
                                                                                                                                              Γöé                      Γöé                     Γöé                          Γöé                    ΓööDefaultTextStyle(debugLabel: ((englishLike labelLarge 2021).merge((blackMountainView labelLarge).apply)).copyWith, inherit: false, color: Color(0xff6750a4), family: Roboto, size: 14.0, weight: 500, letterSpacing: 0.1, baseline: alphabetic, height: 1.4x, leadingDistribution: even, decoration: Color(0xff1d1b20) TextDecoration.none, softWrap: wrapping at box width, overflow: clip)
                                                                                                                                              Γöé                      Γöé                     Γöé                          Γöé                     ΓööInkWell
                                                                                                                                              Γöé                      Γöé                     Γöé                          Γöé                      Γöö_InkResponseStateWidget(gestures: [tap], mouseCursor: ButtonStyleButton_MouseCursor, clipped to BoxShape.rectangle, dependencies: [MediaQuery], state: _InkResponseState#3b4ca)
                                                                                                                                              Γöé                      Γöé                     Γöé                          Γöé                       Γöö_ParentInkResponseProvider
                                                                                                                                              Γöé                      Γöé                     Γöé                          Γöé                        ΓööActions(dispatcher: null, actions: {ActivateIntent: CallbackAction<ActivateIntent>#d340a, ButtonActivateIntent: CallbackAction<ButtonActivateIntent>#a6ecd}, state: _ActionsState#4df00)
                                                                                                                                              Γöé                      Γöé                     Γöé                          Γöé                         Γöö_ActionsScope
                                                                                                                                              Γöé                      Γöé                     Γöé                          Γöé                          ΓööFocus(dependencies: [_FocusInheritedScope], state: _FocusState#b2850)
                                                                                                                                              Γöé                      Γöé                     Γöé                          Γöé                           Γöö_FocusInheritedScope
                                                                                                                                              Γöé                      Γöé                     Γöé                          Γöé                            ΓööSemantics(container: false, properties: SemanticsProperties, renderObject: RenderSemanticsAnnotations#33b0f)
                                                                                                                                              Γöé                      Γöé                     Γöé                          Γöé                             ΓööMouseRegion(listeners: [enter, exit], cursor: SystemMouseCursor(click), renderObject: RenderMouseRegion#03899)
                                                                                                                                              Γöé                      Γöé                     Γöé                          Γöé                              ΓööBuilder(dependencies: [DefaultSelectionStyle])
                                                                                                                                              Γöé                      Γöé                     Γöé                          Γöé                               ΓööDefaultSelectionStyle
                                                                                                                                              Γöé                      Γöé                     Γöé                          Γöé                                ΓööSemantics(container: false, properties: SemanticsProperties, renderObject: RenderSemanticsAnnotations#1f291)
                                                                                                                                              Γöé                      Γöé                     Γöé                          Γöé                                 ΓööGestureDetector(startBehavior: start, dependencies: [MediaQuery, ScrollConfiguration])
                                                                                                                                              Γöé                      Γöé                     Γöé                          Γöé                                  ΓööRawGestureDetector(state: RawGestureDetectorState#b8d3f(gestures: [tap], excludeFromSemantics: true, behavior: opaque))
                                                                                                                                              Γöé                      Γöé                     Γöé                          Γöé                                   ΓööListener(listeners: [down, panZoomStart], behavior: opaque, renderObject: RenderPointerListener#b0d14)
                                                                                                                                              Γöé                      Γöé                     Γöé                          Γöé                                    ΓööBuilder(dependencies: [IconTheme])
                                                                                                                                              Γöé                      Γöé                     Γöé                          Γöé                                     ΓööIconTheme(color: Color(0xff6750a4))
                                                                                                                                              Γöé                      Γöé                     Γöé                          Γöé                                      ΓööPadding(padding: EdgeInsets(24.0, 0.0, 24.0, 0.0), dependencies: [Directionality], renderObject: RenderPadding#a7af0)
                                                                                                                                              Γöé                      Γöé                     Γöé                          Γöé                                       ΓööAlign(alignment: Alignment.center, widthFactor: 1.0, heightFactor: 1.0, dependencies: [Directionality], renderObject: RenderPositionedBox#3eb63)
                                                                                                                                              Γöé                      Γöé                     Γöé                          Γöé                                        ΓööCenter(alignment: Alignment.center, dependencies: [Directionality], renderObject: RenderPositionedBox#5e799 relayoutBoundary=up1)
                                                                                                                                              Γöé                      Γöé                     Γöé                          Γöé                                         ΓööText("4", inherit: true, color: Color(0xffffffff), size: 40.0, weight: 700, textAlign: center, dependencies: [DefaultSelectionStyle, DefaultTextStyle, MediaQuery])
                                                                                                                                              Γöé                      Γöé                     Γöé                          Γöé                                          ΓööRichText(textAlign: center, softWrap: wrapping at box width, maxLines: unlimited, text: "4", dependencies: [Directionality, _LocalizationsScope-[GlobalKey#2bc14]], renderObject: RenderParagraph#b77ee relayoutBoundary=up2)
                                                                                                                                              Γöé                      Γöé                     Γöé                          Γö£KeyedSubtree
                                                                                                                                              Γöé                      Γöé                     Γöé                          ΓöéΓööAutomaticKeepAlive(state: _AutomaticKeepAliveState#fe570(handles: no notifications ever received))
                                                                                                                                              Γöé                      Γöé                     Γöé                          Γöé ΓööKeepAlive(keepAlive: false)
                                                                                                                                              Γöé                      Γöé                     Γöé                          Γöé  ΓööNotificationListener<KeepAliveNotification>
                                                                                                                                              Γöé                      Γöé                     Γöé                          Γöé   Γöö_SelectionKeepAlive(state: _SelectionKeepAliveState#d1a10)
                                                                                                                                              Γöé                      Γöé                     Γöé                          Γöé    ΓööIndexedSemantics(index: 13, renderObject: RenderIndexedSemantics#851ca)
                                                                                                                                              Γöé                      Γöé                     Γöé                          Γöé     ΓööRepaintBoundary(renderObject: RenderRepaintBoundary#ffb64)
                                                                                                                                              Γöé                      Γöé                     Γöé                          Γöé      ΓööButton(dependencies: [MediaQuery])
                                                                                                                                              Γöé                      Γöé                     Γöé                          Γöé       ΓööPadding(padding: EdgeInsets.all(8.0), dependencies: [Directionality], renderObject: RenderPadding#599b6)
                                                                                                                                              Γöé                      Γöé                     Γöé                          Γöé        ΓööElevatedButton(style: ButtonStyle#e698b(textStyle: WidgetStatePropertyAll(null), backgroundColor: _ElevatedButtonDefaultColor#499fc, shape: WidgetStatePropertyAll(RoundedRectangleBorder(BorderSide(width: 0.0, style: none), BorderRadius.zero)), mouseCursor: _ElevatedButtonDefaultMouseCursor#4c569), dependencies: [InheritedCupertinoTheme, MediaQuery, _InheritedTheme, _LocalizationsScope-[GlobalKey#2bc14]], state: _ButtonStyleState#232d5)
                                                                                                                                              Γöé                      Γöé                     Γöé                          Γöé         ΓööSemantics(container: true, properties: SemanticsProperties, renderObject: RenderSemanticsAnnotations#a18e5)
                                                                                                                                              Γöé                      Γöé                     Γöé                          Γöé          Γöö_InputPadding(renderObject: _RenderInputPadding#e56c5)
                                                                                                                                              Γöé                      Γöé                     Γöé                          Γöé           ΓööConstrainedBox(BoxConstraints(64.0<=w<=Infinity, 40.0<=h<=Infinity), renderObject: RenderConstrainedBox#fc3bd)
                                                                                                                                              Γöé                      Γöé                     Γöé                          Γöé            ΓööMaterial(type: button, elevation: 1.0, color: MaterialColor(primary value: Color(0xff607d8b)), shadowColor: Color(0xff000000), surfaceTintColor: Color(0x00000000), textStyle.debugLabel: ((englishLike labelLarge 2021).merge((blackMountainView labelLarge).apply)).copyWith, textStyle.inherit: false, textStyle.color: Color(0xff6750a4), textStyle.family: Roboto, textStyle.size: 14.0, textStyle.weight: 500, textStyle.letterSpacing: 0.1, textStyle.baseline: alphabetic, textStyle.height: 1.4x, textStyle.leadingDistribution: even, textStyle.decoration: Color(0xff1d1b20) TextDecoration.none, shape: RoundedRectangleBorder(BorderSide(width: 0.0, style: none), BorderRadius.zero), dependencies: [InheritedCupertinoTheme, _InheritedTheme, _LocalizationsScope-[GlobalKey#2bc14]], state: _MaterialState#95576)
                                                                                                                                              Γöé                      Γöé                     Γöé                          Γöé             Γöö_MaterialInterior(duration: 200ms, shape: RoundedRectangleBorder(BorderSide(width: 0.0, style: none), BorderRadius.zero), elevation: 1.0, color: MaterialColor(primary value: Color(0xff607d8b)), shadowColor: Color(0xff000000), dependencies: [Directionality, InheritedCupertinoTheme, _InheritedTheme, _LocalizationsScope-[GlobalKey#2bc14]], state: _MaterialInteriorState#48c3a(ticker inactive))
                                                                                                                                              Γöé                      Γöé                     Γöé                          Γöé              ΓööPhysicalShape(clipper: ShapeBorderClipper, elevation: 1.0, color: MaterialColor(primary value: Color(0xff607d8b)), shadowColor: Color(0xff000000), renderObject: RenderPhysicalShape#99cec)
                                                                                                                                              Γöé                      Γöé                     Γöé                          Γöé               Γöö_ShapeBorderPaint(dependencies: [Directionality])
                                                                                                                                              Γöé                      Γöé                     Γöé                          Γöé                ΓööCustomPaint(renderObject: RenderCustomPaint#2ab2e)
                                                                                                                                              Γöé                      Γöé                     Γöé                          Γöé                 ΓööNotificationListener<LayoutChangedNotification>
                                                                                                                                              Γöé                      Γöé                     Γöé                          Γöé                  Γöö_InkFeatures-[GlobalKey#4cf3a ink renderer](renderObject: _RenderInkFeatures#39849)
                                                                                                                                              Γöé                      Γöé                     Γöé                          Γöé                   ΓööAnimatedDefaultTextStyle(duration: 200ms, debugLabel: ((englishLike labelLarge 2021).merge((blackMountainView labelLarge).apply)).copyWith, inherit: false, color: Color(0xff6750a4), family: Roboto, size: 14.0, weight: 500, letterSpacing: 0.1, baseline: alphabetic, height: 1.4x, leadingDistribution: even, decoration: Color(0xff1d1b20) TextDecoration.none, softWrap: wrapping at box width, overflow: clip, state: _AnimatedDefaultTextStyleState#45e62(ticker inactive))
                                                                                                                                              Γöé                      Γöé                     Γöé                          Γöé                    ΓööDefaultTextStyle(debugLabel: ((englishLike labelLarge 2021).merge((blackMountainView labelLarge).apply)).copyWith, inherit: false, color: Color(0xff6750a4), family: Roboto, size: 14.0, weight: 500, letterSpacing: 0.1, baseline: alphabetic, height: 1.4x, leadingDistribution: even, decoration: Color(0xff1d1b20) TextDecoration.none, softWrap: wrapping at box width, overflow: clip)
                                                                                                                                              Γöé                      Γöé                     Γöé                          Γöé                     ΓööInkWell
                                                                                                                                              Γöé                      Γöé                     Γöé                          Γöé                      Γöö_InkResponseStateWidget(gestures: [tap], mouseCursor: ButtonStyleButton_MouseCursor, clipped to BoxShape.rectangle, dependencies: [MediaQuery], state: _InkResponseState#9f33e)
                                                                                                                                              Γöé                      Γöé                     Γöé                          Γöé                       Γöö_ParentInkResponseProvider
                                                                                                                                              Γöé                      Γöé                     Γöé                          Γöé                        ΓööActions(dispatcher: null, actions: {ActivateIntent: CallbackAction<ActivateIntent>#c2652, ButtonActivateIntent: CallbackAction<ButtonActivateIntent>#8a0c6}, state: _ActionsState#470aa)
                                                                                                                                              Γöé                      Γöé                     Γöé                          Γöé                         Γöö_ActionsScope
                                                                                                                                              Γöé                      Γöé                     Γöé                          Γöé                          ΓööFocus(dependencies: [_FocusInheritedScope], state: _FocusState#901f8)
                                                                                                                                              Γöé                      Γöé                     Γöé                          Γöé                           Γöö_FocusInheritedScope
                                                                                                                                              Γöé                      Γöé                     Γöé                          Γöé                            ΓööSemantics(container: false, properties: SemanticsProperties, renderObject: RenderSemanticsAnnotations#3427f)
                                                                                                                                              Γöé                      Γöé                     Γöé                          Γöé                             ΓööMouseRegion(listeners: [enter, exit], cursor: SystemMouseCursor(click), renderObject: RenderMouseRegion#650a7)
                                                                                                                                              Γöé                      Γöé                     Γöé                          Γöé                              ΓööBuilder(dependencies: [DefaultSelectionStyle])
                                                                                                                                              Γöé                      Γöé                     Γöé                          Γöé                               ΓööDefaultSelectionStyle
                                                                                                                                              Γöé                      Γöé                     Γöé                          Γöé                                ΓööSemantics(container: false, properties: SemanticsProperties, renderObject: RenderSemanticsAnnotations#eef71)
                                                                                                                                              Γöé                      Γöé                     Γöé                          Γöé                                 ΓööGestureDetector(startBehavior: start, dependencies: [MediaQuery, ScrollConfiguration])
                                                                                                                                              Γöé                      Γöé                     Γöé                          Γöé                                  ΓööRawGestureDetector(state: RawGestureDetectorState#43f99(gestures: [tap], excludeFromSemantics: true, behavior: opaque))
                                                                                                                                              Γöé                      Γöé                     Γöé                          Γöé                                   ΓööListener(listeners: [down, panZoomStart], behavior: opaque, renderObject: RenderPointerListener#a3ed9)
                                                                                                                                              Γöé                      Γöé                     Γöé                          Γöé                                    ΓööBuilder(dependencies: [IconTheme])
                                                                                                                                              Γöé                      Γöé                     Γöé                          Γöé                                     ΓööIconTheme(color: Color(0xff6750a4))
                                                                                                                                              Γöé                      Γöé                     Γöé                          Γöé                                      ΓööPadding(padding: EdgeInsets(24.0, 0.0, 24.0, 0.0), dependencies: [Directionality], renderObject: RenderPadding#1b508)
                                                                                                                                              Γöé                      Γöé                     Γöé                          Γöé                                       ΓööAlign(alignment: Alignment.center, widthFactor: 1.0, heightFactor: 1.0, dependencies: [Directionality], renderObject: RenderPositionedBox#08651)
                                                                                                                                              Γöé                      Γöé                     Γöé                          Γöé                                        ΓööCenter(alignment: Alignment.center, dependencies: [Directionality], renderObject: RenderPositionedBox#491e5 relayoutBoundary=up1)
                                                                                                                                              Γöé                      Γöé                     Γöé                          Γöé                                         ΓööText("5", inherit: true, color: Color(0xffffffff), size: 40.0, weight: 700, textAlign: center, dependencies: [DefaultSelectionStyle, DefaultTextStyle, MediaQuery])
                                                                                                                                              Γöé                      Γöé                     Γöé                          Γöé                                          ΓööRichText(textAlign: center, softWrap: wrapping at box width, maxLines: unlimited, text: "5", dependencies: [Directionality, _LocalizationsScope-[GlobalKey#2bc14]], renderObject: RenderParagraph#12131 relayoutBoundary=up2)
                                                                                                                                              Γöé                      Γöé                     Γöé                          Γö£KeyedSubtree
                                                                                                                                              Γöé                      Γöé                     Γöé                          ΓöéΓööAutomaticKeepAlive(state: _AutomaticKeepAliveState#3b5a9(handles: no notifications ever received))
                                                                                                                                              Γöé                      Γöé                     Γöé                          Γöé ΓööKeepAlive(keepAlive: false)
                                                                                                                                              Γöé                      Γöé                     Γöé                          Γöé  ΓööNotificationListener<KeepAliveNotification>
                                                                                                                                              Γöé                      Γöé                     Γöé                          Γöé   Γöö_SelectionKeepAlive(state: _SelectionKeepAliveState#54855)
                                                                                                                                              Γöé                      Γöé                     Γöé                          Γöé    ΓööIndexedSemantics(index: 14, renderObject: RenderIndexedSemantics#77876)
                                                                                                                                              Γöé                      Γöé                     Γöé                          Γöé     ΓööRepaintBoundary(renderObject: RenderRepaintBoundary#85573)
                                                                                                                                              Γöé                      Γöé                     Γöé                          Γöé      ΓööButton(dependencies: [MediaQuery])
                                                                                                                                              Γöé                      Γöé                     Γöé                          Γöé       ΓööPadding(padding: EdgeInsets.all(8.0), dependencies: [Directionality], renderObject: RenderPadding#0c4d6)
                                                                                                                                              Γöé                      Γöé                     Γöé                          Γöé        ΓööElevatedButton(style: ButtonStyle#26646(textStyle: WidgetStatePropertyAll(null), backgroundColor: _ElevatedButtonDefaultColor#a1990, shape: WidgetStatePropertyAll(RoundedRectangleBorder(BorderSide(width: 0.0, style: none), BorderRadius.zero)), mouseCursor: _ElevatedButtonDefaultMouseCursor#a7e63), dependencies: [InheritedCupertinoTheme, MediaQuery, _InheritedTheme, _LocalizationsScope-[GlobalKey#2bc14]], state: _ButtonStyleState#a8049)
                                                                                                                                              Γöé                      Γöé                     Γöé                          Γöé         ΓööSemantics(container: true, properties: SemanticsProperties, renderObject: RenderSemanticsAnnotations#84ec5)
                                                                                                                                              Γöé                      Γöé                     Γöé                          Γöé          Γöö_InputPadding(renderObject: _RenderInputPadding#a414b)
                                                                                                                                              Γöé                      Γöé                     Γöé                          Γöé           ΓööConstrainedBox(BoxConstraints(64.0<=w<=Infinity, 40.0<=h<=Infinity), renderObject: RenderConstrainedBox#c06a2)
                                                                                                                                              Γöé                      Γöé                     Γöé                          Γöé            ΓööMaterial(type: button, elevation: 1.0, color: MaterialColor(primary value: Color(0xff607d8b)), shadowColor: Color(0xff000000), surfaceTintColor: Color(0x00000000), textStyle.debugLabel: ((englishLike labelLarge 2021).merge((blackMountainView labelLarge).apply)).copyWith, textStyle.inherit: false, textStyle.color: Color(0xff6750a4), textStyle.family: Roboto, textStyle.size: 14.0, textStyle.weight: 500, textStyle.letterSpacing: 0.1, textStyle.baseline: alphabetic, textStyle.height: 1.4x, textStyle.leadingDistribution: even, textStyle.decoration: Color(0xff1d1b20) TextDecoration.none, shape: RoundedRectangleBorder(BorderSide(width: 0.0, style: none), BorderRadius.zero), dependencies: [InheritedCupertinoTheme, _InheritedTheme, _LocalizationsScope-[GlobalKey#2bc14]], state: _MaterialState#c94ad)
                                                                                                                                              Γöé                      Γöé                     Γöé                          Γöé             Γöö_MaterialInterior(duration: 200ms, shape: RoundedRectangleBorder(BorderSide(width: 0.0, style: none), BorderRadius.zero), elevation: 1.0, color: MaterialColor(primary value: Color(0xff607d8b)), shadowColor: Color(0xff000000), dependencies: [Directionality, InheritedCupertinoTheme, _InheritedTheme, _LocalizationsScope-[GlobalKey#2bc14]], state: _MaterialInteriorState#1e637(ticker inactive))
                                                                                                                                              Γöé                      Γöé                     Γöé                          Γöé              ΓööPhysicalShape(clipper: ShapeBorderClipper, elevation: 1.0, color: MaterialColor(primary value: Color(0xff607d8b)), shadowColor: Color(0xff000000), renderObject: RenderPhysicalShape#ea54c)
                                                                                                                                              Γöé                      Γöé                     Γöé                          Γöé               Γöö_ShapeBorderPaint(dependencies: [Directionality])
                                                                                                                                              Γöé                      Γöé                     Γöé                          Γöé                ΓööCustomPaint(renderObject: RenderCustomPaint#fdcfc)
                                                                                                                                              Γöé                      Γöé                     Γöé                          Γöé                 ΓööNotificationListener<LayoutChangedNotification>
                                                                                                                                              Γöé                      Γöé                     Γöé                          Γöé                  Γöö_InkFeatures-[GlobalKey#dbbbb ink renderer](renderObject: _RenderInkFeatures#3d99c)
                                                                                                                                              Γöé                      Γöé                     Γöé                          Γöé                   ΓööAnimatedDefaultTextStyle(duration: 200ms, debugLabel: ((englishLike labelLarge 2021).merge((blackMountainView labelLarge).apply)).copyWith, inherit: false, color: Color(0xff6750a4), family: Roboto, size: 14.0, weight: 500, letterSpacing: 0.1, baseline: alphabetic, height: 1.4x, leadingDistribution: even, decoration: Color(0xff1d1b20) TextDecoration.none, softWrap: wrapping at box width, overflow: clip, state: _AnimatedDefaultTextStyleState#956e7(ticker inactive))
                                                                                                                                              Γöé                      Γöé                     Γöé                          Γöé                    ΓööDefaultTextStyle(debugLabel: ((englishLike labelLarge 2021).merge((blackMountainView labelLarge).apply)).copyWith, inherit: false, color: Color(0xff6750a4), family: Roboto, size: 14.0, weight: 500, letterSpacing: 0.1, baseline: alphabetic, height: 1.4x, leadingDistribution: even, decoration: Color(0xff1d1b20) TextDecoration.none, softWrap: wrapping at box width, overflow: clip)
                                                                                                                                              Γöé                      Γöé                     Γöé                          Γöé                     ΓööInkWell
                                                                                                                                              Γöé                      Γöé                     Γöé                          Γöé                      Γöö_InkResponseStateWidget(gestures: [tap], mouseCursor: ButtonStyleButton_MouseCursor, clipped to BoxShape.rectangle, dependencies: [MediaQuery], state: _InkResponseState#14dda)
                                                                                                                                              Γöé                      Γöé                     Γöé                          Γöé                       Γöö_ParentInkResponseProvider
                                                                                                                                              Γöé                      Γöé                     Γöé                          Γöé                        ΓööActions(dispatcher: null, actions: {ActivateIntent: CallbackAction<ActivateIntent>#d24c6, ButtonActivateIntent: CallbackAction<ButtonActivateIntent>#edac5}, state: _ActionsState#81e36)
                                                                                                                                              Γöé                      Γöé                     Γöé                          Γöé                         Γöö_ActionsScope
                                                                                                                                              Γöé                      Γöé                     Γöé                          Γöé                          ΓööFocus(dependencies: [_FocusInheritedScope], state: _FocusState#b33e3)
                                                                                                                                              Γöé                      Γöé                     Γöé                          Γöé                           Γöö_FocusInheritedScope
                                                                                                                                              Γöé                      Γöé                     Γöé                          Γöé                            ΓööSemantics(container: false, properties: SemanticsProperties, renderObject: RenderSemanticsAnnotations#2f43a)
                                                                                                                                              Γöé                      Γöé                     Γöé                          Γöé                             ΓööMouseRegion(listeners: [enter, exit], cursor: SystemMouseCursor(click), renderObject: RenderMouseRegion#91285)
                                                                                                                                              Γöé                      Γöé                     Γöé                          Γöé                              ΓööBuilder(dependencies: [DefaultSelectionStyle])
                                                                                                                                              Γöé                      Γöé                     Γöé                          Γöé                               ΓööDefaultSelectionStyle
                                                                                                                                              Γöé                      Γöé                     Γöé                          Γöé                                ΓööSemantics(container: false, properties: SemanticsProperties, renderObject: RenderSemanticsAnnotations#326b7)
                                                                                                                                              Γöé                      Γöé                     Γöé                          Γöé                                 ΓööGestureDetector(startBehavior: start, dependencies: [MediaQuery, ScrollConfiguration])
                                                                                                                                              Γöé                      Γöé                     Γöé                          Γöé                                  ΓööRawGestureDetector(state: RawGestureDetectorState#b7ac5(gestures: [tap], excludeFromSemantics: true, behavior: opaque))
                                                                                                                                              Γöé                      Γöé                     Γöé                          Γöé                                   ΓööListener(listeners: [down, panZoomStart], behavior: opaque, renderObject: RenderPointerListener#35151)
                                                                                                                                              Γöé                      Γöé                     Γöé                          Γöé                                    ΓööBuilder(dependencies: [IconTheme])
                                                                                                                                              Γöé                      Γöé                     Γöé                          Γöé                                     ΓööIconTheme(color: Color(0xff6750a4))
                                                                                                                                              Γöé                      Γöé                     Γöé                          Γöé                                      ΓööPadding(padding: EdgeInsets(24.0, 0.0, 24.0, 0.0), dependencies: [Directionality], renderObject: RenderPadding#b2cce)
                                                                                                                                              Γöé                      Γöé                     Γöé                          Γöé                                       ΓööAlign(alignment: Alignment.center, widthFactor: 1.0, heightFactor: 1.0, dependencies: [Directionality], renderObject: RenderPositionedBox#8a7d0)
                                                                                                                                              Γöé                      Γöé                     Γöé                          Γöé                                        ΓööCenter(alignment: Alignment.center, dependencies: [Directionality], renderObject: RenderPositionedBox#9e251 relayoutBoundary=up1)
                                                                                                                                              Γöé                      Γöé                     Γöé                          Γöé                                         ΓööText("6", inherit: true, color: Color(0xffffffff), size: 40.0, weight: 700, textAlign: center, dependencies: [DefaultSelectionStyle, DefaultTextStyle, MediaQuery])
                                                                                                                                              Γöé                      Γöé                     Γöé                          Γöé                                          ΓööRichText(textAlign: center, softWrap: wrapping at box width, maxLines: unlimited, text: "6", dependencies: [Directionality, _LocalizationsScope-[GlobalKey#2bc14]], renderObject: RenderParagraph#cc9b7 relayoutBoundary=up2)
                                                                                                                                              Γöé                      Γöé                     Γöé                          Γö£KeyedSubtree
                                                                                                                                              Γöé                      Γöé                     Γöé                          ΓöéΓööAutomaticKeepAlive(state: _AutomaticKeepAliveState#f4e98(handles: no notifications ever received))
                                                                                                                                              Γöé                      Γöé                     Γöé                          Γöé ΓööKeepAlive(keepAlive: false)
                                                                                                                                              Γöé                      Γöé                     Γöé                          Γöé  ΓööNotificationListener<KeepAliveNotification>
                                                                                                                                              Γöé                      Γöé                     Γöé                          Γöé   Γöö_SelectionKeepAlive(state: _SelectionKeepAliveState#c09c4)
                                                                                                                                              Γöé                      Γöé                     Γöé                          Γöé    ΓööIndexedSemantics(index: 15, renderObject: RenderIndexedSemantics#bcb60)
                                                                                                                                              Γöé                      Γöé                     Γöé                          Γöé     ΓööRepaintBoundary(renderObject: RenderRepaintBoundary#3c622)
                                                                                                                                              Γöé                      Γöé                     Γöé                          Γöé      ΓööButton(dependencies: [MediaQuery])
                                                                                                                                              Γöé                      Γöé                     Γöé                          Γöé       ΓööPadding(padding: EdgeInsets.all(8.0), dependencies: [Directionality], renderObject: RenderPadding#0cc1b)
                                                                                                                                              Γöé                      Γöé                     Γöé                          Γöé        ΓööElevatedButton(style: ButtonStyle#0d749(textStyle: WidgetStatePropertyAll(null), backgroundColor: _ElevatedButtonDefaultColor#d61cc, shape: WidgetStatePropertyAll(RoundedRectangleBorder(BorderSide(width: 0.0, style: none), BorderRadius.zero)), mouseCursor: _ElevatedButtonDefaultMouseCursor#c95f9), dependencies: [InheritedCupertinoTheme, MediaQuery, _InheritedTheme, _LocalizationsScope-[GlobalKey#2bc14]], state: _ButtonStyleState#46d86)
                                                                                                                                              Γöé                      Γöé                     Γöé                          Γöé         ΓööSemantics(container: true, properties: SemanticsProperties, renderObject: RenderSemanticsAnnotations#fdc9e)
                                                                                                                                              Γöé                      Γöé                     Γöé                          Γöé          Γöö_InputPadding(renderObject: _RenderInputPadding#828fc)
                                                                                                                                              Γöé                      Γöé                     Γöé                          Γöé           ΓööConstrainedBox(BoxConstraints(64.0<=w<=Infinity, 40.0<=h<=Infinity), renderObject: RenderConstrainedBox#667c0)
                                                                                                                                              Γöé                      Γöé                     Γöé                          Γöé            ΓööMaterial(type: button, elevation: 1.0, color: MaterialColor(primary value: Color(0xff607d8b)), shadowColor: Color(0xff000000), surfaceTintColor: Color(0x00000000), textStyle.debugLabel: ((englishLike labelLarge 2021).merge((blackMountainView labelLarge).apply)).copyWith, textStyle.inherit: false, textStyle.color: Color(0xff6750a4), textStyle.family: Roboto, textStyle.size: 14.0, textStyle.weight: 500, textStyle.letterSpacing: 0.1, textStyle.baseline: alphabetic, textStyle.height: 1.4x, textStyle.leadingDistribution: even, textStyle.decoration: Color(0xff1d1b20) TextDecoration.none, shape: RoundedRectangleBorder(BorderSide(width: 0.0, style: none), BorderRadius.zero), dependencies: [InheritedCupertinoTheme, _InheritedTheme, _LocalizationsScope-[GlobalKey#2bc14]], state: _MaterialState#ee0da)
                                                                                                                                              Γöé                      Γöé                     Γöé                          Γöé             Γöö_MaterialInterior(duration: 200ms, shape: RoundedRectangleBorder(BorderSide(width: 0.0, style: none), BorderRadius.zero), elevation: 1.0, color: MaterialColor(primary value: Color(0xff607d8b)), shadowColor: Color(0xff000000), dependencies: [Directionality, InheritedCupertinoTheme, _InheritedTheme, _LocalizationsScope-[GlobalKey#2bc14]], state: _MaterialInteriorState#9f450(ticker inactive))
                                                                                                                                              Γöé                      Γöé                     Γöé                          Γöé              ΓööPhysicalShape(clipper: ShapeBorderClipper, elevation: 1.0, color: MaterialColor(primary value: Color(0xff607d8b)), shadowColor: Color(0xff000000), renderObject: RenderPhysicalShape#930ae)
                                                                                                                                              Γöé                      Γöé                     Γöé                          Γöé               Γöö_ShapeBorderPaint(dependencies: [Directionality])
                                                                                                                                              Γöé                      Γöé                     Γöé                          Γöé                ΓööCustomPaint(renderObject: RenderCustomPaint#05bb9)
                                                                                                                                              Γöé                      Γöé                     Γöé                          Γöé                 ΓööNotificationListener<LayoutChangedNotification>
                                                                                                                                              Γöé                      Γöé                     Γöé                          Γöé                  Γöö_InkFeatures-[GlobalKey#b3ec6 ink renderer](renderObject: _RenderInkFeatures#e673d)
                                                                                                                                              Γöé                      Γöé                     Γöé                          Γöé                   ΓööAnimatedDefaultTextStyle(duration: 200ms, debugLabel: ((englishLike labelLarge 2021).merge((blackMountainView labelLarge).apply)).copyWith, inherit: false, color: Color(0xff6750a4), family: Roboto, size: 14.0, weight: 500, letterSpacing: 0.1, baseline: alphabetic, height: 1.4x, leadingDistribution: even, decoration: Color(0xff1d1b20) TextDecoration.none, softWrap: wrapping at box width, overflow: clip, state: _AnimatedDefaultTextStyleState#0d277(ticker inactive))
                                                                                                                                              Γöé                      Γöé                     Γöé                          Γöé                    ΓööDefaultTextStyle(debugLabel: ((englishLike labelLarge 2021).merge((blackMountainView labelLarge).apply)).copyWith, inherit: false, color: Color(0xff6750a4), family: Roboto, size: 14.0, weight: 500, letterSpacing: 0.1, baseline: alphabetic, height: 1.4x, leadingDistribution: even, decoration: Color(0xff1d1b20) TextDecoration.none, softWrap: wrapping at box width, overflow: clip)
                                                                                                                                              Γöé                      Γöé                     Γöé                          Γöé                     ΓööInkWell
                                                                                                                                              Γöé                      Γöé                     Γöé                          Γöé                      Γöö_InkResponseStateWidget(gestures: [tap], mouseCursor: ButtonStyleButton_MouseCursor, clipped to BoxShape.rectangle, dependencies: [MediaQuery], state: _InkResponseState#d3d72)
                                                                                                                                              Γöé                      Γöé                     Γöé                          Γöé                       Γöö_ParentInkResponseProvider
                                                                                                                                              Γöé                      Γöé                     Γöé                          Γöé                        ΓööActions(dispatcher: null, actions: {ActivateIntent: CallbackAction<ActivateIntent>#8f51f, ButtonActivateIntent: CallbackAction<ButtonActivateIntent>#84951}, state: _ActionsState#26a94)
                                                                                                                                              Γöé                      Γöé                     Γöé                          Γöé                         Γöö_ActionsScope
                                                                                                                                              Γöé                      Γöé                     Γöé                          Γöé                          ΓööFocus(dependencies: [_FocusInheritedScope], state: _FocusState#6c3ab)
                                                                                                                                              Γöé                      Γöé                     Γöé                          Γöé                           Γöö_FocusInheritedScope
                                                                                                                                              Γöé                      Γöé                     Γöé                          Γöé                            ΓööSemantics(container: false, properties: SemanticsProperties, renderObject: RenderSemanticsAnnotations#72482)
                                                                                                                                              Γöé                      Γöé                     Γöé                          Γöé                             ΓööMouseRegion(listeners: [enter, exit], cursor: SystemMouseCursor(click), renderObject: RenderMouseRegion#0426c)
                                                                                                                                              Γöé                      Γöé                     Γöé                          Γöé                              ΓööBuilder(dependencies: [DefaultSelectionStyle])
                                                                                                                                              Γöé                      Γöé                     Γöé                          Γöé                               ΓööDefaultSelectionStyle
                                                                                                                                              Γöé                      Γöé                     Γöé                          Γöé                                ΓööSemantics(container: false, properties: SemanticsProperties, renderObject: RenderSemanticsAnnotations#42eac)
                                                                                                                                              Γöé                      Γöé                     Γöé                          Γöé                                 ΓööGestureDetector(startBehavior: start, dependencies: [MediaQuery, ScrollConfiguration])
                                                                                                                                              Γöé                      Γöé                     Γöé                          Γöé                                  ΓööRawGestureDetector(state: RawGestureDetectorState#8598c(gestures: [tap], excludeFromSemantics: true, behavior: opaque))
                                                                                                                                              Γöé                      Γöé                     Γöé                          Γöé                                   ΓööListener(listeners: [down, panZoomStart], behavior: opaque, renderObject: RenderPointerListener#3341c)
                                                                                                                                              Γöé                      Γöé                     Γöé                          Γöé                                    ΓööBuilder(dependencies: [IconTheme])
                                                                                                                                              Γöé                      Γöé                     Γöé                          Γöé                                     ΓööIconTheme(color: Color(0xff6750a4))
                                                                                                                                              Γöé                      Γöé                     Γöé                          Γöé                                      ΓööPadding(padding: EdgeInsets(24.0, 0.0, 24.0, 0.0), dependencies: [Directionality], renderObject: RenderPadding#2d864)
                                                                                                                                              Γöé                      Γöé                     Γöé                          Γöé                                       ΓööAlign(alignment: Alignment.center, widthFactor: 1.0, heightFactor: 1.0, dependencies: [Directionality], renderObject: RenderPositionedBox#83cb1)
                                                                                                                                              Γöé                      Γöé                     Γöé                          Γöé                                        ΓööCenter(alignment: Alignment.center, dependencies: [Directionality], renderObject: RenderPositionedBox#f8d8b relayoutBoundary=up1)
                                                                                                                                              Γöé                      Γöé                     Γöé                          Γöé                                         ΓööText("Full", inherit: true, color: Color(0xffffffff), size: 26.7, weight: 700, textAlign: center, dependencies: [DefaultSelectionStyle, DefaultTextStyle, MediaQuery])
                                                                                                                                              Γöé                      Γöé                     Γöé                          Γöé                                          ΓööRichText(textAlign: center, softWrap: wrapping at box width, maxLines: unlimited, text: "Full", dependencies: [Directionality, _LocalizationsScope-[GlobalKey#2bc14]], renderObject: RenderParagraph#68218 relayoutBoundary=up2)
                                                                                                                                              Γöé                      Γöé                     Γöé                          Γö£KeyedSubtree
                                                                                                                                              Γöé                      Γöé                     Γöé                          ΓöéΓööAutomaticKeepAlive(state: _AutomaticKeepAliveState#a220c(handles: no notifications ever received))
                                                                                                                                              Γöé                      Γöé                     Γöé                          Γöé ΓööKeepAlive(keepAlive: false)
                                                                                                                                              Γöé                      Γöé                     Γöé                          Γöé  ΓööNotificationListener<KeepAliveNotification>
                                                                                                                                              Γöé                      Γöé                     Γöé                          Γöé   Γöö_SelectionKeepAlive(state: _SelectionKeepAliveState#89116)
                                                                                                                                              Γöé                      Γöé                     Γöé                          Γöé    ΓööIndexedSemantics(index: 16, renderObject: RenderIndexedSemantics#fb5f0)
                                                                                                                                              Γöé                      Γöé                     Γöé                          Γöé     ΓööRepaintBoundary(renderObject: RenderRepaintBoundary#ade12)
                                                                                                                                              Γöé                      Γöé                     Γöé                          Γöé      ΓööButton(dependencies: [MediaQuery])
                                                                                                                                              Γöé                      Γöé                     Γöé                          Γöé       ΓööPadding(padding: EdgeInsets.all(8.0), dependencies: [Directionality], renderObject: RenderPadding#70e84)
                                                                                                                                              Γöé                      Γöé                     Γöé                          Γöé        ΓööElevatedButton(style: ButtonStyle#2099a(textStyle: WidgetStatePropertyAll(null), backgroundColor: _ElevatedButtonDefaultColor#7f90e, shape: WidgetStatePropertyAll(RoundedRectangleBorder(BorderSide(width: 0.0, style: none), BorderRadius.zero)), mouseCursor: _ElevatedButtonDefaultMouseCursor#68ac5), dependencies: [InheritedCupertinoTheme, MediaQuery, _InheritedTheme, _LocalizationsScope-[GlobalKey#2bc14]], state: _ButtonStyleState#e3009)
                                                                                                                                              Γöé                      Γöé                     Γöé                          Γöé         ΓööSemantics(container: true, properties: SemanticsProperties, renderObject: RenderSemanticsAnnotations#290a3)
                                                                                                                                              Γöé                      Γöé                     Γöé                          Γöé          Γöö_InputPadding(renderObject: _RenderInputPadding#5651e)
                                                                                                                                              Γöé                      Γöé                     Γöé                          Γöé           ΓööConstrainedBox(BoxConstraints(64.0<=w<=Infinity, 40.0<=h<=Infinity), renderObject: RenderConstrainedBox#70744)
                                                                                                                                              Γöé                      Γöé                     Γöé                          Γöé            ΓööMaterial(type: button, elevation: 1.0, color: MaterialColor(primary value: Color(0xff607d8b)), shadowColor: Color(0xff000000), surfaceTintColor: Color(0x00000000), textStyle.debugLabel: ((englishLike labelLarge 2021).merge((blackMountainView labelLarge).apply)).copyWith, textStyle.inherit: false, textStyle.color: Color(0xff6750a4), textStyle.family: Roboto, textStyle.size: 14.0, textStyle.weight: 500, textStyle.letterSpacing: 0.1, textStyle.baseline: alphabetic, textStyle.height: 1.4x, textStyle.leadingDistribution: even, textStyle.decoration: Color(0xff1d1b20) TextDecoration.none, shape: RoundedRectangleBorder(BorderSide(width: 0.0, style: none), BorderRadius.zero), dependencies: [InheritedCupertinoTheme, _InheritedTheme, _LocalizationsScope-[GlobalKey#2bc14]], state: _MaterialState#ae9bc)
                                                                                                                                              Γöé                      Γöé                     Γöé                          Γöé             Γöö_MaterialInterior(duration: 200ms, shape: RoundedRectangleBorder(BorderSide(width: 0.0, style: none), BorderRadius.zero), elevation: 1.0, color: MaterialColor(primary value: Color(0xff607d8b)), shadowColor: Color(0xff000000), dependencies: [Directionality, InheritedCupertinoTheme, _InheritedTheme, _LocalizationsScope-[GlobalKey#2bc14]], state: _MaterialInteriorState#3ed45(ticker inactive))
                                                                                                                                              Γöé                      Γöé                     Γöé                          Γöé              ΓööPhysicalShape(clipper: ShapeBorderClipper, elevation: 1.0, color: MaterialColor(primary value: Color(0xff607d8b)), shadowColor: Color(0xff000000), renderObject: RenderPhysicalShape#78d6c)
                                                                                                                                              Γöé                      Γöé                     Γöé                          Γöé               Γöö_ShapeBorderPaint(dependencies: [Directionality])
                                                                                                                                              Γöé                      Γöé                     Γöé                          Γöé                ΓööCustomPaint(renderObject: RenderCustomPaint#96377)
                                                                                                                                              Γöé                      Γöé                     Γöé                          Γöé                 ΓööNotificationListener<LayoutChangedNotification>
                                                                                                                                              Γöé                      Γöé                     Γöé                          Γöé                  Γöö_InkFeatures-[GlobalKey#18225 ink renderer](renderObject: _RenderInkFeatures#28f96)
                                                                                                                                              Γöé                      Γöé                     Γöé                          Γöé                   ΓööAnimatedDefaultTextStyle(duration: 200ms, debugLabel: ((englishLike labelLarge 2021).merge((blackMountainView labelLarge).apply)).copyWith, inherit: false, color: Color(0xff6750a4), family: Roboto, size: 14.0, weight: 500, letterSpacing: 0.1, baseline: alphabetic, height: 1.4x, leadingDistribution: even, decoration: Color(0xff1d1b20) TextDecoration.none, softWrap: wrapping at box width, overflow: clip, state: _AnimatedDefaultTextStyleState#e16a2(ticker inactive))
                                                                                                                                              Γöé                      Γöé                     Γöé                          Γöé                    ΓööDefaultTextStyle(debugLabel: ((englishLike labelLarge 2021).merge((blackMountainView labelLarge).apply)).copyWith, inherit: false, color: Color(0xff6750a4), family: Roboto, size: 14.0, weight: 500, letterSpacing: 0.1, baseline: alphabetic, height: 1.4x, leadingDistribution: even, decoration: Color(0xff1d1b20) TextDecoration.none, softWrap: wrapping at box width, overflow: clip)
                                                                                                                                              Γöé                      Γöé                     Γöé                          Γöé                     ΓööInkWell
                                                                                                                                              Γöé                      Γöé                     Γöé                          Γöé                      Γöö_InkResponseStateWidget(gestures: [tap], mouseCursor: ButtonStyleButton_MouseCursor, clipped to BoxShape.rectangle, dependencies: [MediaQuery], state: _InkResponseState#c05da)
                                                                                                                                              Γöé                      Γöé                     Γöé                          Γöé                       Γöö_ParentInkResponseProvider
                                                                                                                                              Γöé                      Γöé                     Γöé                          Γöé                        ΓööActions(dispatcher: null, actions: {ActivateIntent: CallbackAction<ActivateIntent>#d3863, ButtonActivateIntent: CallbackAction<ButtonActivateIntent>#18d43}, state: _ActionsState#177ba)
                                                                                                                                              Γöé                      Γöé                     Γöé                          Γöé                         Γöö_ActionsScope
                                                                                                                                              Γöé                      Γöé                     Γöé                          Γöé                          ΓööFocus(dependencies: [_FocusInheritedScope], state: _FocusState#b4808)
                                                                                                                                              Γöé                      Γöé                     Γöé                          Γöé                           Γöö_FocusInheritedScope
                                                                                                                                              Γöé                      Γöé                     Γöé                          Γöé                            ΓööSemantics(container: false, properties: SemanticsProperties, renderObject: RenderSemanticsAnnotations#678bc)
                                                                                                                                              Γöé                      Γöé                     Γöé                          Γöé                             ΓööMouseRegion(listeners: [enter, exit], cursor: SystemMouseCursor(click), renderObject: RenderMouseRegion#30373)
                                                                                                                                              Γöé                      Γöé                     Γöé                          Γöé                              ΓööBuilder(dependencies: [DefaultSelectionStyle])
                                                                                                                                              Γöé                      Γöé                     Γöé                          Γöé                               ΓööDefaultSelectionStyle
                                                                                                                                              Γöé                      Γöé                     Γöé                          Γöé                                ΓööSemantics(container: false, properties: SemanticsProperties, renderObject: RenderSemanticsAnnotations#7ac36)
                                                                                                                                              Γöé                      Γöé                     Γöé                          Γöé                                 ΓööGestureDetector(startBehavior: start, dependencies: [MediaQuery, ScrollConfiguration])
                                                                                                                                              Γöé                      Γöé                     Γöé                          Γöé                                  ΓööRawGestureDetector(state: RawGestureDetectorState#b1aec(gestures: [tap], excludeFromSemantics: true, behavior: opaque))
                                                                                                                                              Γöé                      Γöé                     Γöé                          Γöé                                   ΓööListener(listeners: [down, panZoomStart], behavior: opaque, renderObject: RenderPointerListener#dd622)
                                                                                                                                              Γöé                      Γöé                     Γöé                          Γöé                                    ΓööBuilder(dependencies: [IconTheme])
                                                                                                                                              Γöé                      Γöé                     Γöé                          Γöé                                     ΓööIconTheme(color: Color(0xff6750a4))
                                                                                                                                              Γöé                      Γöé                     Γöé                          Γöé                                      ΓööPadding(padding: EdgeInsets(24.0, 0.0, 24.0, 0.0), dependencies: [Directionality], renderObject: RenderPadding#01b94)
                                                                                                                                              Γöé                      Γöé                     Γöé                          Γöé                                       ΓööAlign(alignment: Alignment.center, widthFactor: 1.0, heightFactor: 1.0, dependencies: [Directionality], renderObject: RenderPositionedBox#03bd0)
                                                                                                                                              Γöé                      Γöé                     Γöé                          Γöé                                        ΓööCenter(alignment: Alignment.center, dependencies: [Directionality], renderObject: RenderPositionedBox#5d8b7 relayoutBoundary=up1)
                                                                                                                                              Γöé                      Γöé                     Γöé                          Γöé                                         ΓööText("1", inherit: true, color: Color(0xffffffff), size: 40.0, weight: 700, textAlign: center, dependencies: [DefaultSelectionStyle, DefaultTextStyle, MediaQuery])
                                                                                                                                              Γöé                      Γöé                     Γöé                          Γöé                                          ΓööRichText(textAlign: center, softWrap: wrapping at box width, maxLines: unlimited, text: "1", dependencies: [Directionality, _LocalizationsScope-[GlobalKey#2bc14]], renderObject: RenderParagraph#24076 relayoutBoundary=up2)
                                                                                                                                              Γöé                      Γöé                     Γöé                          Γö£KeyedSubtree
                                                                                                                                              Γöé                      Γöé                     Γöé                          ΓöéΓööAutomaticKeepAlive(state: _AutomaticKeepAliveState#c138d(handles: no notifications ever received))
                                                                                                                                              Γöé                      Γöé                     Γöé                          Γöé ΓööKeepAlive(keepAlive: false)
                                                                                                                                              Γöé                      Γöé                     Γöé                          Γöé  ΓööNotificationListener<KeepAliveNotification>
                                                                                                                                              Γöé                      Γöé                     Γöé                          Γöé   Γöö_SelectionKeepAlive(state: _SelectionKeepAliveState#23ce9)
                                                                                                                                              Γöé                      Γöé                     Γöé                          Γöé    ΓööIndexedSemantics(index: 17, renderObject: RenderIndexedSemantics#a781a)
                                                                                                                                              Γöé                      Γöé                     Γöé                          Γöé     ΓööRepaintBoundary(renderObject: RenderRepaintBoundary#5c5aa)
                                                                                                                                              Γöé                      Γöé                     Γöé                          Γöé      ΓööButton(dependencies: [MediaQuery])
                                                                                                                                              Γöé                      Γöé                     Γöé                          Γöé       ΓööPadding(padding: EdgeInsets.all(8.0), dependencies: [Directionality], renderObject: RenderPadding#31346)
                                                                                                                                              Γöé                      Γöé                     Γöé                          Γöé        ΓööElevatedButton(style: ButtonStyle#ba278(textStyle: WidgetStatePropertyAll(null), backgroundColor: _ElevatedButtonDefaultColor#9fa7f, shape: WidgetStatePropertyAll(RoundedRectangleBorder(BorderSide(width: 0.0, style: none), BorderRadius.zero)), mouseCursor: _ElevatedButtonDefaultMouseCursor#55882), dependencies: [InheritedCupertinoTheme, MediaQuery, _InheritedTheme, _LocalizationsScope-[GlobalKey#2bc14]], state: _ButtonStyleState#fa630)
                                                                                                                                              Γöé                      Γöé                     Γöé                          Γöé         ΓööSemantics(container: true, properties: SemanticsProperties, renderObject: RenderSemanticsAnnotations#ab799)
                                                                                                                                              Γöé                      Γöé                     Γöé                          Γöé          Γöö_InputPadding(renderObject: _RenderInputPadding#815e7)
                                                                                                                                              Γöé                      Γöé                     Γöé                          Γöé           ΓööConstrainedBox(BoxConstraints(64.0<=w<=Infinity, 40.0<=h<=Infinity), renderObject: RenderConstrainedBox#f9973)
                                                                                                                                              Γöé                      Γöé                     Γöé                          Γöé            ΓööMaterial(type: button, elevation: 1.0, color: MaterialColor(primary value: Color(0xff607d8b)), shadowColor: Color(0xff000000), surfaceTintColor: Color(0x00000000), textStyle.debugLabel: ((englishLike labelLarge 2021).merge((blackMountainView labelLarge).apply)).copyWith, textStyle.inherit: false, textStyle.color: Color(0xff6750a4), textStyle.family: Roboto, textStyle.size: 14.0, textStyle.weight: 500, textStyle.letterSpacing: 0.1, textStyle.baseline: alphabetic, textStyle.height: 1.4x, textStyle.leadingDistribution: even, textStyle.decoration: Color(0xff1d1b20) TextDecoration.none, shape: RoundedRectangleBorder(BorderSide(width: 0.0, style: none), BorderRadius.zero), dependencies: [InheritedCupertinoTheme, _InheritedTheme, _LocalizationsScope-[GlobalKey#2bc14]], state: _MaterialState#a07a5)
                                                                                                                                              Γöé                      Γöé                     Γöé                          Γöé             Γöö_MaterialInterior(duration: 200ms, shape: RoundedRectangleBorder(BorderSide(width: 0.0, style: none), BorderRadius.zero), elevation: 1.0, color: MaterialColor(primary value: Color(0xff607d8b)), shadowColor: Color(0xff000000), dependencies: [Directionality, InheritedCupertinoTheme, _InheritedTheme, _LocalizationsScope-[GlobalKey#2bc14]], state: _MaterialInteriorState#ca54b(ticker inactive))
                                                                                                                                              Γöé                      Γöé                     Γöé                          Γöé              ΓööPhysicalShape(clipper: ShapeBorderClipper, elevation: 1.0, color: MaterialColor(primary value: Color(0xff607d8b)), shadowColor: Color(0xff000000), renderObject: RenderPhysicalShape#9ea2f)
                                                                                                                                              Γöé                      Γöé                     Γöé                          Γöé               Γöö_ShapeBorderPaint(dependencies: [Directionality])
                                                                                                                                              Γöé                      Γöé                     Γöé                          Γöé                ΓööCustomPaint(renderObject: RenderCustomPaint#8bdc4)
                                                                                                                                              Γöé                      Γöé                     Γöé                          Γöé                 ΓööNotificationListener<LayoutChangedNotification>
                                                                                                                                              Γöé                      Γöé                     Γöé                          Γöé                  Γöö_InkFeatures-[GlobalKey#6e431 ink renderer](renderObject: _RenderInkFeatures#eafdd)
                                                                                                                                              Γöé                      Γöé                     Γöé                          Γöé                   ΓööAnimatedDefaultTextStyle(duration: 200ms, debugLabel: ((englishLike labelLarge 2021).merge((blackMountainView labelLarge).apply)).copyWith, inherit: false, color: Color(0xff6750a4), family: Roboto, size: 14.0, weight: 500, letterSpacing: 0.1, baseline: alphabetic, height: 1.4x, leadingDistribution: even, decoration: Color(0xff1d1b20) TextDecoration.none, softWrap: wrapping at box width, overflow: clip, state: _AnimatedDefaultTextStyleState#71e9b(ticker inactive))
                                                                                                                                              Γöé                      Γöé                     Γöé                          Γöé                    ΓööDefaultTextStyle(debugLabel: ((englishLike labelLarge 2021).merge((blackMountainView labelLarge).apply)).copyWith, inherit: false, color: Color(0xff6750a4), family: Roboto, size: 14.0, weight: 500, letterSpacing: 0.1, baseline: alphabetic, height: 1.4x, leadingDistribution: even, decoration: Color(0xff1d1b20) TextDecoration.none, softWrap: wrapping at box width, overflow: clip)
                                                                                                                                              Γöé                      Γöé                     Γöé                          Γöé                     ΓööInkWell
                                                                                                                                              Γöé                      Γöé                     Γöé                          Γöé                      Γöö_InkResponseStateWidget(gestures: [tap], mouseCursor: ButtonStyleButton_MouseCursor, clipped to BoxShape.rectangle, dependencies: [MediaQuery], state: _InkResponseState#e6efd)
                                                                                                                                              Γöé                      Γöé                     Γöé                          Γöé                       Γöö_ParentInkResponseProvider
                                                                                                                                              Γöé                      Γöé                     Γöé                          Γöé                        ΓööActions(dispatcher: null, actions: {ActivateIntent: CallbackAction<ActivateIntent>#9df63, ButtonActivateIntent: CallbackAction<ButtonActivateIntent>#a6a7d}, state: _ActionsState#e8261)
                                                                                                                                              Γöé                      Γöé                     Γöé                          Γöé                         Γöö_ActionsScope
                                                                                                                                              Γöé                      Γöé                     Γöé                          Γöé                          ΓööFocus(dependencies: [_FocusInheritedScope], state: _FocusState#3a153)
                                                                                                                                              Γöé                      Γöé                     Γöé                          Γöé                           Γöö_FocusInheritedScope
                                                                                                                                              Γöé                      Γöé                     Γöé                          Γöé                            ΓööSemantics(container: false, properties: SemanticsProperties, renderObject: RenderSemanticsAnnotations#c3761)
                                                                                                                                              Γöé                      Γöé                     Γöé                          Γöé                             ΓööMouseRegion(listeners: [enter, exit], cursor: SystemMouseCursor(click), renderObject: RenderMouseRegion#c327a)
                                                                                                                                              Γöé                      Γöé                     Γöé                          Γöé                              ΓööBuilder(dependencies: [DefaultSelectionStyle])
                                                                                                                                              Γöé                      Γöé                     Γöé                          Γöé                               ΓööDefaultSelectionStyle
                                                                                                                                              Γöé                      Γöé                     Γöé                          Γöé                                ΓööSemantics(container: false, properties: SemanticsProperties, renderObject: RenderSemanticsAnnotations#d369e)
                                                                                                                                              Γöé                      Γöé                     Γöé                          Γöé                                 ΓööGestureDetector(startBehavior: start, dependencies: [MediaQuery, ScrollConfiguration])
                                                                                                                                              Γöé                      Γöé                     Γöé                          Γöé                                  ΓööRawGestureDetector(state: RawGestureDetectorState#24e03(gestures: [tap], excludeFromSemantics: true, behavior: opaque))
                                                                                                                                              Γöé                      Γöé                     Γöé                          Γöé                                   ΓööListener(listeners: [down, panZoomStart], behavior: opaque, renderObject: RenderPointerListener#84253)
                                                                                                                                              Γöé                      Γöé                     Γöé                          Γöé                                    ΓööBuilder(dependencies: [IconTheme])
                                                                                                                                              Γöé                      Γöé                     Γöé                          Γöé                                     ΓööIconTheme(color: Color(0xff6750a4))
                                                                                                                                              Γöé                      Γöé                     Γöé                          Γöé                                      ΓööPadding(padding: EdgeInsets(24.0, 0.0, 24.0, 0.0), dependencies: [Directionality], renderObject: RenderPadding#b09e8)
                                                                                                                                              Γöé                      Γöé                     Γöé                          Γöé                                       ΓööAlign(alignment: Alignment.center, widthFactor: 1.0, heightFactor: 1.0, dependencies: [Directionality], renderObject: RenderPositionedBox#e8cea)
                                                                                                                                              Γöé                      Γöé                     Γöé                          Γöé                                        ΓööCenter(alignment: Alignment.center, dependencies: [Directionality], renderObject: RenderPositionedBox#38ed1 relayoutBoundary=up1)
                                                                                                                                              Γöé                      Γöé                     Γöé                          Γöé                                         ΓööText("2", inherit: true, color: Color(0xffffffff), size: 40.0, weight: 700, textAlign: center, dependencies: [DefaultSelectionStyle, DefaultTextStyle, MediaQuery])
                                                                                                                                              Γöé                      Γöé                     Γöé                          Γöé                                          ΓööRichText(textAlign: center, softWrap: wrapping at box width, maxLines: unlimited, text: "2", dependencies: [Directionality, _LocalizationsScope-[GlobalKey#2bc14]], renderObject: RenderParagraph#7fca2 relayoutBoundary=up2)
                                                                                                                                              Γöé                      Γöé                     Γöé                          Γö£KeyedSubtree
                                                                                                                                              Γöé                      Γöé                     Γöé                          ΓöéΓööAutomaticKeepAlive(state: _AutomaticKeepAliveState#49c09(handles: no notifications ever received))
                                                                                                                                              Γöé                      Γöé                     Γöé                          Γöé ΓööKeepAlive(keepAlive: false)
                                                                                                                                              Γöé                      Γöé                     Γöé                          Γöé  ΓööNotificationListener<KeepAliveNotification>
                                                                                                                                              Γöé                      Γöé                     Γöé                          Γöé   Γöö_SelectionKeepAlive(state: _SelectionKeepAliveState#94ae3)
                                                                                                                                              Γöé                      Γöé                     Γöé                          Γöé    ΓööIndexedSemantics(index: 18, renderObject: RenderIndexedSemantics#c3452)
                                                                                                                                              Γöé                      Γöé                     Γöé                          Γöé     ΓööRepaintBoundary(renderObject: RenderRepaintBoundary#4d383)
                                                                                                                                              Γöé                      Γöé                     Γöé                          Γöé      ΓööButton(dependencies: [MediaQuery])
                                                                                                                                              Γöé                      Γöé                     Γöé                          Γöé       ΓööPadding(padding: EdgeInsets.all(8.0), dependencies: [Directionality], renderObject: RenderPadding#ac37d)
                                                                                                                                              Γöé                      Γöé                     Γöé                          Γöé        ΓööElevatedButton(style: ButtonStyle#ea8ba(textStyle: WidgetStatePropertyAll(null), backgroundColor: _ElevatedButtonDefaultColor#338d6, shape: WidgetStatePropertyAll(RoundedRectangleBorder(BorderSide(width: 0.0, style: none), BorderRadius.zero)), mouseCursor: _ElevatedButtonDefaultMouseCursor#22ea5), dependencies: [InheritedCupertinoTheme, MediaQuery, _InheritedTheme, _LocalizationsScope-[GlobalKey#2bc14]], state: _ButtonStyleState#40474)
                                                                                                                                              Γöé                      Γöé                     Γöé                          Γöé         ΓööSemantics(container: true, properties: SemanticsProperties, renderObject: RenderSemanticsAnnotations#aad71)
                                                                                                                                              Γöé                      Γöé                     Γöé                          Γöé          Γöö_InputPadding(renderObject: _RenderInputPadding#e9ac4)
                                                                                                                                              Γöé                      Γöé                     Γöé                          Γöé           ΓööConstrainedBox(BoxConstraints(64.0<=w<=Infinity, 40.0<=h<=Infinity), renderObject: RenderConstrainedBox#37299)
                                                                                                                                              Γöé                      Γöé                     Γöé                          Γöé            ΓööMaterial(type: button, elevation: 1.0, color: MaterialColor(primary value: Color(0xff607d8b)), shadowColor: Color(0xff000000), surfaceTintColor: Color(0x00000000), textStyle.debugLabel: ((englishLike labelLarge 2021).merge((blackMountainView labelLarge).apply)).copyWith, textStyle.inherit: false, textStyle.color: Color(0xff6750a4), textStyle.family: Roboto, textStyle.size: 14.0, textStyle.weight: 500, textStyle.letterSpacing: 0.1, textStyle.baseline: alphabetic, textStyle.height: 1.4x, textStyle.leadingDistribution: even, textStyle.decoration: Color(0xff1d1b20) TextDecoration.none, shape: RoundedRectangleBorder(BorderSide(width: 0.0, style: none), BorderRadius.zero), dependencies: [InheritedCupertinoTheme, _InheritedTheme, _LocalizationsScope-[GlobalKey#2bc14]], state: _MaterialState#a347a)
                                                                                                                                              Γöé                      Γöé                     Γöé                          Γöé             Γöö_MaterialInterior(duration: 200ms, shape: RoundedRectangleBorder(BorderSide(width: 0.0, style: none), BorderRadius.zero), elevation: 1.0, color: MaterialColor(primary value: Color(0xff607d8b)), shadowColor: Color(0xff000000), dependencies: [Directionality, InheritedCupertinoTheme, _InheritedTheme, _LocalizationsScope-[GlobalKey#2bc14]], state: _MaterialInteriorState#0707b(ticker inactive))
                                                                                                                                              Γöé                      Γöé                     Γöé                          Γöé              ΓööPhysicalShape(clipper: ShapeBorderClipper, elevation: 1.0, color: MaterialColor(primary value: Color(0xff607d8b)), shadowColor: Color(0xff000000), renderObject: RenderPhysicalShape#7133d)
                                                                                                                                              Γöé                      Γöé                     Γöé                          Γöé               Γöö_ShapeBorderPaint(dependencies: [Directionality])
                                                                                                                                              Γöé                      Γöé                     Γöé                          Γöé                ΓööCustomPaint(renderObject: RenderCustomPaint#d5825)
                                                                                                                                              Γöé                      Γöé                     Γöé                          Γöé                 ΓööNotificationListener<LayoutChangedNotification>
                                                                                                                                              Γöé                      Γöé                     Γöé                          Γöé                  Γöö_InkFeatures-[GlobalKey#41a46 ink renderer](renderObject: _RenderInkFeatures#fe323)
                                                                                                                                              Γöé                      Γöé                     Γöé                          Γöé                   ΓööAnimatedDefaultTextStyle(duration: 200ms, debugLabel: ((englishLike labelLarge 2021).merge((blackMountainView labelLarge).apply)).copyWith, inherit: false, color: Color(0xff6750a4), family: Roboto, size: 14.0, weight: 500, letterSpacing: 0.1, baseline: alphabetic, height: 1.4x, leadingDistribution: even, decoration: Color(0xff1d1b20) TextDecoration.none, softWrap: wrapping at box width, overflow: clip, state: _AnimatedDefaultTextStyleState#69dc9(ticker inactive))
                                                                                                                                              Γöé                      Γöé                     Γöé                          Γöé                    ΓööDefaultTextStyle(debugLabel: ((englishLike labelLarge 2021).merge((blackMountainView labelLarge).apply)).copyWith, inherit: false, color: Color(0xff6750a4), family: Roboto, size: 14.0, weight: 500, letterSpacing: 0.1, baseline: alphabetic, height: 1.4x, leadingDistribution: even, decoration: Color(0xff1d1b20) TextDecoration.none, softWrap: wrapping at box width, overflow: clip)
                                                                                                                                              Γöé                      Γöé                     Γöé                          Γöé                     ΓööInkWell
                                                                                                                                              Γöé                      Γöé                     Γöé                          Γöé                      Γöö_InkResponseStateWidget(gestures: [tap], mouseCursor: ButtonStyleButton_MouseCursor, clipped to BoxShape.rectangle, dependencies: [MediaQuery], state: _InkResponseState#9e8fd)
                                                                                                                                              Γöé                      Γöé                     Γöé                          Γöé                       Γöö_ParentInkResponseProvider
                                                                                                                                              Γöé                      Γöé                     Γöé                          Γöé                        ΓööActions(dispatcher: null, actions: {ActivateIntent: CallbackAction<ActivateIntent>#10cc2, ButtonActivateIntent: CallbackAction<ButtonActivateIntent>#3515b}, state: _ActionsState#b3499)
                                                                                                                                              Γöé                      Γöé                     Γöé                          Γöé                         Γöö_ActionsScope
                                                                                                                                              Γöé                      Γöé                     Γöé                          Γöé                          ΓööFocus(dependencies: [_FocusInheritedScope], state: _FocusState#ffc31)
                                                                                                                                              Γöé                      Γöé                     Γöé                          Γöé                           Γöö_FocusInheritedScope
                                                                                                                                              Γöé                      Γöé                     Γöé                          Γöé                            ΓööSemantics(container: false, properties: SemanticsProperties, renderObject: RenderSemanticsAnnotations#a6957)
                                                                                                                                              Γöé                      Γöé                     Γöé                          Γöé                             ΓööMouseRegion(listeners: [enter, exit], cursor: SystemMouseCursor(click), renderObject: RenderMouseRegion#efb07)
                                                                                                                                              Γöé                      Γöé                     Γöé                          Γöé                              ΓööBuilder(dependencies: [DefaultSelectionStyle])
                                                                                                                                              Γöé                      Γöé                     Γöé                          Γöé                               ΓööDefaultSelectionStyle
                                                                                                                                              Γöé                      Γöé                     Γöé                          Γöé                                ΓööSemantics(container: false, properties: SemanticsProperties, renderObject: RenderSemanticsAnnotations#47110)
                                                                                                                                              Γöé                      Γöé                     Γöé                          Γöé                                 ΓööGestureDetector(startBehavior: start, dependencies: [MediaQuery, ScrollConfiguration])
                                                                                                                                              Γöé                      Γöé                     Γöé                          Γöé                                  ΓööRawGestureDetector(state: RawGestureDetectorState#55fb4(gestures: [tap], excludeFromSemantics: true, behavior: opaque))
                                                                                                                                              Γöé                      Γöé                     Γöé                          Γöé                                   ΓööListener(listeners: [down, panZoomStart], behavior: opaque, renderObject: RenderPointerListener#8f778)
                                                                                                                                              Γöé                      Γöé                     Γöé                          Γöé                                    ΓööBuilder(dependencies: [IconTheme])
                                                                                                                                              Γöé                      Γöé                     Γöé                          Γöé                                     ΓööIconTheme(color: Color(0xff6750a4))
                                                                                                                                              Γöé                      Γöé                     Γöé                          Γöé                                      ΓööPadding(padding: EdgeInsets(24.0, 0.0, 24.0, 0.0), dependencies: [Directionality], renderObject: RenderPadding#f4353)
                                                                                                                                              Γöé                      Γöé                     Γöé                          Γöé                                       ΓööAlign(alignment: Alignment.center, widthFactor: 1.0, heightFactor: 1.0, dependencies: [Directionality], renderObject: RenderPositionedBox#3272b)
                                                                                                                                              Γöé                      Γöé                     Γöé                          Γöé                                        ΓööCenter(alignment: Alignment.center, dependencies: [Directionality], renderObject: RenderPositionedBox#09f49 relayoutBoundary=up1)
                                                                                                                                              Γöé                      Γöé                     Γöé                          Γöé                                         ΓööText("3", inherit: true, color: Color(0xffffffff), size: 40.0, weight: 700, textAlign: center, dependencies: [DefaultSelectionStyle, DefaultTextStyle, MediaQuery])
                                                                                                                                              Γöé                      Γöé                     Γöé                          Γöé                                          ΓööRichText(textAlign: center, softWrap: wrapping at box width, maxLines: unlimited, text: "3", dependencies: [Directionality, _LocalizationsScope-[GlobalKey#2bc14]], renderObject: RenderParagraph#66dab relayoutBoundary=up2)
                                                                                                                                              Γöé                      Γöé                     Γöé                          Γö£KeyedSubtree
                                                                                                                                              Γöé                      Γöé                     Γöé                          ΓöéΓööAutomaticKeepAlive(state: _AutomaticKeepAliveState#aa499(handles: no notifications ever received))
                                                                                                                                              Γöé                      Γöé                     Γöé                          Γöé ΓööKeepAlive(keepAlive: false)
                                                                                                                                              Γöé                      Γöé                     Γöé                          Γöé  ΓööNotificationListener<KeepAliveNotification>
                                                                                                                                              Γöé                      Γöé                     Γöé                          Γöé   Γöö_SelectionKeepAlive(state: _SelectionKeepAliveState#a2c14)
                                                                                                                                              Γöé                      Γöé                     Γöé                          Γöé    ΓööIndexedSemantics(index: 19, renderObject: RenderIndexedSemantics#a4b7f)
                                                                                                                                              Γöé                      Γöé                     Γöé                          Γöé     ΓööRepaintBoundary(renderObject: RenderRepaintBoundary#be061)
                                                                                                                                              Γöé                      Γöé                     Γöé                          Γöé      ΓööButton(dependencies: [MediaQuery])
                                                                                                                                              Γöé                      Γöé                     Γöé                          Γöé       ΓööPadding(padding: EdgeInsets.all(8.0), dependencies: [Directionality], renderObject: RenderPadding#bc5eb)
                                                                                                                                              Γöé                      Γöé                     Γöé                          Γöé        ΓööElevatedButton(style: ButtonStyle#3849c(textStyle: WidgetStatePropertyAll(null), backgroundColor: _ElevatedButtonDefaultColor#603df, shape: WidgetStatePropertyAll(RoundedRectangleBorder(BorderSide(width: 0.0, style: none), BorderRadius.zero)), mouseCursor: _ElevatedButtonDefaultMouseCursor#3c367), dependencies: [InheritedCupertinoTheme, MediaQuery, _InheritedTheme, _LocalizationsScope-[GlobalKey#2bc14]], state: _ButtonStyleState#0ea07)
                                                                                                                                              Γöé                      Γöé                     Γöé                          Γöé         ΓööSemantics(container: true, properties: SemanticsProperties, renderObject: RenderSemanticsAnnotations#dfd59)
                                                                                                                                              Γöé                      Γöé                     Γöé                          Γöé          Γöö_InputPadding(renderObject: _RenderInputPadding#f4691)
                                                                                                                                              Γöé                      Γöé                     Γöé                          Γöé           ΓööConstrainedBox(BoxConstraints(64.0<=w<=Infinity, 40.0<=h<=Infinity), renderObject: RenderConstrainedBox#1092a)
                                                                                                                                              Γöé                      Γöé                     Γöé                          Γöé            ΓööMaterial(type: button, elevation: 1.0, color: MaterialColor(primary value: Color(0xff607d8b)), shadowColor: Color(0xff000000), surfaceTintColor: Color(0x00000000), textStyle.debugLabel: ((englishLike labelLarge 2021).merge((blackMountainView labelLarge).apply)).copyWith, textStyle.inherit: false, textStyle.color: Color(0xff6750a4), textStyle.family: Roboto, textStyle.size: 14.0, textStyle.weight: 500, textStyle.letterSpacing: 0.1, textStyle.baseline: alphabetic, textStyle.height: 1.4x, textStyle.leadingDistribution: even, textStyle.decoration: Color(0xff1d1b20) TextDecoration.none, shape: RoundedRectangleBorder(BorderSide(width: 0.0, style: none), BorderRadius.zero), dependencies: [InheritedCupertinoTheme, _InheritedTheme, _LocalizationsScope-[GlobalKey#2bc14]], state: _MaterialState#78044)
                                                                                                                                              Γöé                      Γöé                     Γöé                          Γöé             Γöö_MaterialInterior(duration: 200ms, shape: RoundedRectangleBorder(BorderSide(width: 0.0, style: none), BorderRadius.zero), elevation: 1.0, color: MaterialColor(primary value: Color(0xff607d8b)), shadowColor: Color(0xff000000), dependencies: [Directionality, InheritedCupertinoTheme, _InheritedTheme, _LocalizationsScope-[GlobalKey#2bc14]], state: _MaterialInteriorState#a11e8(ticker inactive))
                                                                                                                                              Γöé                      Γöé                     Γöé                          Γöé              ΓööPhysicalShape(clipper: ShapeBorderClipper, elevation: 1.0, color: MaterialColor(primary value: Color(0xff607d8b)), shadowColor: Color(0xff000000), renderObject: RenderPhysicalShape#e6daa)
                                                                                                                                              Γöé                      Γöé                     Γöé                          Γöé               Γöö_ShapeBorderPaint(dependencies: [Directionality])
                                                                                                                                              Γöé                      Γöé                     Γöé                          Γöé                ΓööCustomPaint(renderObject: RenderCustomPaint#7b9df)
                                                                                                                                              Γöé                      Γöé                     Γöé                          Γöé                 ΓööNotificationListener<LayoutChangedNotification>
                                                                                                                                              Γöé                      Γöé                     Γöé                          Γöé                  Γöö_InkFeatures-[GlobalKey#8a471 ink renderer](renderObject: _RenderInkFeatures#4bef7)
                                                                                                                                              Γöé                      Γöé                     Γöé                          Γöé                   ΓööAnimatedDefaultTextStyle(duration: 200ms, debugLabel: ((englishLike labelLarge 2021).merge((blackMountainView labelLarge).apply)).copyWith, inherit: false, color: Color(0xff6750a4), family: Roboto, size: 14.0, weight: 500, letterSpacing: 0.1, baseline: alphabetic, height: 1.4x, leadingDistribution: even, decoration: Color(0xff1d1b20) TextDecoration.none, softWrap: wrapping at box width, overflow: clip, state: _AnimatedDefaultTextStyleState#5f512(ticker inactive))
                                                                                                                                              Γöé                      Γöé                     Γöé                          Γöé                    ΓööDefaultTextStyle(debugLabel: ((englishLike labelLarge 2021).merge((blackMountainView labelLarge).apply)).copyWith, inherit: false, color: Color(0xff6750a4), family: Roboto, size: 14.0, weight: 500, letterSpacing: 0.1, baseline: alphabetic, height: 1.4x, leadingDistribution: even, decoration: Color(0xff1d1b20) TextDecoration.none, softWrap: wrapping at box width, overflow: clip)
                                                                                                                                              Γöé                      Γöé                     Γöé                          Γöé                     ΓööInkWell
                                                                                                                                              Γöé                      Γöé                     Γöé                          Γöé                      Γöö_InkResponseStateWidget(gestures: [tap], mouseCursor: ButtonStyleButton_MouseCursor, clipped to BoxShape.rectangle, dependencies: [MediaQuery], state: _InkResponseState#9d077)
                                                                                                                                              Γöé                      Γöé                     Γöé                          Γöé                       Γöö_ParentInkResponseProvider
                                                                                                                                              Γöé                      Γöé                     Γöé                          Γöé                        ΓööActions(dispatcher: null, actions: {ActivateIntent: CallbackAction<ActivateIntent>#7e2af, ButtonActivateIntent: CallbackAction<ButtonActivateIntent>#31bbe}, state: _ActionsState#b49a5)
                                                                                                                                              Γöé                      Γöé                     Γöé                          Γöé                         Γöö_ActionsScope
                                                                                                                                              Γöé                      Γöé                     Γöé                          Γöé                          ΓööFocus(dependencies: [_FocusInheritedScope], state: _FocusState#d0d66)
                                                                                                                                              Γöé                      Γöé                     Γöé                          Γöé                           Γöö_FocusInheritedScope
                                                                                                                                              Γöé                      Γöé                     Γöé                          Γöé                            ΓööSemantics(container: false, properties: SemanticsProperties, renderObject: RenderSemanticsAnnotations#03325)
                                                                                                                                              Γöé                      Γöé                     Γöé                          Γöé                             ΓööMouseRegion(listeners: [enter, exit], cursor: SystemMouseCursor(click), renderObject: RenderMouseRegion#8ef51)
                                                                                                                                              Γöé                      Γöé                     Γöé                          Γöé                              ΓööBuilder(dependencies: [DefaultSelectionStyle])
                                                                                                                                              Γöé                      Γöé                     Γöé                          Γöé                               ΓööDefaultSelectionStyle
                                                                                                                                              Γöé                      Γöé                     Γöé                          Γöé                                ΓööSemantics(container: false, properties: SemanticsProperties, renderObject: RenderSemanticsAnnotations#cca57)
                                                                                                                                              Γöé                      Γöé                     Γöé                          Γöé                                 ΓööGestureDetector(startBehavior: start, dependencies: [MediaQuery, ScrollConfiguration])
                                                                                                                                              Γöé                      Γöé                     Γöé                          Γöé                                  ΓööRawGestureDetector(state: RawGestureDetectorState#8af13(gestures: [tap], excludeFromSemantics: true, behavior: opaque))
                                                                                                                                              Γöé                      Γöé                     Γöé                          Γöé                                   ΓööListener(listeners: [down, panZoomStart], behavior: opaque, renderObject: RenderPointerListener#a4aac)
                                                                                                                                              Γöé                      Γöé                     Γöé                          Γöé                                    ΓööBuilder(dependencies: [IconTheme])
                                                                                                                                              Γöé                      Γöé                     Γöé                          Γöé                                     ΓööIconTheme(color: Color(0xff6750a4))
                                                                                                                                              Γöé                      Γöé                     Γöé                          Γöé                                      ΓööPadding(padding: EdgeInsets(24.0, 0.0, 24.0, 0.0), dependencies: [Directionality], renderObject: RenderPadding#95bb8)
                                                                                                                                              Γöé                      Γöé                     Γöé                          Γöé                                       ΓööAlign(alignment: Alignment.center, widthFactor: 1.0, heightFactor: 1.0, dependencies: [Directionality], renderObject: RenderPositionedBox#8ac92)
                                                                                                                                              Γöé                      Γöé                     Γöé                          Γöé                                        ΓööCenter(alignment: Alignment.center, dependencies: [Directionality], renderObject: RenderPositionedBox#5039f relayoutBoundary=up1)
                                                                                                                                              Γöé                      Γöé                     Γöé                          Γöé                                         ΓööText("At", inherit: true, color: Color(0xffffffff), size: 26.7, weight: 700, textAlign: center, dependencies: [DefaultSelectionStyle, DefaultTextStyle, MediaQuery])
                                                                                                                                              Γöé                      Γöé                     Γöé                          Γöé                                          ΓööRichText(textAlign: center, softWrap: wrapping at box width, maxLines: unlimited, text: "At", dependencies: [Directionality, _LocalizationsScope-[GlobalKey#2bc14]], renderObject: RenderParagraph#1cf81 relayoutBoundary=up2)
                                                                                                                                              Γöé                      Γöé                     Γöé                          Γö£KeyedSubtree
                                                                                                                                              Γöé                      Γöé                     Γöé                          ΓöéΓööAutomaticKeepAlive(state: _AutomaticKeepAliveState#55ec3(handles: no notifications ever received))
                                                                                                                                              Γöé                      Γöé                     Γöé                          Γöé ΓööKeepAlive(keepAlive: false)
                                                                                                                                              Γöé                      Γöé                     Γöé                          Γöé  ΓööNotificationListener<KeepAliveNotification>
                                                                                                                                              Γöé                      Γöé                     Γöé                          Γöé   Γöö_SelectionKeepAlive(state: _SelectionKeepAliveState#ce6ab)
                                                                                                                                              Γöé                      Γöé                     Γöé                          Γöé    ΓööIndexedSemantics(index: 20, renderObject: RenderIndexedSemantics#b5b71)
                                                                                                                                              Γöé                      Γöé                     Γöé                          Γöé     ΓööRepaintBoundary(renderObject: RenderRepaintBoundary#7b3c4)
                                                                                                                                              Γöé                      Γöé                     Γöé                          Γöé      ΓööButton(dependencies: [MediaQuery])
                                                                                                                                              Γöé                      Γöé                     Γöé                          Γöé       ΓööPadding(padding: EdgeInsets.all(8.0), dependencies: [Directionality], renderObject: RenderPadding#746f7)
                                                                                                                                              Γöé                      Γöé                     Γöé                          Γöé        ΓööElevatedButton(style: ButtonStyle#b8c70(textStyle: WidgetStatePropertyAll(null), backgroundColor: _ElevatedButtonDefaultColor#c7e26, shape: WidgetStatePropertyAll(RoundedRectangleBorder(BorderSide(width: 0.0, style: none), BorderRadius.zero)), mouseCursor: _ElevatedButtonDefaultMouseCursor#ef372), dependencies: [InheritedCupertinoTheme, MediaQuery, _InheritedTheme, _LocalizationsScope-[GlobalKey#2bc14]], state: _ButtonStyleState#a5702)
                                                                                                                                              Γöé                      Γöé                     Γöé                          Γöé         ΓööSemantics(container: true, properties: SemanticsProperties, renderObject: RenderSemanticsAnnotations#5e041)
                                                                                                                                              Γöé                      Γöé                     Γöé                          Γöé          Γöö_InputPadding(renderObject: _RenderInputPadding#f9989)
                                                                                                                                              Γöé                      Γöé                     Γöé                          Γöé           ΓööConstrainedBox(BoxConstraints(64.0<=w<=Infinity, 40.0<=h<=Infinity), renderObject: RenderConstrainedBox#91ee9)
                                                                                                                                              Γöé                      Γöé                     Γöé                          Γöé            ΓööMaterial(type: button, elevation: 1.0, color: MaterialColor(primary value: Color(0xff607d8b)), shadowColor: Color(0xff000000), surfaceTintColor: Color(0x00000000), textStyle.debugLabel: ((englishLike labelLarge 2021).merge((blackMountainView labelLarge).apply)).copyWith, textStyle.inherit: false, textStyle.color: Color(0xff6750a4), textStyle.family: Roboto, textStyle.size: 14.0, textStyle.weight: 500, textStyle.letterSpacing: 0.1, textStyle.baseline: alphabetic, textStyle.height: 1.4x, textStyle.leadingDistribution: even, textStyle.decoration: Color(0xff1d1b20) TextDecoration.none, shape: RoundedRectangleBorder(BorderSide(width: 0.0, style: none), BorderRadius.zero), dependencies: [InheritedCupertinoTheme, _InheritedTheme, _LocalizationsScope-[GlobalKey#2bc14]], state: _MaterialState#d96e6)
                                                                                                                                              Γöé                      Γöé                     Γöé                          Γöé             Γöö_MaterialInterior(duration: 200ms, shape: RoundedRectangleBorder(BorderSide(width: 0.0, style: none), BorderRadius.zero), elevation: 1.0, color: MaterialColor(primary value: Color(0xff607d8b)), shadowColor: Color(0xff000000), dependencies: [Directionality, InheritedCupertinoTheme, _InheritedTheme, _LocalizationsScope-[GlobalKey#2bc14]], state: _MaterialInteriorState#7663f(ticker inactive))
                                                                                                                                              Γöé                      Γöé                     Γöé                          Γöé              ΓööPhysicalShape(clipper: ShapeBorderClipper, elevation: 1.0, color: MaterialColor(primary value: Color(0xff607d8b)), shadowColor: Color(0xff000000), renderObject: RenderPhysicalShape#90c06)
                                                                                                                                              Γöé                      Γöé                     Γöé                          Γöé               Γöö_ShapeBorderPaint(dependencies: [Directionality])
                                                                                                                                              Γöé                      Γöé                     Γöé                          Γöé                ΓööCustomPaint(renderObject: RenderCustomPaint#23378)
                                                                                                                                              Γöé                      Γöé                     Γöé                          Γöé                 ΓööNotificationListener<LayoutChangedNotification>
                                                                                                                                              Γöé                      Γöé                     Γöé                          Γöé                  Γöö_InkFeatures-[GlobalKey#2108c ink renderer](renderObject: _RenderInkFeatures#a9969)
                                                                                                                                              Γöé                      Γöé                     Γöé                          Γöé                   ΓööAnimatedDefaultTextStyle(duration: 200ms, debugLabel: ((englishLike labelLarge 2021).merge((blackMountainView labelLarge).apply)).copyWith, inherit: false, color: Color(0xff6750a4), family: Roboto, size: 14.0, weight: 500, letterSpacing: 0.1, baseline: alphabetic, height: 1.4x, leadingDistribution: even, decoration: Color(0xff1d1b20) TextDecoration.none, softWrap: wrapping at box width, overflow: clip, state: _AnimatedDefaultTextStyleState#88fc1(ticker inactive))
                                                                                                                                              Γöé                      Γöé                     Γöé                          Γöé                    ΓööDefaultTextStyle(debugLabel: ((englishLike labelLarge 2021).merge((blackMountainView labelLarge).apply)).copyWith, inherit: false, color: Color(0xff6750a4), family: Roboto, size: 14.0, weight: 500, letterSpacing: 0.1, baseline: alphabetic, height: 1.4x, leadingDistribution: even, decoration: Color(0xff1d1b20) TextDecoration.none, softWrap: wrapping at box width, overflow: clip)
                                                                                                                                              Γöé                      Γöé                     Γöé                          Γöé                     ΓööInkWell
                                                                                                                                              Γöé                      Γöé                     Γöé                          Γöé                      Γöö_InkResponseStateWidget(gestures: [tap], mouseCursor: ButtonStyleButton_MouseCursor, clipped to BoxShape.rectangle, dependencies: [MediaQuery], state: _InkResponseState#9bfbe)
                                                                                                                                              Γöé                      Γöé                     Γöé                          Γöé                       Γöö_ParentInkResponseProvider
                                                                                                                                              Γöé                      Γöé                     Γöé                          Γöé                        ΓööActions(dispatcher: null, actions: {ActivateIntent: CallbackAction<ActivateIntent>#071d3, ButtonActivateIntent: CallbackAction<ButtonActivateIntent>#9ac5d}, state: _ActionsState#0b118)
                                                                                                                                              Γöé                      Γöé                     Γöé                          Γöé                         Γöö_ActionsScope
                                                                                                                                              Γöé                      Γöé                     Γöé                          Γöé                          ΓööFocus(dependencies: [_FocusInheritedScope], state: _FocusState#41d1d)
                                                                                                                                              Γöé                      Γöé                     Γöé                          Γöé                           Γöö_FocusInheritedScope
                                                                                                                                              Γöé                      Γöé                     Γöé                          Γöé                            ΓööSemantics(container: false, properties: SemanticsProperties, renderObject: RenderSemanticsAnnotations#d5388)
                                                                                                                                              Γöé                      Γöé                     Γöé                          Γöé                             ΓööMouseRegion(listeners: [enter, exit], cursor: SystemMouseCursor(click), renderObject: RenderMouseRegion#a88d0)
                                                                                                                                              Γöé                      Γöé                     Γöé                          Γöé                              ΓööBuilder(dependencies: [DefaultSelectionStyle])
                                                                                                                                              Γöé                      Γöé                     Γöé                          Γöé                               ΓööDefaultSelectionStyle
                                                                                                                                              Γöé                      Γöé                     Γöé                          Γöé                                ΓööSemantics(container: false, properties: SemanticsProperties, renderObject: RenderSemanticsAnnotations#c2b9a)
                                                                                                                                              Γöé                      Γöé                     Γöé                          Γöé                                 ΓööGestureDetector(startBehavior: start, dependencies: [MediaQuery, ScrollConfiguration])
                                                                                                                                              Γöé                      Γöé                     Γöé                          Γöé                                  ΓööRawGestureDetector(state: RawGestureDetectorState#e1362(gestures: [tap], excludeFromSemantics: true, behavior: opaque))
                                                                                                                                              Γöé                      Γöé                     Γöé                          Γöé                                   ΓööListener(listeners: [down, panZoomStart], behavior: opaque, renderObject: RenderPointerListener#0f7b1)
                                                                                                                                              Γöé                      Γöé                     Γöé                          Γöé                                    ΓööBuilder(dependencies: [IconTheme])
                                                                                                                                              Γöé                      Γöé                     Γöé                          Γöé                                     ΓööIconTheme(color: Color(0xff6750a4))
                                                                                                                                              Γöé                      Γöé                     Γöé                          Γöé                                      ΓööPadding(padding: EdgeInsets(24.0, 0.0, 24.0, 0.0), dependencies: [Directionality], renderObject: RenderPadding#78ff4)
                                                                                                                                              Γöé                      Γöé                     Γöé                          Γöé                                       ΓööAlign(alignment: Alignment.center, widthFactor: 1.0, heightFactor: 1.0, dependencies: [Directionality], renderObject: RenderPositionedBox#03423)
                                                                                                                                              Γöé                      Γöé                     Γöé                          Γöé                                        ΓööCenter(alignment: Alignment.center, dependencies: [Directionality], renderObject: RenderPositionedBox#e0f0c relayoutBoundary=up1)
                                                                                                                                              Γöé                      Γöé                     Γöé                          Γöé                                         ΓööText("Clear", inherit: true, color: Color(0xffffffff), size: 24.7, weight: 700, textAlign: center, dependencies: [DefaultSelectionStyle, DefaultTextStyle, MediaQuery])
                                                                                                                                              Γöé                      Γöé                     Γöé                          Γöé                                          ΓööRichText(textAlign: center, softWrap: wrapping at box width, maxLines: unlimited, text: "Clear", dependencies: [Directionality, _LocalizationsScope-[GlobalKey#2bc14]], renderObject: RenderParagraph#4e021 relayoutBoundary=up2)
                                                                                                                                              Γöé                      Γöé                     Γöé                          Γö£KeyedSubtree
                                                                                                                                              Γöé                      Γöé                     Γöé                          ΓöéΓööAutomaticKeepAlive(state: _AutomaticKeepAliveState#818ea(handles: no notifications ever received))
                                                                                                                                              Γöé                      Γöé                     Γöé                          Γöé ΓööKeepAlive(keepAlive: false)
                                                                                                                                              Γöé                      Γöé                     Γöé                          Γöé  ΓööNotificationListener<KeepAliveNotification>
                                                                                                                                              Γöé                      Γöé                     Γöé                          Γöé   Γöö_SelectionKeepAlive(state: _SelectionKeepAliveState#cb1b8)
                                                                                                                                              Γöé                      Γöé                     Γöé                          Γöé    ΓööIndexedSemantics(index: 21, renderObject: RenderIndexedSemantics#616e2)
                                                                                                                                              Γöé                      Γöé                     Γöé                          Γöé     ΓööRepaintBoundary(renderObject: RenderRepaintBoundary#5b201)
                                                                                                                                              Γöé                      Γöé                     Γöé                          Γöé      ΓööButton(dependencies: [MediaQuery])
                                                                                                                                              Γöé                      Γöé                     Γöé                          Γöé       ΓööPadding(padding: EdgeInsets.all(8.0), dependencies: [Directionality], renderObject: RenderPadding#24a1a)
                                                                                                                                              Γöé                      Γöé                     Γöé                          Γöé        ΓööElevatedButton(style: ButtonStyle#c1062(textStyle: WidgetStatePropertyAll(null), backgroundColor: _ElevatedButtonDefaultColor#5f425, shape: WidgetStatePropertyAll(RoundedRectangleBorder(BorderSide(width: 0.0, style: none), BorderRadius.zero)), mouseCursor: _ElevatedButtonDefaultMouseCursor#edda8), dependencies: [InheritedCupertinoTheme, MediaQuery, _InheritedTheme, _LocalizationsScope-[GlobalKey#2bc14]], state: _ButtonStyleState#2bae8)
                                                                                                                                              Γöé                      Γöé                     Γöé                          Γöé         ΓööSemantics(container: true, properties: SemanticsProperties, renderObject: RenderSemanticsAnnotations#f50e1)
                                                                                                                                              Γöé                      Γöé                     Γöé                          Γöé          Γöö_InputPadding(renderObject: _RenderInputPadding#91e01)
                                                                                                                                              Γöé                      Γöé                     Γöé                          Γöé           ΓööConstrainedBox(BoxConstraints(64.0<=w<=Infinity, 40.0<=h<=Infinity), renderObject: RenderConstrainedBox#2e5e9)
                                                                                                                                              Γöé                      Γöé                     Γöé                          Γöé            ΓööMaterial(type: button, elevation: 1.0, color: MaterialColor(primary value: Color(0xff607d8b)), shadowColor: Color(0xff000000), surfaceTintColor: Color(0x00000000), textStyle.debugLabel: ((englishLike labelLarge 2021).merge((blackMountainView labelLarge).apply)).copyWith, textStyle.inherit: false, textStyle.color: Color(0xff6750a4), textStyle.family: Roboto, textStyle.size: 14.0, textStyle.weight: 500, textStyle.letterSpacing: 0.1, textStyle.baseline: alphabetic, textStyle.height: 1.4x, textStyle.leadingDistribution: even, textStyle.decoration: Color(0xff1d1b20) TextDecoration.none, shape: RoundedRectangleBorder(BorderSide(width: 0.0, style: none), BorderRadius.zero), dependencies: [InheritedCupertinoTheme, _InheritedTheme, _LocalizationsScope-[GlobalKey#2bc14]], state: _MaterialState#180bf)
                                                                                                                                              Γöé                      Γöé                     Γöé                          Γöé             Γöö_MaterialInterior(duration: 200ms, shape: RoundedRectangleBorder(BorderSide(width: 0.0, style: none), BorderRadius.zero), elevation: 1.0, color: MaterialColor(primary value: Color(0xff607d8b)), shadowColor: Color(0xff000000), dependencies: [Directionality, InheritedCupertinoTheme, _InheritedTheme, _LocalizationsScope-[GlobalKey#2bc14]], state: _MaterialInteriorState#e577f(ticker inactive))
                                                                                                                                              Γöé                      Γöé                     Γöé                          Γöé              ΓööPhysicalShape(clipper: ShapeBorderClipper, elevation: 1.0, color: MaterialColor(primary value: Color(0xff607d8b)), shadowColor: Color(0xff000000), renderObject: RenderPhysicalShape#8428e)
                                                                                                                                              Γöé                      Γöé                     Γöé                          Γöé               Γöö_ShapeBorderPaint(dependencies: [Directionality])
                                                                                                                                              Γöé                      Γöé                     Γöé                          Γöé                ΓööCustomPaint(renderObject: RenderCustomPaint#191b4)
                                                                                                                                              Γöé                      Γöé                     Γöé                          Γöé                 ΓööNotificationListener<LayoutChangedNotification>
                                                                                                                                              Γöé                      Γöé                     Γöé                          Γöé                  Γöö_InkFeatures-[GlobalKey#aee93 ink renderer](renderObject: _RenderInkFeatures#fb2c6)
                                                                                                                                              Γöé                      Γöé                     Γöé                          Γöé                   ΓööAnimatedDefaultTextStyle(duration: 200ms, debugLabel: ((englishLike labelLarge 2021).merge((blackMountainView labelLarge).apply)).copyWith, inherit: false, color: Color(0xff6750a4), family: Roboto, size: 14.0, weight: 500, letterSpacing: 0.1, baseline: alphabetic, height: 1.4x, leadingDistribution: even, decoration: Color(0xff1d1b20) TextDecoration.none, softWrap: wrapping at box width, overflow: clip, state: _AnimatedDefaultTextStyleState#9786a(ticker inactive))
                                                                                                                                              Γöé                      Γöé                     Γöé                          Γöé                    ΓööDefaultTextStyle(debugLabel: ((englishLike labelLarge 2021).merge((blackMountainView labelLarge).apply)).copyWith, inherit: false, color: Color(0xff6750a4), family: Roboto, size: 14.0, weight: 500, letterSpacing: 0.1, baseline: alphabetic, height: 1.4x, leadingDistribution: even, decoration: Color(0xff1d1b20) TextDecoration.none, softWrap: wrapping at box width, overflow: clip)
                                                                                                                                              Γöé                      Γöé                     Γöé                          Γöé                     ΓööInkWell
                                                                                                                                              Γöé                      Γöé                     Γöé                          Γöé                      Γöö_InkResponseStateWidget(gestures: [tap], mouseCursor: ButtonStyleButton_MouseCursor, clipped to BoxShape.rectangle, dependencies: [MediaQuery], state: _InkResponseState#1d17c)
                                                                                                                                              Γöé                      Γöé                     Γöé                          Γöé                       Γöö_ParentInkResponseProvider
                                                                                                                                              Γöé                      Γöé                     Γöé                          Γöé                        ΓööActions(dispatcher: null, actions: {ActivateIntent: CallbackAction<ActivateIntent>#115d1, ButtonActivateIntent: CallbackAction<ButtonActivateIntent>#d9589}, state: _ActionsState#ac9d6)
                                                                                                                                              Γöé                      Γöé                     Γöé                          Γöé                         Γöö_ActionsScope
                                                                                                                                              Γöé                      Γöé                     Γöé                          Γöé                          ΓööFocus(dependencies: [_FocusInheritedScope], state: _FocusState#0673a)
                                                                                                                                              Γöé                      Γöé                     Γöé                          Γöé                           Γöö_FocusInheritedScope
                                                                                                                                              Γöé                      Γöé                     Γöé                          Γöé                            ΓööSemantics(container: false, properties: SemanticsProperties, renderObject: RenderSemanticsAnnotations#f3c5e)
                                                                                                                                              Γöé                      Γöé                     Γöé                          Γöé                             ΓööMouseRegion(listeners: [enter, exit], cursor: SystemMouseCursor(click), renderObject: RenderMouseRegion#04bdd)
                                                                                                                                              Γöé                      Γöé                     Γöé                          Γöé                              ΓööBuilder(dependencies: [DefaultSelectionStyle])
                                                                                                                                              Γöé                      Γöé                     Γöé                          Γöé                               ΓööDefaultSelectionStyle
                                                                                                                                              Γöé                      Γöé                     Γöé                          Γöé                                ΓööSemantics(container: false, properties: SemanticsProperties, renderObject: RenderSemanticsAnnotations#920f6)
                                                                                                                                              Γöé                      Γöé                     Γöé                          Γöé                                 ΓööGestureDetector(startBehavior: start, dependencies: [MediaQuery, ScrollConfiguration])
                                                                                                                                              Γöé                      Γöé                     Γöé                          Γöé                                  ΓööRawGestureDetector(state: RawGestureDetectorState#124e8(gestures: [tap], excludeFromSemantics: true, behavior: opaque))
                                                                                                                                              Γöé                      Γöé                     Γöé                          Γöé                                   ΓööListener(listeners: [down, panZoomStart], behavior: opaque, renderObject: RenderPointerListener#d88aa)
                                                                                                                                              Γöé                      Γöé                     Γöé                          Γöé                                    ΓööBuilder(dependencies: [IconTheme])
                                                                                                                                              Γöé                      Γöé                     Γöé                          Γöé                                     ΓööIconTheme(color: Color(0xff6750a4))
                                                                                                                                              Γöé                      Γöé                     Γöé                          Γöé                                      ΓööPadding(padding: EdgeInsets(24.0, 0.0, 24.0, 0.0), dependencies: [Directionality], renderObject: RenderPadding#88cea)
                                                                                                                                              Γöé                      Γöé                     Γöé                          Γöé                                       ΓööAlign(alignment: Alignment.center, widthFactor: 1.0, heightFactor: 1.0, dependencies: [Directionality], renderObject: RenderPositionedBox#02b01)
                                                                                                                                              Γöé                      Γöé                     Γöé                          Γöé                                        ΓööCenter(alignment: Alignment.center, dependencies: [Directionality], renderObject: RenderPositionedBox#6a810 relayoutBoundary=up1)
                                                                                                                                              Γöé                      Γöé                     Γöé                          Γöé                                         ΓööText("0", inherit: true, color: Color(0xffffffff), size: 40.0, weight: 700, textAlign: center, dependencies: [DefaultSelectionStyle, DefaultTextStyle, MediaQuery])
                                                                                                                                              Γöé                      Γöé                     Γöé                          Γöé                                          ΓööRichText(textAlign: center, softWrap: wrapping at box width, maxLines: unlimited, text: "0", dependencies: [Directionality, _LocalizationsScope-[GlobalKey#2bc14]], renderObject: RenderParagraph#71ea2 relayoutBoundary=up2)
                                                                                                                                              Γöé                      Γöé                     Γöé                          Γö£KeyedSubtree
                                                                                                                                              Γöé                      Γöé                     Γöé                          ΓöéΓööAutomaticKeepAlive(state: _AutomaticKeepAliveState#3576c(handles: no notifications ever received))
                                                                                                                                              Γöé                      Γöé                     Γöé                          Γöé ΓööKeepAlive(keepAlive: false)
                                                                                                                                              Γöé                      Γöé                     Γöé                          Γöé  ΓööNotificationListener<KeepAliveNotification>
                                                                                                                                              Γöé                      Γöé                     Γöé                          Γöé   Γöö_SelectionKeepAlive(state: _SelectionKeepAliveState#0b224)
                                                                                                                                              Γöé                      Γöé                     Γöé                          Γöé    ΓööIndexedSemantics(index: 22, renderObject: RenderIndexedSemantics#56d08)
                                                                                                                                              Γöé                      Γöé                     Γöé                          Γöé     ΓööRepaintBoundary(renderObject: RenderRepaintBoundary#fc92e)
                                                                                                                                              Γöé                      Γöé                     Γöé                          Γöé      ΓööButton(dependencies: [MediaQuery])
                                                                                                                                              Γöé                      Γöé                     Γöé                          Γöé       ΓööPadding(padding: EdgeInsets.all(8.0), dependencies: [Directionality], renderObject: RenderPadding#3c30b)
                                                                                                                                              Γöé                      Γöé                     Γöé                          Γöé        ΓööElevatedButton(style: ButtonStyle#3a90c(textStyle: WidgetStatePropertyAll(null), backgroundColor: _ElevatedButtonDefaultColor#4b6d7, shape: WidgetStatePropertyAll(RoundedRectangleBorder(BorderSide(width: 0.0, style: none), BorderRadius.zero)), mouseCursor: _ElevatedButtonDefaultMouseCursor#db43a), dependencies: [InheritedCupertinoTheme, MediaQuery, _InheritedTheme, _LocalizationsScope-[GlobalKey#2bc14]], state: _ButtonStyleState#eca75)
                                                                                                                                              Γöé                      Γöé                     Γöé                          Γöé         ΓööSemantics(container: true, properties: SemanticsProperties, renderObject: RenderSemanticsAnnotations#c2648)
                                                                                                                                              Γöé                      Γöé                     Γöé                          Γöé          Γöö_InputPadding(renderObject: _RenderInputPadding#b09c7)
                                                                                                                                              Γöé                      Γöé                     Γöé                          Γöé           ΓööConstrainedBox(BoxConstraints(64.0<=w<=Infinity, 40.0<=h<=Infinity), renderObject: RenderConstrainedBox#9da4e)
                                                                                                                                              Γöé                      Γöé                     Γöé                          Γöé            ΓööMaterial(type: button, elevation: 1.0, color: MaterialColor(primary value: Color(0xff607d8b)), shadowColor: Color(0xff000000), surfaceTintColor: Color(0x00000000), textStyle.debugLabel: ((englishLike labelLarge 2021).merge((blackMountainView labelLarge).apply)).copyWith, textStyle.inherit: false, textStyle.color: Color(0xff6750a4), textStyle.family: Roboto, textStyle.size: 14.0, textStyle.weight: 500, textStyle.letterSpacing: 0.1, textStyle.baseline: alphabetic, textStyle.height: 1.4x, textStyle.leadingDistribution: even, textStyle.decoration: Color(0xff1d1b20) TextDecoration.none, shape: RoundedRectangleBorder(BorderSide(width: 0.0, style: none), BorderRadius.zero), dependencies: [InheritedCupertinoTheme, _InheritedTheme, _LocalizationsScope-[GlobalKey#2bc14]], state: _MaterialState#f1720)
                                                                                                                                              Γöé                      Γöé                     Γöé                          Γöé             Γöö_MaterialInterior(duration: 200ms, shape: RoundedRectangleBorder(BorderSide(width: 0.0, style: none), BorderRadius.zero), elevation: 1.0, color: MaterialColor(primary value: Color(0xff607d8b)), shadowColor: Color(0xff000000), dependencies: [Directionality, InheritedCupertinoTheme, _InheritedTheme, _LocalizationsScope-[GlobalKey#2bc14]], state: _MaterialInteriorState#2bc27(ticker inactive))
                                                                                                                                              Γöé                      Γöé                     Γöé                          Γöé              ΓööPhysicalShape(clipper: ShapeBorderClipper, elevation: 1.0, color: MaterialColor(primary value: Color(0xff607d8b)), shadowColor: Color(0xff000000), renderObject: RenderPhysicalShape#2b9cc)
                                                                                                                                              Γöé                      Γöé                     Γöé                          Γöé               Γöö_ShapeBorderPaint(dependencies: [Directionality])
                                                                                                                                              Γöé                      Γöé                     Γöé                          Γöé                ΓööCustomPaint(renderObject: RenderCustomPaint#32730)
                                                                                                                                              Γöé                      Γöé                     Γöé                          Γöé                 ΓööNotificationListener<LayoutChangedNotification>
                                                                                                                                              Γöé                      Γöé                     Γöé                          Γöé                  Γöö_InkFeatures-[GlobalKey#5a3dc ink renderer](renderObject: _RenderInkFeatures#35ec4)
                                                                                                                                              Γöé                      Γöé                     Γöé                          Γöé                   ΓööAnimatedDefaultTextStyle(duration: 200ms, debugLabel: ((englishLike labelLarge 2021).merge((blackMountainView labelLarge).apply)).copyWith, inherit: false, color: Color(0xff6750a4), family: Roboto, size: 14.0, weight: 500, letterSpacing: 0.1, baseline: alphabetic, height: 1.4x, leadingDistribution: even, decoration: Color(0xff1d1b20) TextDecoration.none, softWrap: wrapping at box width, overflow: clip, state: _AnimatedDefaultTextStyleState#c79a8(ticker inactive))
                                                                                                                                              Γöé                      Γöé                     Γöé                          Γöé                    ΓööDefaultTextStyle(debugLabel: ((englishLike labelLarge 2021).merge((blackMountainView labelLarge).apply)).copyWith, inherit: false, color: Color(0xff6750a4), family: Roboto, size: 14.0, weight: 500, letterSpacing: 0.1, baseline: alphabetic, height: 1.4x, leadingDistribution: even, decoration: Color(0xff1d1b20) TextDecoration.none, softWrap: wrapping at box width, overflow: clip)
                                                                                                                                              Γöé                      Γöé                     Γöé                          Γöé                     ΓööInkWell
                                                                                                                                              Γöé                      Γöé                     Γöé                          Γöé                      Γöö_InkResponseStateWidget(gestures: [tap], mouseCursor: ButtonStyleButton_MouseCursor, clipped to BoxShape.rectangle, dependencies: [MediaQuery], state: _InkResponseState#0c06b)
                                                                                                                                              Γöé                      Γöé                     Γöé                          Γöé                       Γöö_ParentInkResponseProvider
                                                                                                                                              Γöé                      Γöé                     Γöé                          Γöé                        ΓööActions(dispatcher: null, actions: {ActivateIntent: CallbackAction<ActivateIntent>#5aaa2, ButtonActivateIntent: CallbackAction<ButtonActivateIntent>#6f12a}, state: _ActionsState#8dc23)
                                                                                                                                              Γöé                      Γöé                     Γöé                          Γöé                         Γöö_ActionsScope
                                                                                                                                              Γöé                      Γöé                     Γöé                          Γöé                          ΓööFocus(dependencies: [_FocusInheritedScope], state: _FocusState#18c80)
                                                                                                                                              Γöé                      Γöé                     Γöé                          Γöé                           Γöö_FocusInheritedScope
                                                                                                                                              Γöé                      Γöé                     Γöé                          Γöé                            ΓööSemantics(container: false, properties: SemanticsProperties, renderObject: RenderSemanticsAnnotations#3f643)
                                                                                                                                              Γöé                      Γöé                     Γöé                          Γöé                             ΓööMouseRegion(listeners: [enter, exit], cursor: SystemMouseCursor(click), renderObject: RenderMouseRegion#3ddee)
                                                                                                                                              Γöé                      Γöé                     Γöé                          Γöé                              ΓööBuilder(dependencies: [DefaultSelectionStyle])
                                                                                                                                              Γöé                      Γöé                     Γöé                          Γöé                               ΓööDefaultSelectionStyle
                                                                                                                                              Γöé                      Γöé                     Γöé                          Γöé                                ΓööSemantics(container: false, properties: SemanticsProperties, renderObject: RenderSemanticsAnnotations#9af4c)
                                                                                                                                              Γöé                      Γöé                     Γöé                          Γöé                                 ΓööGestureDetector(startBehavior: start, dependencies: [MediaQuery, ScrollConfiguration])
                                                                                                                                              Γöé                      Γöé                     Γöé                          Γöé                                  ΓööRawGestureDetector(state: RawGestureDetectorState#9e09d(gestures: [tap], excludeFromSemantics: true, behavior: opaque))
                                                                                                                                              Γöé                      Γöé                     Γöé                          Γöé                                   ΓööListener(listeners: [down, panZoomStart], behavior: opaque, renderObject: RenderPointerListener#07550)
                                                                                                                                              Γöé                      Γöé                     Γöé                          Γöé                                    ΓööBuilder(dependencies: [IconTheme])
                                                                                                                                              Γöé                      Γöé                     Γöé                          Γöé                                     ΓööIconTheme(color: Color(0xff6750a4))
                                                                                                                                              Γöé                      Γöé                     Γöé                          Γöé                                      ΓööPadding(padding: EdgeInsets(24.0, 0.0, 24.0, 0.0), dependencies: [Directionality], renderObject: RenderPadding#c5482)
                                                                                                                                              Γöé                      Γöé                     Γöé                          Γöé                                       ΓööAlign(alignment: Alignment.center, widthFactor: 1.0, heightFactor: 1.0, dependencies: [Directionality], renderObject: RenderPositionedBox#1259b)
                                                                                                                                              Γöé                      Γöé                     Γöé                          Γöé                                        ΓööCenter(alignment: Alignment.center, dependencies: [Directionality], renderObject: RenderPositionedBox#67117 relayoutBoundary=up1)
                                                                                                                                              Γöé                      Γöé                     Γöé                          Γöé                                         ΓööText(".", inherit: true, color: Color(0xffffffff), size: 40.0, weight: 700, textAlign: center, dependencies: [DefaultSelectionStyle, DefaultTextStyle, MediaQuery])
                                                                                                                                              Γöé                      Γöé                     Γöé                          Γöé                                          ΓööRichText(textAlign: center, softWrap: wrapping at box width, maxLines: unlimited, text: ".", dependencies: [Directionality, _LocalizationsScope-[GlobalKey#2bc14]], renderObject: RenderParagraph#83c44 relayoutBoundary=up2)
                                                                                                                                              Γöé                      Γöé                     Γöé                          ΓööKeyedSubtree
                                                                                                                                              Γöé                      Γöé                     Γöé                           ΓööAutomaticKeepAlive(state: _AutomaticKeepAliveState#8749b(handles: no notifications ever received))
                                                                                                                                              Γöé                      Γöé                     Γöé                            ΓööKeepAlive(keepAlive: false)
                                                                                                                                              Γöé                      Γöé                     Γöé                             ΓööNotificationListener<KeepAliveNotification>
                                                                                                                                              Γöé                      Γöé                     Γöé                              Γöö_SelectionKeepAlive(state: _SelectionKeepAliveState#b91ea)
                                                                                                                                              Γöé                      Γöé                     Γöé                               ΓööIndexedSemantics(index: 23, renderObject: RenderIndexedSemantics#1eb28)
                                                                                                                                              Γöé                      Γöé                     Γöé                                ΓööRepaintBoundary(renderObject: RenderRepaintBoundary#db62b)
                                                                                                                                              Γöé                      Γöé                     Γöé                                 ΓööButton(dependencies: [MediaQuery])
                                                                                                                                              Γöé                      Γöé                     Γöé                                  ΓööPadding(padding: EdgeInsets.all(8.0), dependencies: [Directionality], renderObject: RenderPadding#9819d)
                                                                                                                                              Γöé                      Γöé                     Γöé                                   ΓööElevatedButton(style: ButtonStyle#c9855(textStyle: WidgetStatePropertyAll(null), backgroundColor: _ElevatedButtonDefaultColor#237bc, shape: WidgetStatePropertyAll(RoundedRectangleBorder(BorderSide(width: 0.0, style: none), BorderRadius.zero)), mouseCursor: _ElevatedButtonDefaultMouseCursor#0b76f), dependencies: [InheritedCupertinoTheme, MediaQuery, _InheritedTheme, _LocalizationsScope-[GlobalKey#2bc14]], state: _ButtonStyleState#6790e)
                                                                                                                                              Γöé                      Γöé                     Γöé                                    ΓööSemantics(container: true, properties: SemanticsProperties, renderObject: RenderSemanticsAnnotations#5f083)
                                                                                                                                              Γöé                      Γöé                     Γöé                                     Γöö_InputPadding(renderObject: _RenderInputPadding#c647e)
                                                                                                                                              Γöé                      Γöé                     Γöé                                      ΓööConstrainedBox(BoxConstraints(64.0<=w<=Infinity, 40.0<=h<=Infinity), renderObject: RenderConstrainedBox#dc53b)
                                                                                                                                              Γöé                      Γöé                     Γöé                                       ΓööMaterial(type: button, elevation: 1.0, color: MaterialColor(primary value: Color(0xff607d8b)), shadowColor: Color(0xff000000), surfaceTintColor: Color(0x00000000), textStyle.debugLabel: ((englishLike labelLarge 2021).merge((blackMountainView labelLarge).apply)).copyWith, textStyle.inherit: false, textStyle.color: Color(0xff6750a4), textStyle.family: Roboto, textStyle.size: 14.0, textStyle.weight: 500, textStyle.letterSpacing: 0.1, textStyle.baseline: alphabetic, textStyle.height: 1.4x, textStyle.leadingDistribution: even, textStyle.decoration: Color(0xff1d1b20) TextDecoration.none, shape: RoundedRectangleBorder(BorderSide(width: 0.0, style: none), BorderRadius.zero), dependencies: [InheritedCupertinoTheme, _InheritedTheme, _LocalizationsScope-[GlobalKey#2bc14]], state: _MaterialState#d4a5c)
                                                                                                                                              Γöé                      Γöé                     Γöé                                        Γöö_MaterialInterior(duration: 200ms, shape: RoundedRectangleBorder(BorderSide(width: 0.0, style: none), BorderRadius.zero), elevation: 1.0, color: MaterialColor(primary value: Color(0xff607d8b)), shadowColor: Color(0xff000000), dependencies: [Directionality, InheritedCupertinoTheme, _InheritedTheme, _LocalizationsScope-[GlobalKey#2bc14]], state: _MaterialInteriorState#24582(ticker inactive))
                                                                                                                                              Γöé                      Γöé                     Γöé                                         ΓööPhysicalShape(clipper: ShapeBorderClipper, elevation: 1.0, color: MaterialColor(primary value: Color(0xff607d8b)), shadowColor: Color(0xff000000), renderObject: RenderPhysicalShape#d354c)
                                                                                                                                              Γöé                      Γöé                     Γöé                                          Γöö_ShapeBorderPaint(dependencies: [Directionality])
                                                                                                                                              Γöé                      Γöé                     Γöé                                           ΓööCustomPaint(renderObject: RenderCustomPaint#522d1)
                                                                                                                                              Γöé                      Γöé                     Γöé                                            ΓööNotificationListener<LayoutChangedNotification>
                                                                                                                                              Γöé                      Γöé                     Γöé                                             Γöö_InkFeatures-[GlobalKey#61beb ink renderer](renderObject: _RenderInkFeatures#44797)
                                                                                                                                              Γöé                      Γöé                     Γöé                                              ΓööAnimatedDefaultTextStyle(duration: 200ms, debugLabel: ((englishLike labelLarge 2021).merge((blackMountainView labelLarge).apply)).copyWith, inherit: false, color: Color(0xff6750a4), family: Roboto, size: 14.0, weight: 500, letterSpacing: 0.1, baseline: alphabetic, height: 1.4x, leadingDistribution: even, decoration: Color(0xff1d1b20) TextDecoration.none, softWrap: wrapping at box width, overflow: clip, state: _AnimatedDefaultTextStyleState#78318(ticker inactive))
                                                                                                                                              Γöé                      Γöé                     Γöé                                               ΓööDefaultTextStyle(debugLabel: ((englishLike labelLarge 2021).merge((blackMountainView labelLarge).apply)).copyWith, inherit: false, color: Color(0xff6750a4), family: Roboto, size: 14.0, weight: 500, letterSpacing: 0.1, baseline: alphabetic, height: 1.4x, leadingDistribution: even, decoration: Color(0xff1d1b20) TextDecoration.none, softWrap: wrapping at box width, overflow: clip)
                                                                                                                                              Γöé                      Γöé                     Γöé                                                ΓööInkWell
                                                                                                                                              Γöé                      Γöé                     Γöé                                                 Γöö_InkResponseStateWidget(gestures: [tap], mouseCursor: ButtonStyleButton_MouseCursor, clipped to BoxShape.rectangle, dependencies: [MediaQuery], state: _InkResponseState#91b79)
                                                                                                                                              Γöé                      Γöé                     Γöé                                                  Γöö_ParentInkResponseProvider
                                                                                                                                              Γöé                      Γöé                     Γöé                                                   ΓööActions(dispatcher: null, actions: {ActivateIntent: CallbackAction<ActivateIntent>#47301, ButtonActivateIntent: CallbackAction<ButtonActivateIntent>#45178}, state: _ActionsState#3c836)
                                                                                                                                              Γöé                      Γöé                     Γöé                                                    Γöö_ActionsScope
                                                                                                                                              Γöé                      Γöé                     Γöé                                                     ΓööFocus(dependencies: [_FocusInheritedScope], state: _FocusState#b07db)
                                                                                                                                              Γöé                      Γöé                     Γöé                                                      Γöö_FocusInheritedScope
                                                                                                                                              Γöé                      Γöé                     Γöé                                                       ΓööSemantics(container: false, properties: SemanticsProperties, renderObject: RenderSemanticsAnnotations#72f6d)
                                                                                                                                              Γöé                      Γöé                     Γöé                                                        ΓööMouseRegion(listeners: [enter, exit], cursor: SystemMouseCursor(click), renderObject: RenderMouseRegion#9af1e)
                                                                                                                                              Γöé                      Γöé                     Γöé                                                         ΓööBuilder(dependencies: [DefaultSelectionStyle])
                                                                                                                                              Γöé                      Γöé                     Γöé                                                          ΓööDefaultSelectionStyle
                                                                                                                                              Γöé                      Γöé                     Γöé                                                           ΓööSemantics(container: false, properties: SemanticsProperties, renderObject: RenderSemanticsAnnotations#3f413)
                                                                                                                                              Γöé                      Γöé                     Γöé                                                            ΓööGestureDetector(startBehavior: start, dependencies: [MediaQuery, ScrollConfiguration])
                                                                                                                                              Γöé                      Γöé                     Γöé                                                             ΓööRawGestureDetector(state: RawGestureDetectorState#e5155(gestures: [tap], excludeFromSemantics: true, behavior: opaque))
                                                                                                                                              Γöé                      Γöé                     Γöé                                                              ΓööListener(listeners: [down, panZoomStart], behavior: opaque, renderObject: RenderPointerListener#e158d)
                                                                                                                                              Γöé                      Γöé                     Γöé                                                               ΓööBuilder(dependencies: [IconTheme])
                                                                                                                                              Γöé                      Γöé                     Γöé                                                                ΓööIconTheme(color: Color(0xff6750a4))
                                                                                                                                              Γöé                      Γöé                     Γöé                                                                 ΓööPadding(padding: EdgeInsets(24.0, 0.0, 24.0, 0.0), dependencies: [Directionality], renderObject: RenderPadding#178ae)
                                                                                                                                              Γöé                      Γöé                     Γöé                                                                  ΓööAlign(alignment: Alignment.center, widthFactor: 1.0, heightFactor: 1.0, dependencies: [Directionality], renderObject: RenderPositionedBox#2ead2)
                                                                                                                                              Γöé                      Γöé                     Γöé                                                                   ΓööCenter(alignment: Alignment.center, dependencies: [Directionality], renderObject: RenderPositionedBox#1318c relayoutBoundary=up1)
                                                                                                                                              Γöé                      Γöé                     Γöé                                                                    ΓööText("Enter", inherit: true, color: Color(0xffffffff), size: 24.7, weight: 700, textAlign: center, dependencies: [DefaultSelectionStyle, DefaultTextStyle, MediaQuery])
                                                                                                                                              Γöé                      Γöé                     Γöé                                                                     ΓööRichText(textAlign: center, softWrap: wrapping at box width, maxLines: unlimited, text: "Enter", dependencies: [Directionality, _LocalizationsScope-[GlobalKey#2bc14]], renderObject: RenderParagraph#2287a relayoutBoundary=up2)
                                                                                                                                              Γöé                      Γöé                     Γö£LayoutId-[<_ScaffoldSlot.bottomNavigationBar>](id: _ScaffoldSlot.bottomNavigationBar)
                                                                                                                                              Γöé                      Γöé                     ΓöéΓööMediaQuery(MediaQueryData(size: Size(800.0, 600.0), devicePixelRatio: 3.0, textScaler: no scaling, platformBrightness: Brightness.light, padding: EdgeInsets.zero, viewPadding: EdgeInsets.zero, viewInsets: EdgeInsets.zero, systemGestureInsets: EdgeInsets.zero, alwaysUse24HourFormat: false, accessibleNavigation: false, highContrast: false, onOffSwitchLabels: false, disableAnimations: false, invertColors: false, boldText: false, navigationMode: traditional, gestureSettings: DeviceGestureSettings(touchSlop: null), displayFeatures: [], supportsShowingSystemContextMenu: false))
                                                                                                                                              Γöé                      Γöé                     Γöé ΓööBottomNavigationBar(dependencies: [Directionality, InheritedCupertinoTheme, MediaQuery, _InheritedTheme, _LocalizationsScope-[GlobalKey#2bc14]], state: _BottomNavigationBarState#be4b7(tickers: tracking 3 tickers))
                                                                                                                                              Γöé                      Γöé                     Γöé  ΓööSemantics(container: false, properties: SemanticsProperties, renderObject: RenderSemanticsAnnotations#16815 relayoutBoundary=up7)
                                                                                                                                              Γöé                      Γöé                     Γöé   Γöö_Bar(dependencies: [MediaQuery])
                                                                                                                                              Γöé                      Γöé                     Γöé    ΓööMaterial(type: canvas, elevation: 8.0, dependencies: [InheritedCupertinoTheme, _InheritedTheme, _LocalizationsScope-[GlobalKey#2bc14]], state: _MaterialState#bdb83)
                                                                                                                                              Γöé                      Γöé                     Γöé     ΓööAnimatedPhysicalModel(duration: 200ms, shape: rectangle, borderRadius: null, elevation: 8.0, color: Color(0xfffef7ff), animateColor: false, shadowColor: Color(0xff000000), animateShadowColor: true, state: _AnimatedPhysicalModelState#56827(ticker inactive))
                                                                                                                                              Γöé                      Γöé                     Γöé      ΓööPhysicalModel(shape: rectangle, borderRadius: BorderRadius.zero, elevation: 8.0, color: Color(0xfffef7ff), shadowColor: Color(0xff000000), renderObject: RenderPhysicalModel#9e0b8 relayoutBoundary=up8)
                                                                                                                                              Γöé                      Γöé                     Γöé       ΓööNotificationListener<LayoutChangedNotification>
                                                                                                                                              Γöé                      Γöé                     Γöé        Γöö_InkFeatures-[GlobalKey#4a4c3 ink renderer](renderObject: _RenderInkFeatures#e959b relayoutBoundary=up9)
                                                                                                                                              Γöé                      Γöé                     Γöé         ΓööAnimatedDefaultTextStyle(duration: 200ms, debugLabel: (englishLike bodyMedium 2021).merge((blackMountainView bodyMedium).apply), inherit: false, color: Color(0xff1d1b20), family: Roboto, size: 14.0, weight: 400, letterSpacing: 0.3, baseline: alphabetic, height: 1.4x, leadingDistribution: even, decoration: Color(0xff1d1b20) TextDecoration.none, softWrap: wrapping at box width, overflow: clip, state: _AnimatedDefaultTextStyleState#2e23a(ticker inactive))
                                                                                                                                              Γöé                      Γöé                     Γöé          ΓööDefaultTextStyle(debugLabel: (englishLike bodyMedium 2021).merge((blackMountainView bodyMedium).apply), inherit: false, color: Color(0xff1d1b20), family: Roboto, size: 14.0, weight: 400, letterSpacing: 0.3, baseline: alphabetic, height: 1.4x, leadingDistribution: even, decoration: Color(0xff1d1b20) TextDecoration.none, softWrap: wrapping at box width, overflow: clip)
                                                                                                                                              Γöé                      Γöé                     Γöé           ΓööConstrainedBox(BoxConstraints(0.0<=w<=Infinity, 56.0<=h<=Infinity), renderObject: RenderConstrainedBox#b88e3 relayoutBoundary=up10)
                                                                                                                                              Γöé                      Γöé                     Γöé            ΓööCustomPaint(renderObject: RenderCustomPaint#ba5f6 relayoutBoundary=up11)
                                                                                                                                              Γöé                      Γöé                     Γöé             ΓööMaterial(type: transparency, dependencies: [Directionality, InheritedCupertinoTheme, _InheritedTheme, _LocalizationsScope-[GlobalKey#2bc14]], state: _MaterialState#2d2ec)
                                                                                                                                              Γöé                      Γöé                     Γöé              ΓööClipPath(clipper: ShapeBorderClipper, renderObject: RenderClipPath#e74e3 relayoutBoundary=up12)
                                                                                                                                              Γöé                      Γöé                     Γöé               Γöö_ShapeBorderPaint(dependencies: [Directionality])
                                                                                                                                              Γöé                      Γöé                     Γöé                ΓööCustomPaint(renderObject: RenderCustomPaint#369af relayoutBoundary=up13)
                                                                                                                                              Γöé                      Γöé                     Γöé                 ΓööNotificationListener<LayoutChangedNotification>
                                                                                                                                              Γöé                      Γöé                     Γöé                  Γöö_InkFeatures-[GlobalKey#3acae ink renderer](renderObject: _RenderInkFeatures#97901 relayoutBoundary=up14)
                                                                                                                                              Γöé                      Γöé                     Γöé                   ΓööAnimatedDefaultTextStyle(duration: 200ms, debugLabel: (englishLike bodyMedium 2021).merge((blackMountainView bodyMedium).apply), inherit: false, color: Color(0xff1d1b20), family: Roboto, size: 14.0, weight: 400, letterSpacing: 0.3, baseline: alphabetic, height: 1.4x, leadingDistribution: even, decoration: Color(0xff1d1b20) TextDecoration.none, softWrap: wrapping at box width, overflow: clip, state: _AnimatedDefaultTextStyleState#a2323(ticker inactive))
                                                                                                                                              Γöé                      Γöé                     Γöé                    ΓööDefaultTextStyle(debugLabel: (englishLike bodyMedium 2021).merge((blackMountainView bodyMedium).apply), inherit: false, color: Color(0xff1d1b20), family: Roboto, size: 14.0, weight: 400, letterSpacing: 0.3, baseline: alphabetic, height: 1.4x, leadingDistribution: even, decoration: Color(0xff1d1b20) TextDecoration.none, softWrap: wrapping at box width, overflow: clip)
                                                                                                                                              Γöé                      Γöé                     Γöé                     ΓööPadding(padding: EdgeInsets.zero, dependencies: [Directionality], renderObject: RenderPadding#40036 relayoutBoundary=up15)
                                                                                                                                              Γöé                      Γöé                     Γöé                      ΓööMediaQuery(MediaQueryData(size: Size(800.0, 600.0), devicePixelRatio: 3.0, textScaler: no scaling, platformBrightness: Brightness.light, padding: EdgeInsets.zero, viewPadding: EdgeInsets.zero, viewInsets: EdgeInsets.zero, systemGestureInsets: EdgeInsets.zero, alwaysUse24HourFormat: false, accessibleNavigation: false, highContrast: false, onOffSwitchLabels: false, disableAnimations: false, invertColors: false, boldText: false, navigationMode: traditional, gestureSettings: DeviceGestureSettings(touchSlop: null), displayFeatures: [], supportsShowingSystemContextMenu: false))
                                                                                                                                              Γöé                      Γöé                     Γöé                       ΓööBuilder(dependencies: [DefaultTextStyle])
                                                                                                                                              Γöé                      Γöé                     Γöé                        ΓööDefaultTextStyle(debugLabel: (englishLike bodyMedium 2021).merge((blackMountainView bodyMedium).apply), inherit: false, color: Color(0xff1d1b20), family: Roboto, size: 14.0, weight: 400, letterSpacing: 0.3, baseline: alphabetic, height: 1.4x, leadingDistribution: even, decoration: Color(0xff1d1b20) TextDecoration.none, softWrap: wrapping at box width, overflow: ellipsis)
                                                                                                                                              Γöé                      Γöé                     Γöé                         ΓööRow(direction: horizontal, mainAxisAlignment: spaceBetween, crossAxisAlignment: center, dependencies: [Directionality], renderObject: RenderFlex#57bff relayoutBoundary=up16)
                                                                                                                                              Γöé                      Γöé                     Γöé                          Γö£_BottomNavigationTile
                                                                                                                                              Γöé                      Γöé                     Γöé                          ΓöéΓööExpanded(flex: 1)
                                                                                                                                              Γöé                      Γöé                     Γöé                          Γöé ΓööSemantics(container: true, properties: SemanticsProperties, selected: false, renderObject: RenderSemanticsAnnotations#03d47 relayoutBoundary=up17)
                                                                                                                                              Γöé                      Γöé                     Γöé                          Γöé  ΓööStack(alignment: AlignmentDirectional.topStart, fit: loose, dependencies: [Directionality], renderObject: RenderStack#014f6 relayoutBoundary=up18)
                                                                                                                                              Γöé                      Γöé                     Γöé                          Γöé   Γö£InkResponse
                                                                                                                                              Γöé                      Γöé                     Γöé                          Γöé   ΓöéΓöö_InkResponseStateWidget(gestures: [tap], mouseCursor: SystemMouseCursor(click), BoxShape.circle, dependencies: [MediaQuery], state: _InkResponseState#ea066)
                                                                                                                                              Γöé                      Γöé                     Γöé                          Γöé   Γöé Γöö_ParentInkResponseProvider
                                                                                                                                              Γöé                      Γöé                     Γöé                          Γöé   Γöé  ΓööActions(dispatcher: null, actions: {ActivateIntent: CallbackAction<ActivateIntent>#474a7, ButtonActivateIntent: CallbackAction<ButtonActivateIntent>#ee1db}, state: _ActionsState#0d3a5)
                                                                                                                                              Γöé                      Γöé                     Γöé                          Γöé   Γöé   Γöö_ActionsScope
                                                                                                                                              Γöé                      Γöé                     Γöé                          Γöé   Γöé    ΓööFocus(dependencies: [_FocusInheritedScope], state: _FocusState#5a32a)
                                                                                                                                              Γöé                      Γöé                     Γöé                          Γöé   Γöé     Γöö_FocusInheritedScope
                                                                                                                                              Γöé                      Γöé                     Γöé                          Γöé   Γöé      ΓööSemantics(container: false, properties: SemanticsProperties, renderObject: RenderSemanticsAnnotations#b64bf relayoutBoundary=up19)
                                                                                                                                              Γöé                      Γöé                     Γöé                          Γöé   Γöé       ΓööMouseRegion(listeners: [enter, exit], cursor: SystemMouseCursor(click), renderObject: RenderMouseRegion#26341 relayoutBoundary=up20)
                                                                                                                                              Γöé                      Γöé                     Γöé                          Γöé   Γöé        ΓööBuilder(dependencies: [DefaultSelectionStyle])
                                                                                                                                              Γöé                      Γöé                     Γöé                          Γöé   Γöé         ΓööDefaultSelectionStyle
                                                                                                                                              Γöé                      Γöé                     Γöé                          Γöé   Γöé          ΓööSemantics(container: false, properties: SemanticsProperties, renderObject: RenderSemanticsAnnotations#752c1 relayoutBoundary=up21)
                                                                                                                                              Γöé                      Γöé                     Γöé                          Γöé   Γöé           ΓööGestureDetector(startBehavior: start, dependencies: [MediaQuery, ScrollConfiguration])
                                                                                                                                              Γöé                      Γöé                     Γöé                          Γöé   Γöé            ΓööRawGestureDetector(state: RawGestureDetectorState#002fd(gestures: [tap], excludeFromSemantics: true, behavior: opaque))
                                                                                                                                              Γöé                      Γöé                     Γöé                          Γöé   Γöé             ΓööListener(listeners: [down, panZoomStart], behavior: opaque, renderObject: RenderPointerListener#6cedf relayoutBoundary=up22)
                                                                                                                                              Γöé                      Γöé                     Γöé                          Γöé   Γöé              ΓööPadding(padding: EdgeInsets(0.0, 7.0, 0.0, 7.0), dependencies: [Directionality], renderObject: RenderPadding#f3ee7 relayoutBoundary=up23)
                                                                                                                                              Γöé                      Γöé                     Γöé                          Γöé   Γöé               Γöö_Tile(dependencies: [MediaQuery])
                                                                                                                                              Γöé                      Γöé                     Γöé                          Γöé   Γöé                ΓööColumn(direction: vertical, mainAxisAlignment: spaceBetween, mainAxisSize: min, crossAxisAlignment: center, renderObject: RenderFlex#74e3c relayoutBoundary=up24)
                                                                                                                                              Γöé                      Γöé                     Γöé                          Γöé   Γöé                 Γö£_TileIcon
                                                                                                                                              Γöé                      Γöé                     Γöé                          Γöé   Γöé                 ΓöéΓööAlign(alignment: Alignment.topCenter, heightFactor: 1.0, dependencies: [Directionality], renderObject: RenderPositionedBox#6f48c relayoutBoundary=up25)
                                                                                                                                              Γöé                      Γöé                     Γöé                          Γöé   Γöé                 Γöé ΓööIconTheme(size: 24.0, color: Color(0xff000000))
                                                                                                                                              Γöé                      Γöé                     Γöé                          Γöé   Γöé                 Γöé  ΓööIcon(IconData(U+0E061), dependencies: [Directionality, IconTheme])
                                                                                                                                              Γöé                      Γöé                     Γöé                          Γöé   Γöé                 Γöé   ΓööSemantics(container: false, properties: SemanticsProperties, renderObject: RenderSemanticsAnnotations#d2723 relayoutBoundary=up26)
                                                                                                                                              Γöé                      Γöé                     Γöé                          Γöé   Γöé                 Γöé    ΓööExcludeSemantics(excluding: true, renderObject: RenderExcludeSemantics#376f3 relayoutBoundary=up27)
                                                                                                                                              Γöé                      Γöé                     Γöé                          Γöé   Γöé                 Γöé     ΓööSizedBox(width: 24.0, height: 24.0, renderObject: RenderConstrainedBox#50848 relayoutBoundary=up28)
                                                                                                                                              Γöé                      Γöé                     Γöé                          Γöé   Γöé                 Γöé      ΓööCenter(alignment: Alignment.center, dependencies: [Directionality], renderObject: RenderPositionedBox#0e94b)
                                                                                                                                              Γöé                      Γöé                     Γöé                          Γöé   Γöé                 Γöé       ΓööRichText(textDirection: ltr, softWrap: wrapping at box width, overflow: visible, maxLines: unlimited, text: "εüí", dependencies: [_LocalizationsScope-[GlobalKey#2bc14]], renderObject: RenderParagraph#4a980 relayoutBoundary=up1)
                                                                                                                                              Γöé                      Γöé                     Γöé                          Γöé   Γöé                 Γöö_Label
                                                                                                                                              Γöé                      Γöé                     Γöé                          Γöé   Γöé                  ΓööBuilder(dependencies: [MediaQuery])
                                                                                                                                              Γöé                      Γöé                     Γöé                          Γöé   Γöé                   ΓööMediaQuery(MediaQueryData(size: Size(800.0, 600.0), devicePixelRatio: 3.0, textScaler: no scaling, platformBrightness: Brightness.light, padding: EdgeInsets.zero, viewPadding: EdgeInsets.zero, viewInsets: EdgeInsets.zero, systemGestureInsets: EdgeInsets.zero, alwaysUse24HourFormat: false, accessibleNavigation: false, highContrast: false, onOffSwitchLabels: false, disableAnimations: false, invertColors: false, boldText: false, navigationMode: traditional, gestureSettings: DeviceGestureSettings(touchSlop: null), displayFeatures: [], supportsShowingSystemContextMenu: false))
                                                                                                                                              Γöé                      Γöé                     Γöé                          Γöé   Γöé                    ΓööAlign(alignment: Alignment.bottomCenter, heightFactor: 1.0, dependencies: [Directionality], renderObject: RenderPositionedBox#c39b1 relayoutBoundary=up25)
                                                                                                                                              Γöé                      Γöé                     Γöé                          Γöé   Γöé                     ΓööBuilder(dependencies: [DefaultTextStyle])
                                                                                                                                              Γöé                      Γöé                     Γöé                          Γöé   Γöé                      ΓööDefaultTextStyle(debugLabel: ((englishLike bodyMedium 2021).merge((blackMountainView bodyMedium).apply)).merge((lerp(unknown ΓÄ»0.0ΓåÆ unknown)).copyWith), inherit: false, color: Color(0xff000000), family: Roboto, size: 14.0, weight: 400, letterSpacing: 0.3, baseline: alphabetic, height: 1.4x, leadingDistribution: even, decoration: Color(0xff1d1b20) TextDecoration.none, softWrap: wrapping at box width, overflow: ellipsis)
                                                                                                                                              Γöé                      Γöé                     Γöé                          Γöé   Γöé                       ΓööTransform(dependencies: [Directionality], renderObject: RenderTransform#264f9 relayoutBoundary=up26)
                                                                                                                                              Γöé                      Γöé                     Γöé                          Γöé   Γöé                        ΓööText("Targets", dependencies: [DefaultSelectionStyle, DefaultTextStyle, MediaQuery])
                                                                                                                                              Γöé                      Γöé                     Γöé                          Γöé   Γöé                         ΓööRichText(softWrap: wrapping at box width, overflow: ellipsis, maxLines: unlimited, text: "Targets", dependencies: [Directionality, _LocalizationsScope-[GlobalKey#2bc14]], renderObject: RenderParagraph#9226d relayoutBoundary=up27)
                                                                                                                                              Γöé                      Γöé                     Γöé                          Γöé   ΓööSemantics(container: false, properties: SemanticsProperties, label: "Tab 1 of 3", dependencies: [Directionality], renderObject: RenderSemanticsAnnotations#785c7 relayoutBoundary=up19)
                                                                                                                                              Γöé                      Γöé                     Γöé                          Γö£_BottomNavigationTile
                                                                                                                                              Γöé                      Γöé                     Γöé                          ΓöéΓööExpanded(flex: 1)
                                                                                                                                              Γöé                      Γöé                     Γöé                          Γöé ΓööSemantics(container: true, properties: SemanticsProperties, selected: true, renderObject: RenderSemanticsAnnotations#48709 relayoutBoundary=up17)
                                                                                                                                              Γöé                      Γöé                     Γöé                          Γöé  ΓööStack(alignment: AlignmentDirectional.topStart, fit: loose, dependencies: [Directionality], renderObject: RenderStack#088d1 relayoutBoundary=up18)
                                                                                                                                              Γöé                      Γöé                     Γöé                          Γöé   Γö£InkResponse
                                                                                                                                              Γöé                      Γöé                     Γöé                          Γöé   ΓöéΓöö_InkResponseStateWidget(gestures: [tap], mouseCursor: SystemMouseCursor(click), BoxShape.circle, dependencies: [MediaQuery], state: _InkResponseState#9ff77)
                                                                                                                                              Γöé                      Γöé                     Γöé                          Γöé   Γöé Γöö_ParentInkResponseProvider
                                                                                                                                              Γöé                      Γöé                     Γöé                          Γöé   Γöé  ΓööActions(dispatcher: null, actions: {ActivateIntent: CallbackAction<ActivateIntent>#47d7d, ButtonActivateIntent: CallbackAction<ButtonActivateIntent>#a1607}, state: _ActionsState#c31c6)
                                                                                                                                              Γöé                      Γöé                     Γöé                          Γöé   Γöé   Γöö_ActionsScope
                                                                                                                                              Γöé                      Γöé                     Γöé                          Γöé   Γöé    ΓööFocus(dependencies: [_FocusInheritedScope], state: _FocusState#beeff)
                                                                                                                                              Γöé                      Γöé                     Γöé                          Γöé   Γöé     Γöö_FocusInheritedScope
                                                                                                                                              Γöé                      Γöé                     Γöé                          Γöé   Γöé      ΓööSemantics(container: false, properties: SemanticsProperties, renderObject: RenderSemanticsAnnotations#7db2a relayoutBoundary=up19)
                                                                                                                                              Γöé                      Γöé                     Γöé                          Γöé   Γöé       ΓööMouseRegion(listeners: [enter, exit], cursor: SystemMouseCursor(click), renderObject: RenderMouseRegion#daff1 relayoutBoundary=up20)
                                                                                                                                              Γöé                      Γöé                     Γöé                          Γöé   Γöé        ΓööBuilder(dependencies: [DefaultSelectionStyle])
                                                                                                                                              Γöé                      Γöé                     Γöé                          Γöé   Γöé         ΓööDefaultSelectionStyle
                                                                                                                                              Γöé                      Γöé                     Γöé                          Γöé   Γöé          ΓööSemantics(container: false, properties: SemanticsProperties, renderObject: RenderSemanticsAnnotations#9ab22 relayoutBoundary=up21)
                                                                                                                                              Γöé                      Γöé                     Γöé                          Γöé   Γöé           ΓööGestureDetector(startBehavior: start, dependencies: [MediaQuery, ScrollConfiguration])
                                                                                                                                              Γöé                      Γöé                     Γöé                          Γöé   Γöé            ΓööRawGestureDetector(state: RawGestureDetectorState#07a12(gestures: [tap], excludeFromSemantics: true, behavior: opaque))
                                                                                                                                              Γöé                      Γöé                     Γöé                          Γöé   Γöé             ΓööListener(listeners: [down, panZoomStart], behavior: opaque, renderObject: RenderPointerListener#922a5 relayoutBoundary=up22)
                                                                                                                                              Γöé                      Γöé                     Γöé                          Γöé   Γöé              ΓööPadding(padding: EdgeInsets(0.0, 7.0, 0.0, 7.0), dependencies: [Directionality], renderObject: RenderPadding#1f9f9 relayoutBoundary=up23)
                                                                                                                                              Γöé                      Γöé                     Γöé                          Γöé   Γöé               Γöö_Tile(dependencies: [MediaQuery])
                                                                                                                                              Γöé                      Γöé                     Γöé                          Γöé   Γöé                ΓööColumn(direction: vertical, mainAxisAlignment: spaceBetween, mainAxisSize: min, crossAxisAlignment: center, renderObject: RenderFlex#dcdcc relayoutBoundary=up24)
                                                                                                                                              Γöé                      Γöé                     Γöé                          Γöé   Γöé                 Γö£_TileIcon
                                                                                                                                              Γöé                      Γöé                     Γöé                          Γöé   Γöé                 ΓöéΓööAlign(alignment: Alignment.topCenter, heightFactor: 1.0, dependencies: [Directionality], renderObject: RenderPositionedBox#08e74 relayoutBoundary=up25)
                                                                                                                                              Γöé                      Γöé                     Γöé                          Γöé   Γöé                 Γöé ΓööIconTheme(size: 24.0, color: MaterialColor(primary value: Color(0xffffeb3b)))
                                                                                                                                              Γöé                      Γöé                     Γöé                          Γöé   Γöé                 Γöé  ΓööIcon(IconData(U+0E351), dependencies: [Directionality, IconTheme])
                                                                                                                                              Γöé                      Γöé                     Γöé                          Γöé   Γöé                 Γöé   ΓööSemantics(container: false, properties: SemanticsProperties, renderObject: RenderSemanticsAnnotations#e6d22 relayoutBoundary=up26)
                                                                                                                                              Γöé                      Γöé                     Γöé                          Γöé   Γöé                 Γöé    ΓööExcludeSemantics(excluding: true, renderObject: RenderExcludeSemantics#4b6db relayoutBoundary=up27)
                                                                                                                                              Γöé                      Γöé                     Γöé                          Γöé   Γöé                 Γöé     ΓööSizedBox(width: 24.0, height: 24.0, renderObject: RenderConstrainedBox#3300c relayoutBoundary=up28)
                                                                                                                                              Γöé                      Γöé                     Γöé                          Γöé   Γöé                 Γöé      ΓööCenter(alignment: Alignment.center, dependencies: [Directionality], renderObject: RenderPositionedBox#80d12)
                                                                                                                                              Γöé                      Γöé                     Γöé                          Γöé   Γöé                 Γöé       ΓööRichText(textDirection: ltr, softWrap: wrapping at box width, overflow: visible, maxLines: unlimited, text: "εìæ", dependencies: [_LocalizationsScope-[GlobalKey#2bc14]], renderObject: RenderParagraph#02142 relayoutBoundary=up1)
                                                                                                                                              Γöé                      Γöé                     Γöé                          Γöé   Γöé                 Γöö_Label
                                                                                                                                              Γöé                      Γöé                     Γöé                          Γöé   Γöé                  ΓööBuilder(dependencies: [MediaQuery])
                                                                                                                                              Γöé                      Γöé                     Γöé                          Γöé   Γöé                   ΓööMediaQuery(MediaQueryData(size: Size(800.0, 600.0), devicePixelRatio: 3.0, textScaler: no scaling, platformBrightness: Brightness.light, padding: EdgeInsets.zero, viewPadding: EdgeInsets.zero, viewInsets: EdgeInsets.zero, systemGestureInsets: EdgeInsets.zero, alwaysUse24HourFormat: false, accessibleNavigation: false, highContrast: false, onOffSwitchLabels: false, disableAnimations: false, invertColors: false, boldText: false, navigationMode: traditional, gestureSettings: DeviceGestureSettings(touchSlop: null), displayFeatures: [], supportsShowingSystemContextMenu: false))
                                                                                                                                              Γöé                      Γöé                     Γöé                          Γöé   Γöé                    ΓööAlign(alignment: Alignment.bottomCenter, heightFactor: 1.0, dependencies: [Directionality], renderObject: RenderPositionedBox#f6a4f relayoutBoundary=up25)
                                                                                                                                              Γöé                      Γöé                     Γöé                          Γöé   Γöé                     ΓööBuilder(dependencies: [DefaultTextStyle])
                                                                                                                                              Γöé                      Γöé                     Γöé                          Γöé   Γöé                      ΓööDefaultTextStyle(debugLabel: ((englishLike bodyMedium 2021).merge((blackMountainView bodyMedium).apply)).merge((lerp(unknown ΓÄ»1.0ΓåÆ unknown)).copyWith), inherit: false, color: MaterialColor(primary value: Color(0xffffeb3b)), family: Roboto, size: 14.0, weight: 400, letterSpacing: 0.3, baseline: alphabetic, height: 1.4x, leadingDistribution: even, decoration: Color(0xff1d1b20) TextDecoration.none, softWrap: wrapping at box width, overflow: ellipsis)
                                                                                                                                              Γöé                      Γöé                     Γöé                          Γöé   Γöé                       ΓööTransform(dependencies: [Directionality], renderObject: RenderTransform#78536 relayoutBoundary=up26)
                                                                                                                                              Γöé                      Γöé                     Γöé                          Γöé   Γöé                        ΓööText("Keypad", dependencies: [DefaultSelectionStyle, DefaultTextStyle, MediaQuery])
                                                                                                                                              Γöé                      Γöé                     Γöé                          Γöé   Γöé                         ΓööRichText(softWrap: wrapping at box width, overflow: ellipsis, maxLines: unlimited, text: "Keypad", dependencies: [Directionality, _LocalizationsScope-[GlobalKey#2bc14]], renderObject: RenderParagraph#ba4e6 relayoutBoundary=up27)
                                                                                                                                              Γöé                      Γöé                     Γöé                          Γöé   ΓööSemantics(container: false, properties: SemanticsProperties, label: "Tab 2 of 3", dependencies: [Directionality], renderObject: RenderSemanticsAnnotations#2bfca relayoutBoundary=up19)
                                                                                                                                              Γöé                      Γöé                     Γöé                          Γöö_BottomNavigationTile
                                                                                                                                              Γöé                      Γöé                     Γöé                           ΓööExpanded(flex: 1)
                                                                                                                                              Γöé                      Γöé                     Γöé                            ΓööSemantics(container: true, properties: SemanticsProperties, selected: false, renderObject: RenderSemanticsAnnotations#0a367 relayoutBoundary=up17)
                                                                                                                                              Γöé                      Γöé                     Γöé                             ΓööStack(alignment: AlignmentDirectional.topStart, fit: loose, dependencies: [Directionality], renderObject: RenderStack#a26a8 relayoutBoundary=up18)
                                                                                                                                              Γöé                      Γöé                     Γöé                              Γö£InkResponse
                                                                                                                                              Γöé                      Γöé                     Γöé                              ΓöéΓöö_InkResponseStateWidget(gestures: [tap], mouseCursor: SystemMouseCursor(click), BoxShape.circle, dependencies: [MediaQuery], state: _InkResponseState#fd9dc)
                                                                                                                                              Γöé                      Γöé                     Γöé                              Γöé Γöö_ParentInkResponseProvider
                                                                                                                                              Γöé                      Γöé                     Γöé                              Γöé  ΓööActions(dispatcher: null, actions: {ActivateIntent: CallbackAction<ActivateIntent>#174ed, ButtonActivateIntent: CallbackAction<ButtonActivateIntent>#87527}, state: _ActionsState#e5680)
                                                                                                                                              Γöé                      Γöé                     Γöé                              Γöé   Γöö_ActionsScope
                                                                                                                                              Γöé                      Γöé                     Γöé                              Γöé    ΓööFocus(dependencies: [_FocusInheritedScope], state: _FocusState#1dee6)
                                                                                                                                              Γöé                      Γöé                     Γöé                              Γöé     Γöö_FocusInheritedScope
                                                                                                                                              Γöé                      Γöé                     Γöé                              Γöé      ΓööSemantics(container: false, properties: SemanticsProperties, renderObject: RenderSemanticsAnnotations#da476 relayoutBoundary=up19)
                                                                                                                                              Γöé                      Γöé                     Γöé                              Γöé       ΓööMouseRegion(listeners: [enter, exit], cursor: SystemMouseCursor(click), renderObject: RenderMouseRegion#390ad relayoutBoundary=up20)
                                                                                                                                              Γöé                      Γöé                     Γöé                              Γöé        ΓööBuilder(dependencies: [DefaultSelectionStyle])
                                                                                                                                              Γöé                      Γöé                     Γöé                              Γöé         ΓööDefaultSelectionStyle
                                                                                                                                              Γöé                      Γöé                     Γöé                              Γöé          ΓööSemantics(container: false, properties: SemanticsProperties, renderObject: RenderSemanticsAnnotations#dac02 relayoutBoundary=up21)
                                                                                                                                              Γöé                      Γöé                     Γöé                              Γöé           ΓööGestureDetector(startBehavior: start, dependencies: [MediaQuery, ScrollConfiguration])
                                                                                                                                              Γöé                      Γöé                     Γöé                              Γöé            ΓööRawGestureDetector(state: RawGestureDetectorState#94fda(gestures: [tap], excludeFromSemantics: true, behavior: opaque))
                                                                                                                                              Γöé                      Γöé                     Γöé                              Γöé             ΓööListener(listeners: [down, panZoomStart], behavior: opaque, renderObject: RenderPointerListener#a737f relayoutBoundary=up22)
                                                                                                                                              Γöé                      Γöé                     Γöé                              Γöé              ΓööPadding(padding: EdgeInsets(0.0, 7.0, 0.0, 7.0), dependencies: [Directionality], renderObject: RenderPadding#a2f1f relayoutBoundary=up23)
                                                                                                                                              Γöé                      Γöé                     Γöé                              Γöé               Γöö_Tile(dependencies: [MediaQuery])
                                                                                                                                              Γöé                      Γöé                     Γöé                              Γöé                ΓööColumn(direction: vertical, mainAxisAlignment: spaceBetween, mainAxisSize: min, crossAxisAlignment: center, renderObject: RenderFlex#79570 relayoutBoundary=up24)
                                                                                                                                              Γöé                      Γöé                     Γöé                              Γöé                 Γö£_TileIcon
                                                                                                                                              Γöé                      Γöé                     Γöé                              Γöé                 ΓöéΓööAlign(alignment: Alignment.topCenter, heightFactor: 1.0, dependencies: [Directionality], renderObject: RenderPositionedBox#b1223 relayoutBoundary=up25)
                                                                                                                                              Γöé                      Γöé                     Γöé                              Γöé                 Γöé ΓööIconTheme(size: 24.0, color: Color(0xff000000))
                                                                                                                                              Γöé                      Γöé                     Γöé                              Γöé                 Γöé  ΓööIcon(IconData(U+0E37A), dependencies: [Directionality, IconTheme])
                                                                                                                                              Γöé                      Γöé                     Γöé                              Γöé                 Γöé   ΓööSemantics(container: false, properties: SemanticsProperties, renderObject: RenderSemanticsAnnotations#835cb relayoutBoundary=up26)
                                                                                                                                              Γöé                      Γöé                     Γöé                              Γöé                 Γöé    ΓööExcludeSemantics(excluding: true, renderObject: RenderExcludeSemantics#b5099 relayoutBoundary=up27)
                                                                                                                                              Γöé                      Γöé                     Γöé                              Γöé                 Γöé     ΓööSizedBox(width: 24.0, height: 24.0, renderObject: RenderConstrainedBox#b01f1 relayoutBoundary=up28)
                                                                                                                                              Γöé                      Γöé                     Γöé                              Γöé                 Γöé      ΓööCenter(alignment: Alignment.center, dependencies: [Directionality], renderObject: RenderPositionedBox#d268c)
                                                                                                                                              Γöé                      Γöé                     Γöé                              Γöé                 Γöé       ΓööRichText(textDirection: ltr, softWrap: wrapping at box width, overflow: visible, maxLines: unlimited, text: "εì║", dependencies: [_LocalizationsScope-[GlobalKey#2bc14]], renderObject: RenderParagraph#6254a relayoutBoundary=up1)
                                                                                                                                              Γöé                      Γöé                     Γöé                              Γöé                 Γöö_Label
                                                                                                                                              Γöé                      Γöé                     Γöé                              Γöé                  ΓööBuilder(dependencies: [MediaQuery])
                                                                                                                                              Γöé                      Γöé                     Γöé                              Γöé                   ΓööMediaQuery(MediaQueryData(size: Size(800.0, 600.0), devicePixelRatio: 3.0, textScaler: no scaling, platformBrightness: Brightness.light, padding: EdgeInsets.zero, viewPadding: EdgeInsets.zero, viewInsets: EdgeInsets.zero, systemGestureInsets: EdgeInsets.zero, alwaysUse24HourFormat: false, accessibleNavigation: false, highContrast: false, onOffSwitchLabels: false, disableAnimations: false, invertColors: false, boldText: false, navigationMode: traditional, gestureSettings: DeviceGestureSettings(touchSlop: null), displayFeatures: [], supportsShowingSystemContextMenu: false))
                                                                                                                                              Γöé                      Γöé                     Γöé                              Γöé                    ΓööAlign(alignment: Alignment.bottomCenter, heightFactor: 1.0, dependencies: [Directionality], renderObject: RenderPositionedBox#db4fe relayoutBoundary=up25)
                                                                                                                                              Γöé                      Γöé                     Γöé                              Γöé                     ΓööBuilder(dependencies: [DefaultTextStyle])
                                                                                                                                              Γöé                      Γöé                     Γöé                              Γöé                      ΓööDefaultTextStyle(debugLabel: ((englishLike bodyMedium 2021).merge((blackMountainView bodyMedium).apply)).merge((lerp(unknown ΓÄ»0.0ΓåÆ unknown)).copyWith), inherit: false, color: Color(0xff000000), family: Roboto, size: 14.0, weight: 400, letterSpacing: 0.3, baseline: alphabetic, height: 1.4x, leadingDistribution: even, decoration: Color(0xff1d1b20) TextDecoration.none, softWrap: wrapping at box width, overflow: ellipsis)
                                                                                                                                              Γöé                      Γöé                     Γöé                              Γöé                       ΓööTransform(dependencies: [Directionality], renderObject: RenderTransform#0f030 relayoutBoundary=up26)
                                                                                                                                              Γöé                      Γöé                     Γöé                              Γöé                        ΓööText("Additional Keys", dependencies: [DefaultSelectionStyle, DefaultTextStyle, MediaQuery])
                                                                                                                                              Γöé                      Γöé                     Γöé                              Γöé                         ΓööRichText(softWrap: wrapping at box width, overflow: ellipsis, maxLines: unlimited, text: "Additional Keys", dependencies: [Directionality, _LocalizationsScope-[GlobalKey#2bc14]], renderObject: RenderParagraph#70a2a relayoutBoundary=up27)
                                                                                                                                              Γöé                      Γöé                     Γöé                              ΓööSemantics(container: false, properties: SemanticsProperties, label: "Tab 3 of 3", dependencies: [Directionality], renderObject: RenderSemanticsAnnotations#17dcb relayoutBoundary=up19)
                                                                                                                                              Γöé                      Γöé                     ΓööLayoutId-[<_ScaffoldSlot.floatingActionButton>](id: _ScaffoldSlot.floatingActionButton)
                                                                                                                                              Γöé                      Γöé                      ΓööMediaQuery(MediaQueryData(size: Size(800.0, 600.0), devicePixelRatio: 3.0, textScaler: no scaling, platformBrightness: Brightness.light, padding: EdgeInsets.zero, viewPadding: EdgeInsets.zero, viewInsets: EdgeInsets.zero, systemGestureInsets: EdgeInsets.zero, alwaysUse24HourFormat: false, accessibleNavigation: false, highContrast: false, onOffSwitchLabels: false, disableAnimations: false, invertColors: false, boldText: false, navigationMode: traditional, gestureSettings: DeviceGestureSettings(touchSlop: null), displayFeatures: [], supportsShowingSystemContextMenu: false))
                                                                                                                                              Γöé                      Γöé                       Γöö_FloatingActionButtonTransition(state: _FloatingActionButtonTransitionState#6cc5f(tickers: tracking 1 ticker))
                                                                                                                                              Γöé                      Γöé                        ΓööStack(alignment: Alignment.centerRight, fit: loose, dependencies: [Directionality], renderObject: RenderStack#2fba0 relayoutBoundary=up7)
                                                                                                                                              Γöé                      Γöé                         ΓööScaleTransition(listenable: AnimationMin<double>(_AnimationSwap<double>(AnimationController#b35fa(ΓÅ¡ 1.000; paused)Γ₧⌐CurveTween(curve: FlippedCurve(Interval(0.5Γï»1.0)Γ₧⌐Cubic(0.25, 0.10, 0.25, 1.00)))Γ₧⌐1.0Γ₧¬ReverseAnimation, AnimationController#b35fa(ΓÅ¡ 1.000; paused)Γ₧⌐CurveTween(curve: Interval(0.5Γï»1.0)Γ₧⌐Cubic(0.25, 0.10, 0.25, 1.00))Γ₧⌐1.0), AnimationController#5567b(ΓÅ« 0.000; paused)Γ₧⌐Cubic(0.42, 0.00, 1.00, 1.00)), state: _AnimatedState#0f2d8)
                                                                                                                                              Γöé                      Γöé                          ΓööTransform(dependencies: [Directionality], renderObject: RenderTransform#5457b relayoutBoundary=up8)
                                                                                                                                              Γöé                      Γöé                           ΓööRotationTransition(listenable: AnimationController#5567b(ΓÅ« 0.000; paused)Γ₧⌐CurveTween(curve: Cubic(0.42, 0.00, 1.00, 1.00))Γ₧⌐Tween<double>(0.875 ΓåÆ 1.0)Γ₧⌐0.875Γ₧⌐TrainHoppingAnimation(next: _AnimationSwap<double>(AnimationController#b35fa(ΓÅ¡ 1.000; paused)Γ₧⌐Tween<double>(0.75 ΓåÆ 1.0)Γ₧⌐1.0, AnimationController#b35fa(ΓÅ¡ 1.000; paused)Γ₧⌐CurveTween(curve: Threshold)Γ₧⌐1.0Γ₧¬ReverseAnimation)), state: _AnimatedState#ff43a)
                                                                                                                                              Γöé                      Γöé                            ΓööTransform(dependencies: [Directionality], renderObject: RenderTransform#01e59 relayoutBoundary=up9 NEEDS-PAINT)
                                                                                                                                              Γöé                      Γö£LayoutId-[<_ScaffoldSlot.appBar>](id: _ScaffoldSlot.appBar)
                                                                                                                                              Γöé                      ΓöéΓööMediaQuery(MediaQueryData(size: Size(800.0, 600.0), devicePixelRatio: 3.0, textScaler: no scaling, platformBrightness: Brightness.light, padding: EdgeInsets.zero, viewPadding: EdgeInsets.zero, viewInsets: EdgeInsets.zero, systemGestureInsets: EdgeInsets.zero, alwaysUse24HourFormat: false, accessibleNavigation: false, highContrast: false, onOffSwitchLabels: false, disableAnimations: false, invertColors: false, boldText: false, navigationMode: traditional, gestureSettings: DeviceGestureSettings(touchSlop: null), displayFeatures: [], supportsShowingSystemContextMenu: false))
                                                                                                                                              Γöé                      Γöé ΓööConstrainedBox(BoxConstraints(0.0<=w<=Infinity, 0.0<=h<=56.0), renderObject: RenderConstrainedBox#88772 relayoutBoundary=up4)
                                                                                                                                              Γöé                      Γöé  ΓööFlexibleSpaceBarSettings
                                                                                                                                              Γöé                      Γöé   ΓööAppBar(dependencies: [FlexibleSpaceBarSettings, InheritedCupertinoTheme, _InheritedTheme, _LocalizationsScope-[GlobalKey#2bc14], _ModalScopeStatus, _ScrollNotificationObserverScope], state: _AppBarState#a31a7)
                                                                                                                                              Γöé                      Γöé    ΓööSemantics(container: true, properties: SemanticsProperties, renderObject: RenderSemanticsAnnotations#e1ee2 relayoutBoundary=up5)
                                                                                                                                              Γöé                      Γöé     ΓööAnnotatedRegion<SystemUiOverlayStyle>(renderObject: RenderAnnotatedRegion<SystemUiOverlayStyle>#e3d9d relayoutBoundary=up6)
                                                                                                                                              Γöé                      Γöé      ΓööMaterial(type: canvas, color: Color(0xfffef7ff), shadowColor: Color(0x00000000), surfaceTintColor: Color(0xff6750a4), dependencies: [InheritedCupertinoTheme, _InheritedTheme, _LocalizationsScope-[GlobalKey#2bc14]], state: _MaterialState#e172e)
                                                                                                                                              Γöé                      Γöé       ΓööAnimatedPhysicalModel(duration: 200ms, shape: rectangle, borderRadius: null, elevation: 0.0, color: Color(0xfffef7ff), animateColor: false, shadowColor: Color(0x00000000), animateShadowColor: true, state: _AnimatedPhysicalModelState#fdc55(ticker inactive))
                                                                                                                                              Γöé                      Γöé        ΓööPhysicalModel(shape: rectangle, borderRadius: BorderRadius.zero, elevation: 0.0, color: Color(0xfffef7ff), shadowColor: Color(0x00000000), renderObject: RenderPhysicalModel#43029 relayoutBoundary=up7)
                                                                                                                                              Γöé                      Γöé         ΓööNotificationListener<LayoutChangedNotification>
                                                                                                                                              Γöé                      Γöé          Γöö_InkFeatures-[GlobalKey#c728d ink renderer](renderObject: _RenderInkFeatures#e258e relayoutBoundary=up8)
                                                                                                                                              Γöé                      Γöé           ΓööAnimatedDefaultTextStyle(duration: 200ms, debugLabel: (englishLike bodyMedium 2021).merge((blackMountainView bodyMedium).apply), inherit: false, color: Color(0xff1d1b20), family: Roboto, size: 14.0, weight: 400, letterSpacing: 0.3, baseline: alphabetic, height: 1.4x, leadingDistribution: even, decoration: Color(0xff1d1b20) TextDecoration.none, softWrap: wrapping at box width, overflow: clip, state: _AnimatedDefaultTextStyleState#6350f(ticker inactive))
                                                                                                                                              Γöé                      Γöé            ΓööDefaultTextStyle(debugLabel: (englishLike bodyMedium 2021).merge((blackMountainView bodyMedium).apply), inherit: false, color: Color(0xff1d1b20), family: Roboto, size: 14.0, weight: 400, letterSpacing: 0.3, baseline: alphabetic, height: 1.4x, leadingDistribution: even, decoration: Color(0xff1d1b20) TextDecoration.none, softWrap: wrapping at box width, overflow: clip)
                                                                                                                                              Γöé                      Γöé             ΓööSemantics(container: false, properties: SemanticsProperties, renderObject: RenderSemanticsAnnotations#d44d3 relayoutBoundary=up9)
                                                                                                                                              Γöé                      Γöé              ΓööAlign(alignment: Alignment.topCenter, dependencies: [Directionality], renderObject: RenderPositionedBox#dde00 relayoutBoundary=up10)
                                                                                                                                              Γöé                      Γöé               ΓööSafeArea(avoid left padding, avoid top padding, avoid right padding, dependencies: [MediaQuery])
                                                                                                                                              Γöé                      Γöé                ΓööPadding(padding: EdgeInsets.zero, dependencies: [Directionality], renderObject: RenderPadding#a5d8d relayoutBoundary=up11)
                                                                                                                                              Γöé                      Γöé                 ΓööMediaQuery(MediaQueryData(size: Size(800.0, 600.0), devicePixelRatio: 3.0, textScaler: no scaling, platformBrightness: Brightness.light, padding: EdgeInsets.zero, viewPadding: EdgeInsets.zero, viewInsets: EdgeInsets.zero, systemGestureInsets: EdgeInsets.zero, alwaysUse24HourFormat: false, accessibleNavigation: false, highContrast: false, onOffSwitchLabels: false, disableAnimations: false, invertColors: false, boldText: false, navigationMode: traditional, gestureSettings: DeviceGestureSettings(touchSlop: null), displayFeatures: [], supportsShowingSystemContextMenu: false))
                                                                                                                                              Γöé                      Γöé                  ΓööClipRect(renderObject: RenderClipRect#83ce8 relayoutBoundary=up12)
                                                                                                                                              Γöé                      Γöé                   ΓööCustomSingleChildLayout(renderObject: RenderCustomSingleChildLayoutBox#ef57f relayoutBoundary=up13)
                                                                                                                                              Γöé                      Γöé                    ΓööBuilder(dependencies: [IconTheme])
                                                                                                                                              Γöé                      Γöé                     ΓööIconTheme(size: 24.0, color: Color(0xff1d1b20))
                                                                                                                                              Γöé                      Γöé                      ΓööDefaultTextStyle(debugLabel: ((englishLike bodyMedium 2021).merge((blackMountainView bodyMedium).apply)).copyWith, inherit: false, color: Color(0xff1d1b20), family: Roboto, size: 14.0, weight: 400, letterSpacing: 0.3, baseline: alphabetic, height: 1.4x, leadingDistribution: even, decoration: Color(0xff1d1b20) TextDecoration.none, softWrap: wrapping at box width, overflow: clip)
                                                                                                                                              Γöé                      Γöé                       ΓööNavigationToolbar(dependencies: [Directionality])
                                                                                                                                              Γöé                      Γöé                        ΓööCustomMultiChildLayout(renderObject: RenderCustomMultiChildLayoutBox#265dd relayoutBoundary=up14)
                                                                                                                                              Γöé                      Γöé                         Γö£LayoutId-[<_ToolbarSlot.middle>](id: _ToolbarSlot.middle)
                                                                                                                                              Γöé                      Γöé                         ΓöéΓööBuilder(dependencies: [MediaQuery])
                                                                                                                                              Γöé                      Γöé                         Γöé ΓööMediaQuery(MediaQueryData(size: Size(800.0, 600.0), devicePixelRatio: 3.0, textScaler: no scaling, platformBrightness: Brightness.light, padding: EdgeInsets.zero, viewPadding: EdgeInsets.zero, viewInsets: EdgeInsets.zero, systemGestureInsets: EdgeInsets.zero, alwaysUse24HourFormat: false, accessibleNavigation: false, highContrast: false, onOffSwitchLabels: false, disableAnimations: false, invertColors: false, boldText: false, navigationMode: traditional, gestureSettings: DeviceGestureSettings(touchSlop: null), displayFeatures: [], supportsShowingSystemContextMenu: false))
                                                                                                                                              Γöé                      Γöé                         Γöé  ΓööDefaultTextStyle(debugLabel: ((englishLike titleLarge 2021).merge((blackMountainView titleLarge).apply)).copyWith, inherit: false, color: Color(0xff1d1b20), family: Roboto, size: 22.0, weight: 400, letterSpacing: 0.0, baseline: alphabetic, height: 1.3x, leadingDistribution: even, decoration: Color(0xff1d1b20) TextDecoration.none, softWrap: no wrapping except at line break characters, overflow: ellipsis)
                                                                                                                                              Γöé                      Γöé                         Γöé   ΓööSemantics(container: false, properties: SemanticsProperties, renderObject: RenderSemanticsAnnotations#729ad relayoutBoundary=up15)
                                                                                                                                              Γöé                      Γöé                         Γöé    Γöö_AppBarTitleBox(dependencies: [Directionality], renderObject: _RenderAppBarTitleBox#8aba2 relayoutBoundary=up16)
                                                                                                                                              Γöé                      Γöé                         Γöé     ΓööTextButton(dependencies: [InheritedCupertinoTheme, MediaQuery, _InheritedTheme, _LocalizationsScope-[GlobalKey#2bc14]], state: _ButtonStyleState#15a98)
                                                                                                                                              Γöé                      Γöé                         Γöé      ΓööSemantics(container: true, properties: SemanticsProperties, renderObject: RenderSemanticsAnnotations#12e65 relayoutBoundary=up17)
                                                                                                                                              Γöé                      Γöé                         Γöé       Γöö_InputPadding(renderObject: _RenderInputPadding#95aa5 relayoutBoundary=up18)
                                                                                                                                              Γöé                      Γöé                         Γöé        ΓööConstrainedBox(BoxConstraints(64.0<=w<=Infinity, 40.0<=h<=Infinity), renderObject: RenderConstrainedBox#81064 relayoutBoundary=up19)
                                                                                                                                              Γöé                      Γöé                         Γöé         ΓööMaterial(type: button, color: Color(0x00000000), shadowColor: Color(0x00000000), surfaceTintColor: Color(0x00000000), textStyle.debugLabel: ((englishLike labelLarge 2021).merge((blackMountainView labelLarge).apply)).copyWith, textStyle.inherit: false, textStyle.color: Color(0xff6750a4), textStyle.family: Roboto, textStyle.size: 14.0, textStyle.weight: 500, textStyle.letterSpacing: 0.1, textStyle.baseline: alphabetic, textStyle.height: 1.4x, textStyle.leadingDistribution: even, textStyle.decoration: Color(0xff1d1b20) TextDecoration.none, shape: StadiumBorder(BorderSide(width: 0.0, style: none)), dependencies: [InheritedCupertinoTheme, _InheritedTheme, _LocalizationsScope-[GlobalKey#2bc14]], state: _MaterialState#89b4c)
                                                                                                                                              Γöé                      Γöé                         Γöé          Γöö_MaterialInterior(duration: 200ms, shape: StadiumBorder(BorderSide(width: 0.0, style: none)), elevation: 0.0, color: Color(0x00000000), shadowColor: Color(0x00000000), dependencies: [Directionality, InheritedCupertinoTheme, _InheritedTheme, _LocalizationsScope-[GlobalKey#2bc14]], state: _MaterialInteriorState#e1f50(ticker inactive))
                                                                                                                                              Γöé                      Γöé                         Γöé           ΓööPhysicalShape(clipper: ShapeBorderClipper, elevation: 0.0, color: Color(0x00000000), shadowColor: Color(0x00000000), renderObject: RenderPhysicalShape#d92d4 relayoutBoundary=up20)
                                                                                                                                              Γöé                      Γöé                         Γöé            Γöö_ShapeBorderPaint(dependencies: [Directionality])
                                                                                                                                              Γöé                      Γöé                         Γöé             ΓööCustomPaint(renderObject: RenderCustomPaint#1a875 relayoutBoundary=up21)
                                                                                                                                              Γöé                      Γöé                         Γöé              ΓööNotificationListener<LayoutChangedNotification>
                                                                                                                                              Γöé                      Γöé                         Γöé               Γöö_InkFeatures-[GlobalKey#124b3 ink renderer](renderObject: _RenderInkFeatures#cf08a relayoutBoundary=up22)
                                                                                                                                              Γöé                      Γöé                         Γöé                ΓööAnimatedDefaultTextStyle(duration: 200ms, debugLabel: ((englishLike labelLarge 2021).merge((blackMountainView labelLarge).apply)).copyWith, inherit: false, color: Color(0xff6750a4), family: Roboto, size: 14.0, weight: 500, letterSpacing: 0.1, baseline: alphabetic, height: 1.4x, leadingDistribution: even, decoration: Color(0xff1d1b20) TextDecoration.none, softWrap: wrapping at box width, overflow: clip, state: _AnimatedDefaultTextStyleState#88816(ticker inactive))
                                                                                                                                              Γöé                      Γöé                         Γöé                 ΓööDefaultTextStyle(debugLabel: ((englishLike labelLarge 2021).merge((blackMountainView labelLarge).apply)).copyWith, inherit: false, color: Color(0xff6750a4), family: Roboto, size: 14.0, weight: 500, letterSpacing: 0.1, baseline: alphabetic, height: 1.4x, leadingDistribution: even, decoration: Color(0xff1d1b20) TextDecoration.none, softWrap: wrapping at box width, overflow: clip)
                                                                                                                                              Γöé                      Γöé                         Γöé                  ΓööInkWell
                                                                                                                                              Γöé                      Γöé                         Γöé                   Γöö_InkResponseStateWidget(gestures: [tap], mouseCursor: ButtonStyleButton_MouseCursor, clipped to BoxShape.rectangle, dependencies: [MediaQuery], state: _InkResponseState#9504d)
                                                                                                                                              Γöé                      Γöé                         Γöé                    Γöö_ParentInkResponseProvider
                                                                                                                                              Γöé                      Γöé                         Γöé                     ΓööActions(dispatcher: null, actions: {ActivateIntent: CallbackAction<ActivateIntent>#90731, ButtonActivateIntent: CallbackAction<ButtonActivateIntent>#ee93e}, state: _ActionsState#44771)
                                                                                                                                              Γöé                      Γöé                         Γöé                      Γöö_ActionsScope
                                                                                                                                              Γöé                      Γöé                         Γöé                       ΓööFocus(dependencies: [_FocusInheritedScope], state: _FocusState#12897)
                                                                                                                                              Γöé                      Γöé                         Γöé                        Γöö_FocusInheritedScope
                                                                                                                                              Γöé                      Γöé                         Γöé                         ΓööSemantics(container: false, properties: SemanticsProperties, renderObject: RenderSemanticsAnnotations#e25d4 relayoutBoundary=up23)
                                                                                                                                              Γöé                      Γöé                         Γöé                          ΓööMouseRegion(listeners: [enter, exit], cursor: SystemMouseCursor(click), renderObject: RenderMouseRegion#ffb46 relayoutBoundary=up24)
                                                                                                                                              Γöé                      Γöé                         Γöé                           ΓööBuilder(dependencies: [DefaultSelectionStyle])
                                                                                                                                              Γöé                      Γöé                         Γöé                            ΓööDefaultSelectionStyle
                                                                                                                                              Γöé                      Γöé                         Γöé                             ΓööSemantics(container: false, properties: SemanticsProperties, renderObject: RenderSemanticsAnnotations#feb9f relayoutBoundary=up25)
                                                                                                                                              Γöé                      Γöé                         Γöé                              ΓööGestureDetector(startBehavior: start, dependencies: [MediaQuery, ScrollConfiguration])
                                                                                                                                              Γöé                      Γöé                         Γöé                               ΓööRawGestureDetector(state: RawGestureDetectorState#e85d9(gestures: [tap], excludeFromSemantics: true, behavior: opaque))
                                                                                                                                              Γöé                      Γöé                         Γöé                                ΓööListener(listeners: [down, panZoomStart], behavior: opaque, renderObject: RenderPointerListener#2698c relayoutBoundary=up26)
                                                                                                                                              Γöé                      Γöé                         Γöé                                 ΓööBuilder(dependencies: [IconTheme])
                                                                                                                                              Γöé                      Γöé                         Γöé                                  ΓööIconTheme(size: 24.0, color: Color(0xff6750a4))
                                                                                                                                              Γöé                      Γöé                         Γöé                                   ΓööPadding(padding: EdgeInsets(12.0, 8.0, 12.0, 8.0), dependencies: [Directionality], renderObject: RenderPadding#d9d6b relayoutBoundary=up27)
                                                                                                                                              Γöé                      Γöé                         Γöé                                    ΓööAlign(alignment: Alignment.center, widthFactor: 1.0, heightFactor: 1.0, dependencies: [Directionality], renderObject: RenderPositionedBox#d1560 relayoutBoundary=up28)
                                                                                                                                              Γöé                      Γöé                         Γöé                                     ΓööText("", inherit: true, color: Color(0xff6750a4), size: 15.0, textAlign: left, dependencies: [DefaultSelectionStyle, DefaultTextStyle, MediaQuery])
                                                                                                                                              Γöé                      Γöé                         Γöé                                      ΓööRichText(textAlign: left, softWrap: wrapping at box width, maxLines: unlimited, text: "", dependencies: [Directionality, _LocalizationsScope-[GlobalKey#2bc14]], renderObject: RenderParagraph#39c1b relayoutBoundary=up29)
                                                                                                                                              Γöé                      Γöé                         ΓööLayoutId-[<_ToolbarSlot.trailing>](id: _ToolbarSlot.trailing)
                                                                                                                                              Γöé                      Γöé                          ΓööIconButtonTheme
                                                                                                                                              Γöé                      Γöé                           ΓööBuilder(dependencies: [IconTheme])
                                                                                                                                              Γöé                      Γöé                            ΓööIconTheme(size: 24.0, color: Color(0xff49454f))
                                                                                                                                              Γöé                      Γöé                             ΓööRow(direction: horizontal, mainAxisAlignment: start, mainAxisSize: min, crossAxisAlignment: center, dependencies: [Directionality], renderObject: RenderFlex#787ad relayoutBoundary=up15)
                                                                                                                                              Γöé                      Γöé                              Γö£IconButton(tooltip: Clear Command Line, color: Color(0xff000000), dependencies: [InheritedCupertinoTheme, _InheritedTheme, _LocalizationsScope-[GlobalKey#2bc14]])
                                                                                                                                              Γöé                      Γöé                              ΓöéΓöö_SelectableIconButton(state: _SelectableIconButtonState#66992)
                                                                                                                                              Γöé                      Γöé                              Γöé Γöö_IconButtonM3(style: ButtonStyle#f6051(foregroundColor: {disabled: null, otherwise: Color(0xff000000)}, overlayColor: {hovered: null, focused: null, pressed: null, otherwise: null}, mouseCursor: _IconButtonDefaultMouseCursor#b2c99), dependencies: [IconButtonTheme, IconTheme, InheritedCupertinoTheme, _InheritedTheme, _LocalizationsScope-[GlobalKey#2bc14]], state: _ButtonStyleState#ed0e7)
                                                                                                                                              Γöé                      Γöé                              Γöé  ΓööSemantics(container: true, properties: SemanticsProperties, renderObject: RenderSemanticsAnnotations#56052 relayoutBoundary=up16)
                                                                                                                                              Γöé                      Γöé                              Γöé   Γöö_InputPadding(renderObject: _RenderInputPadding#605ff relayoutBoundary=up17)
                                                                                                                                              Γöé                      Γöé                              Γöé    ΓööConstrainedBox(BoxConstraints(40.0<=w<=Infinity, 40.0<=h<=Infinity), renderObject: RenderConstrainedBox#33409 relayoutBoundary=up18)
                                                                                                                                              Γöé                      Γöé                              Γöé     ΓööMaterial(type: button, color: Color(0x00000000), shadowColor: Color(0x00000000), surfaceTintColor: Color(0x00000000), shape: StadiumBorder(BorderSide(width: 0.0, style: none)), dependencies: [InheritedCupertinoTheme, _InheritedTheme, _LocalizationsScope-[GlobalKey#2bc14]], state: _MaterialState#34e5d)
                                                                                                                                              Γöé                      Γöé                              Γöé      Γöö_MaterialInterior(duration: 200ms, shape: StadiumBorder(BorderSide(width: 0.0, style: none)), elevation: 0.0, color: Color(0x00000000), shadowColor: Color(0x00000000), dependencies: [Directionality, InheritedCupertinoTheme, _InheritedTheme, _LocalizationsScope-[GlobalKey#2bc14]], state: _MaterialInteriorState#a112e(ticker inactive))
                                                                                                                                              Γöé                      Γöé                              Γöé       ΓööPhysicalShape(clipper: ShapeBorderClipper, elevation: 0.0, color: Color(0x00000000), shadowColor: Color(0x00000000), renderObject: RenderPhysicalShape#1fef3 relayoutBoundary=up19)
                                                                                                                                              Γöé                      Γöé                              Γöé        Γöö_ShapeBorderPaint(dependencies: [Directionality])
                                                                                                                                              Γöé                      Γöé                              Γöé         ΓööCustomPaint(renderObject: RenderCustomPaint#cb46f relayoutBoundary=up20)
                                                                                                                                              Γöé                      Γöé                              Γöé          ΓööNotificationListener<LayoutChangedNotification>
                                                                                                                                              Γöé                      Γöé                              Γöé           Γöö_InkFeatures-[GlobalKey#648de ink renderer](renderObject: _RenderInkFeatures#9cd2f relayoutBoundary=up21)
                                                                                                                                              Γöé                      Γöé                              Γöé            ΓööAnimatedDefaultTextStyle(duration: 200ms, debugLabel: (englishLike bodyMedium 2021).merge((blackMountainView bodyMedium).apply), inherit: false, color: Color(0xff1d1b20), family: Roboto, size: 14.0, weight: 400, letterSpacing: 0.3, baseline: alphabetic, height: 1.4x, leadingDistribution: even, decoration: Color(0xff1d1b20) TextDecoration.none, softWrap: wrapping at box width, overflow: clip, state: _AnimatedDefaultTextStyleState#9b8bf(ticker inactive))
                                                                                                                                              Γöé                      Γöé                              Γöé             ΓööDefaultTextStyle(debugLabel: (englishLike bodyMedium 2021).merge((blackMountainView bodyMedium).apply), inherit: false, color: Color(0xff1d1b20), family: Roboto, size: 14.0, weight: 400, letterSpacing: 0.3, baseline: alphabetic, height: 1.4x, leadingDistribution: even, decoration: Color(0xff1d1b20) TextDecoration.none, softWrap: wrapping at box width, overflow: clip)
                                                                                                                                              Γöé                      Γöé                              Γöé              ΓööInkWell
                                                                                                                                              Γöé                      Γöé                              Γöé               Γöö_InkResponseStateWidget(gestures: [tap], mouseCursor: ButtonStyleButton_MouseCursor, clipped to BoxShape.rectangle, dependencies: [MediaQuery], state: _InkResponseState#8d9d8)
                                                                                                                                              Γöé                      Γöé                              Γöé                Γöö_ParentInkResponseProvider
                                                                                                                                              Γöé                      Γöé                              Γöé                 ΓööActions(dispatcher: null, actions: {ActivateIntent: CallbackAction<ActivateIntent>#124b6, ButtonActivateIntent: CallbackAction<ButtonActivateIntent>#9e442}, state: _ActionsState#e5835)
                                                                                                                                              Γöé                      Γöé                              Γöé                  Γöö_ActionsScope
                                                                                                                                              Γöé                      Γöé                              Γöé                   ΓööFocus(dependencies: [_FocusInheritedScope], state: _FocusState#14d44)
                                                                                                                                              Γöé                      Γöé                              Γöé                    Γöö_FocusInheritedScope
                                                                                                                                              Γöé                      Γöé                              Γöé                     ΓööSemantics(container: false, properties: SemanticsProperties, renderObject: RenderSemanticsAnnotations#485e6 relayoutBoundary=up22)
                                                                                                                                              Γöé                      Γöé                              Γöé                      ΓööMouseRegion(listeners: [enter, exit], cursor: SystemMouseCursor(click), renderObject: RenderMouseRegion#7d22e relayoutBoundary=up23)
                                                                                                                                              Γöé                      Γöé                              Γöé                       ΓööBuilder(dependencies: [DefaultSelectionStyle])
                                                                                                                                              Γöé                      Γöé                              Γöé                        ΓööDefaultSelectionStyle
                                                                                                                                              Γöé                      Γöé                              Γöé                         ΓööSemantics(container: false, properties: SemanticsProperties, renderObject: RenderSemanticsAnnotations#84eaf relayoutBoundary=up24)
                                                                                                                                              Γöé                      Γöé                              Γöé                          ΓööGestureDetector(startBehavior: start, dependencies: [MediaQuery, ScrollConfiguration])
                                                                                                                                              Γöé                      Γöé                              Γöé                           ΓööRawGestureDetector(state: RawGestureDetectorState#f88c2(gestures: [tap], excludeFromSemantics: true, behavior: opaque))
                                                                                                                                              Γöé                      Γöé                              Γöé                            ΓööListener(listeners: [down, panZoomStart], behavior: opaque, renderObject: RenderPointerListener#e3e9d relayoutBoundary=up25)
                                                                                                                                              Γöé                      Γöé                              Γöé                             ΓööBuilder(dependencies: [IconTheme])
                                                                                                                                              Γöé                      Γöé                              Γöé                              ΓööIconTheme(size: 24.0, color: Color(0xff000000))
                                                                                                                                              Γöé                      Γöé                              Γöé                               ΓööPadding(padding: EdgeInsets.all(8.0), dependencies: [Directionality], renderObject: RenderPadding#9e61c relayoutBoundary=up26)
                                                                                                                                              Γöé                      Γöé                              Γöé                                ΓööAlign(alignment: Alignment.center, widthFactor: 1.0, heightFactor: 1.0, dependencies: [Directionality], renderObject: RenderPositionedBox#622fd relayoutBoundary=up27)
                                                                                                                                              Γöé                      Γöé                              Γöé                                 ΓööSemantics(container: false, properties: SemanticsProperties, renderObject: RenderSemanticsAnnotations#b804a relayoutBoundary=up28)
                                                                                                                                              Γöé                      Γöé                              Γöé                                  ΓööTooltip("Clear Command Line", dependencies: [InheritedCupertinoTheme, _InheritedTheme, _LocalizationsScope-[GlobalKey#2bc14]], state: TooltipState#c9432)
                                                                                                                                              Γöé                      Γöé                              Γöé                                   ΓööOverlayPortal(state: _OverlayPortalState#6baab)
                                                                                                                                              Γöé                      Γöé                              Γöé                                    Γöö_OverlayPortal(renderObject: _RenderLayoutSurrogateProxyBox#2d606 relayoutBoundary=up29, child: _ExclusiveMouseRegion)
                                                                                                                                              Γöé                      Γöé                              Γöé                                     Γöö_ExclusiveMouseRegion(listeners: [enter, exit], cursor: defer, renderObject: _RenderExclusiveMouseRegion#4cd4b relayoutBoundary=up30)
                                                                                                                                              Γöé                      Γöé                              Γöé                                      ΓööListener(listeners: [down], behavior: opaque, renderObject: RenderPointerListener#b756c relayoutBoundary=up31)
                                                                                                                                              Γöé                      Γöé                              Γöé                                       ΓööSemantics(container: false, properties: SemanticsProperties, tooltip: "Clear Command Line", dependencies: [Directionality], renderObject: RenderSemanticsAnnotations#e25fe relayoutBoundary=up32)
                                                                                                                                              Γöé                      Γöé                              Γöé                                        ΓööIcon(IconData(U+0E0C5), dependencies: [Directionality, IconTheme])
                                                                                                                                              Γöé                      Γöé                              Γöé                                         ΓööSemantics(container: false, properties: SemanticsProperties, renderObject: RenderSemanticsAnnotations#40268 relayoutBoundary=up33)
                                                                                                                                              Γöé                      Γöé                              Γöé                                          ΓööExcludeSemantics(excluding: true, renderObject: RenderExcludeSemantics#78ee1 relayoutBoundary=up34)
                                                                                                                                              Γöé                      Γöé                              Γöé                                           ΓööSizedBox(width: 24.0, height: 24.0, renderObject: RenderConstrainedBox#bb79a relayoutBoundary=up35)
                                                                                                                                              Γöé                      Γöé                              Γöé                                            ΓööCenter(alignment: Alignment.center, dependencies: [Directionality], renderObject: RenderPositionedBox#7283f)
                                                                                                                                              Γöé                      Γöé                              Γöé                                             ΓööRichText(textDirection: ltr, softWrap: wrapping at box width, overflow: visible, maxLines: unlimited, text: "εâà", dependencies: [_LocalizationsScope-[GlobalKey#2bc14]], renderObject: RenderParagraph#0c88e relayoutBoundary=up1)
                                                                                                                                              Γöé                      Γöé                              Γö£IconButton(tooltip: Shut Down MultiConsole, dependencies: [InheritedCupertinoTheme, _InheritedTheme, _LocalizationsScope-[GlobalKey#2bc14]])
                                                                                                                                              Γöé                      Γöé                              ΓöéΓöö_SelectableIconButton(state: _SelectableIconButtonState#87850)
                                                                                                                                              Γöé                      Γöé                              Γöé Γöö_IconButtonM3(style: ButtonStyle#03a78(mouseCursor: _IconButtonDefaultMouseCursor#0bb3b), dependencies: [IconButtonTheme, IconTheme, InheritedCupertinoTheme, _InheritedTheme, _LocalizationsScope-[GlobalKey#2bc14]], state: _ButtonStyleState#48adf)
                                                                                                                                              Γöé                      Γöé                              Γöé  ΓööSemantics(container: true, properties: SemanticsProperties, renderObject: RenderSemanticsAnnotations#ff9da relayoutBoundary=up16)
                                                                                                                                              Γöé                      Γöé                              Γöé   Γöö_InputPadding(renderObject: _RenderInputPadding#c3404 relayoutBoundary=up17)
                                                                                                                                              Γöé                      Γöé                              Γöé    ΓööConstrainedBox(BoxConstraints(40.0<=w<=Infinity, 40.0<=h<=Infinity), renderObject: RenderConstrainedBox#b8d08 relayoutBoundary=up18)
                                                                                                                                              Γöé                      Γöé                              Γöé     ΓööMaterial(type: button, color: Color(0x00000000), shadowColor: Color(0x00000000), surfaceTintColor: Color(0x00000000), shape: StadiumBorder(BorderSide(width: 0.0, style: none)), dependencies: [InheritedCupertinoTheme, _InheritedTheme, _LocalizationsScope-[GlobalKey#2bc14]], state: _MaterialState#d6456)
                                                                                                                                              Γöé                      Γöé                              Γöé      Γöö_MaterialInterior(duration: 200ms, shape: StadiumBorder(BorderSide(width: 0.0, style: none)), elevation: 0.0, color: Color(0x00000000), shadowColor: Color(0x00000000), dependencies: [Directionality, InheritedCupertinoTheme, _InheritedTheme, _LocalizationsScope-[GlobalKey#2bc14]], state: _MaterialInteriorState#2c995(ticker inactive))
                                                                                                                                              Γöé                      Γöé                              Γöé       ΓööPhysicalShape(clipper: ShapeBorderClipper, elevation: 0.0, color: Color(0x00000000), shadowColor: Color(0x00000000), renderObject: RenderPhysicalShape#9c6de relayoutBoundary=up19)
                                                                                                                                              Γöé                      Γöé                              Γöé        Γöö_ShapeBorderPaint(dependencies: [Directionality])
                                                                                                                                              Γöé                      Γöé                              Γöé         ΓööCustomPaint(renderObject: RenderCustomPaint#caa61 relayoutBoundary=up20)
                                                                                                                                              Γöé                      Γöé                              Γöé          ΓööNotificationListener<LayoutChangedNotification>
                                                                                                                                              Γöé                      Γöé                              Γöé           Γöö_InkFeatures-[GlobalKey#992d6 ink renderer](renderObject: _RenderInkFeatures#bd312 relayoutBoundary=up21)
                                                                                                                                              Γöé                      Γöé                              Γöé            ΓööAnimatedDefaultTextStyle(duration: 200ms, debugLabel: (englishLike bodyMedium 2021).merge((blackMountainView bodyMedium).apply), inherit: false, color: Color(0xff1d1b20), family: Roboto, size: 14.0, weight: 400, letterSpacing: 0.3, baseline: alphabetic, height: 1.4x, leadingDistribution: even, decoration: Color(0xff1d1b20) TextDecoration.none, softWrap: wrapping at box width, overflow: clip, state: _AnimatedDefaultTextStyleState#78725(ticker inactive))
                                                                                                                                              Γöé                      Γöé                              Γöé             ΓööDefaultTextStyle(debugLabel: (englishLike bodyMedium 2021).merge((blackMountainView bodyMedium).apply), inherit: false, color: Color(0xff1d1b20), family: Roboto, size: 14.0, weight: 400, letterSpacing: 0.3, baseline: alphabetic, height: 1.4x, leadingDistribution: even, decoration: Color(0xff1d1b20) TextDecoration.none, softWrap: wrapping at box width, overflow: clip)
                                                                                                                                              Γöé                      Γöé                              Γöé              ΓööInkWell
                                                                                                                                              Γöé                      Γöé                              Γöé               Γöö_InkResponseStateWidget(gestures: [tap], mouseCursor: ButtonStyleButton_MouseCursor, clipped to BoxShape.rectangle, dependencies: [MediaQuery], state: _InkResponseState#43719)
                                                                                                                                              Γöé                      Γöé                              Γöé                Γöö_ParentInkResponseProvider
                                                                                                                                              Γöé                      Γöé                              Γöé                 ΓööActions(dispatcher: null, actions: {ActivateIntent: CallbackAction<ActivateIntent>#9b834, ButtonActivateIntent: CallbackAction<ButtonActivateIntent>#9b1b7}, state: _ActionsState#2e4b4)
                                                                                                                                              Γöé                      Γöé                              Γöé                  Γöö_ActionsScope
                                                                                                                                              Γöé                      Γöé                              Γöé                   ΓööFocus(dependencies: [_FocusInheritedScope], state: _FocusState#1b439)
                                                                                                                                              Γöé                      Γöé                              Γöé                    Γöö_FocusInheritedScope
                                                                                                                                              Γöé                      Γöé                              Γöé                     ΓööSemantics(container: false, properties: SemanticsProperties, renderObject: RenderSemanticsAnnotations#7ac38 relayoutBoundary=up22)
                                                                                                                                              Γöé                      Γöé                              Γöé                      ΓööMouseRegion(listeners: [enter, exit], cursor: SystemMouseCursor(click), renderObject: RenderMouseRegion#98026 relayoutBoundary=up23)
                                                                                                                                              Γöé                      Γöé                              Γöé                       ΓööBuilder(dependencies: [DefaultSelectionStyle])
                                                                                                                                              Γöé                      Γöé                              Γöé                        ΓööDefaultSelectionStyle
                                                                                                                                              Γöé                      Γöé                              Γöé                         ΓööSemantics(container: false, properties: SemanticsProperties, renderObject: RenderSemanticsAnnotations#b7b9a relayoutBoundary=up24)
                                                                                                                                              Γöé                      Γöé                              Γöé                          ΓööGestureDetector(startBehavior: start, dependencies: [MediaQuery, ScrollConfiguration])
                                                                                                                                              Γöé                      Γöé                              Γöé                           ΓööRawGestureDetector(state: RawGestureDetectorState#a618f(gestures: [tap], excludeFromSemantics: true, behavior: opaque))
                                                                                                                                              Γöé                      Γöé                              Γöé                            ΓööListener(listeners: [down, panZoomStart], behavior: opaque, renderObject: RenderPointerListener#f1b34 relayoutBoundary=up25)
                                                                                                                                              Γöé                      Γöé                              Γöé                             ΓööBuilder(dependencies: [IconTheme])
                                                                                                                                              Γöé                      Γöé                              Γöé                              ΓööIconTheme(size: 24.0, color: Color(0xff49454f))
                                                                                                                                              Γöé                      Γöé                              Γöé                               ΓööPadding(padding: EdgeInsets.all(8.0), dependencies: [Directionality], renderObject: RenderPadding#9ddc9 relayoutBoundary=up26)
                                                                                                                                              Γöé                      Γöé                              Γöé                                ΓööAlign(alignment: Alignment.center, widthFactor: 1.0, heightFactor: 1.0, dependencies: [Directionality], renderObject: RenderPositionedBox#031ba relayoutBoundary=up27)
                                                                                                                                              Γöé                      Γöé                              Γöé                                 ΓööSemantics(container: false, properties: SemanticsProperties, renderObject: RenderSemanticsAnnotations#b094b relayoutBoundary=up28)
                                                                                                                                              Γöé                      Γöé                              Γöé                                  ΓööTooltip("Shut Down MultiConsole", dependencies: [InheritedCupertinoTheme, _InheritedTheme, _LocalizationsScope-[GlobalKey#2bc14]], state: TooltipState#e1c2f)
                                                                                                                                              Γöé                      Γöé                              Γöé                                   ΓööOverlayPortal(state: _OverlayPortalState#d7a0f)
                                                                                                                                              Γöé                      Γöé                              Γöé                                    Γöö_OverlayPortal(renderObject: _RenderLayoutSurrogateProxyBox#80182 relayoutBoundary=up29, child: _ExclusiveMouseRegion)
                                                                                                                                              Γöé                      Γöé                              Γöé                                     Γöö_ExclusiveMouseRegion(listeners: [enter, exit], cursor: defer, renderObject: _RenderExclusiveMouseRegion#cbddb relayoutBoundary=up30)
                                                                                                                                              Γöé                      Γöé                              Γöé                                      ΓööListener(listeners: [down], behavior: opaque, renderObject: RenderPointerListener#d59d5 relayoutBoundary=up31)
                                                                                                                                              Γöé                      Γöé                              Γöé                                       ΓööSemantics(container: false, properties: SemanticsProperties, tooltip: "Shut Down MultiConsole", dependencies: [Directionality], renderObject: RenderSemanticsAnnotations#60a48 relayoutBoundary=up32)
                                                                                                                                              Γöé                      Γöé                              Γöé                                        ΓööIcon(IconData(U+0E4E3), dependencies: [Directionality, IconTheme])
                                                                                                                                              Γöé                      Γöé                              Γöé                                         ΓööSemantics(container: false, properties: SemanticsProperties, renderObject: RenderSemanticsAnnotations#07da8 relayoutBoundary=up33)
                                                                                                                                              Γöé                      Γöé                              Γöé                                          ΓööExcludeSemantics(excluding: true, renderObject: RenderExcludeSemantics#ea939 relayoutBoundary=up34)
                                                                                                                                              Γöé                      Γöé                              Γöé                                           ΓööSizedBox(width: 24.0, height: 24.0, renderObject: RenderConstrainedBox#02411 relayoutBoundary=up35)
                                                                                                                                              Γöé                      Γöé                              Γöé                                            ΓööCenter(alignment: Alignment.center, dependencies: [Directionality], renderObject: RenderPositionedBox#1b421)
                                                                                                                                              Γöé                      Γöé                              Γöé                                             ΓööRichText(textDirection: ltr, softWrap: wrapping at box width, overflow: visible, maxLines: unlimited, text: "εôú", dependencies: [_LocalizationsScope-[GlobalKey#2bc14]], renderObject: RenderParagraph#96ad2 relayoutBoundary=up1)
                                                                                                                                              Γöé                      Γöé                              ΓööIconButton(tooltip: Keypad, dependencies: [InheritedCupertinoTheme, _InheritedTheme, _LocalizationsScope-[GlobalKey#2bc14]])
                                                                                                                                              Γöé                      Γöé                               Γöö_SelectableIconButton(state: _SelectableIconButtonState#86861)
                                                                                                                                              Γöé                      Γöé                                Γöö_IconButtonM3(style: ButtonStyle#38e09(mouseCursor: _IconButtonDefaultMouseCursor#2ba0c), dependencies: [IconButtonTheme, IconTheme, InheritedCupertinoTheme, _InheritedTheme, _LocalizationsScope-[GlobalKey#2bc14]], state: _ButtonStyleState#310c5)
                                                                                                                                              Γöé                      Γöé                                 ΓööSemantics(container: true, properties: SemanticsProperties, renderObject: RenderSemanticsAnnotations#03216 relayoutBoundary=up16)
                                                                                                                                              Γöé                      Γöé                                  Γöö_InputPadding(renderObject: _RenderInputPadding#ecd13 relayoutBoundary=up17)
                                                                                                                                              Γöé                      Γöé                                   ΓööConstrainedBox(BoxConstraints(40.0<=w<=Infinity, 40.0<=h<=Infinity), renderObject: RenderConstrainedBox#ded80 relayoutBoundary=up18)
                                                                                                                                              Γöé                      Γöé                                    ΓööMaterial(type: button, color: Color(0x00000000), shadowColor: Color(0x00000000), surfaceTintColor: Color(0x00000000), shape: StadiumBorder(BorderSide(width: 0.0, style: none)), dependencies: [InheritedCupertinoTheme, _InheritedTheme, _LocalizationsScope-[GlobalKey#2bc14]], state: _MaterialState#4ad94)
                                                                                                                                              Γöé                      Γöé                                     Γöö_MaterialInterior(duration: 200ms, shape: StadiumBorder(BorderSide(width: 0.0, style: none)), elevation: 0.0, color: Color(0x00000000), shadowColor: Color(0x00000000), dependencies: [Directionality, InheritedCupertinoTheme, _InheritedTheme, _LocalizationsScope-[GlobalKey#2bc14]], state: _MaterialInteriorState#f6438(ticker inactive))
                                                                                                                                              Γöé                      Γöé                                      ΓööPhysicalShape(clipper: ShapeBorderClipper, elevation: 0.0, color: Color(0x00000000), shadowColor: Color(0x00000000), renderObject: RenderPhysicalShape#fb2b3 relayoutBoundary=up19)
                                                                                                                                              Γöé                      Γöé                                       Γöö_ShapeBorderPaint(dependencies: [Directionality])
                                                                                                                                              Γöé                      Γöé                                        ΓööCustomPaint(renderObject: RenderCustomPaint#0b92b relayoutBoundary=up20)
                                                                                                                                              Γöé                      Γöé                                         ΓööNotificationListener<LayoutChangedNotification>
                                                                                                                                              Γöé                      Γöé                                          Γöö_InkFeatures-[GlobalKey#6c249 ink renderer](renderObject: _RenderInkFeatures#95dff relayoutBoundary=up21)
                                                                                                                                              Γöé                      Γöé                                           ΓööAnimatedDefaultTextStyle(duration: 200ms, debugLabel: (englishLike bodyMedium 2021).merge((blackMountainView bodyMedium).apply), inherit: false, color: Color(0xff1d1b20), family: Roboto, size: 14.0, weight: 400, letterSpacing: 0.3, baseline: alphabetic, height: 1.4x, leadingDistribution: even, decoration: Color(0xff1d1b20) TextDecoration.none, softWrap: wrapping at box width, overflow: clip, state: _AnimatedDefaultTextStyleState#aa223(ticker inactive))
                                                                                                                                              Γöé                      Γöé                                            ΓööDefaultTextStyle(debugLabel: (englishLike bodyMedium 2021).merge((blackMountainView bodyMedium).apply), inherit: false, color: Color(0xff1d1b20), family: Roboto, size: 14.0, weight: 400, letterSpacing: 0.3, baseline: alphabetic, height: 1.4x, leadingDistribution: even, decoration: Color(0xff1d1b20) TextDecoration.none, softWrap: wrapping at box width, overflow: clip)
                                                                                                                                              Γöé                      Γöé                                             ΓööInkWell
                                                                                                                                              Γöé                      Γöé                                              Γöö_InkResponseStateWidget(gestures: [tap], mouseCursor: ButtonStyleButton_MouseCursor, clipped to BoxShape.rectangle, dependencies: [MediaQuery], state: _InkResponseState#cff40)
                                                                                                                                              Γöé                      Γöé                                               Γöö_ParentInkResponseProvider
                                                                                                                                              Γöé                      Γöé                                                ΓööActions(dispatcher: null, actions: {ActivateIntent: CallbackAction<ActivateIntent>#eb678, ButtonActivateIntent: CallbackAction<ButtonActivateIntent>#12542}, state: _ActionsState#95c0e)
                                                                                                                                              Γöé                      Γöé                                                 Γöö_ActionsScope
                                                                                                                                              Γöé                      Γöé                                                  ΓööFocus(dependencies: [_FocusInheritedScope], state: _FocusState#b1704)
                                                                                                                                              Γöé                      Γöé                                                   Γöö_FocusInheritedScope
                                                                                                                                              Γöé                      Γöé                                                    ΓööSemantics(container: false, properties: SemanticsProperties, renderObject: RenderSemanticsAnnotations#25f21 relayoutBoundary=up22)
                                                                                                                                              Γöé                      Γöé                                                     ΓööMouseRegion(listeners: [enter, exit], cursor: SystemMouseCursor(click), renderObject: RenderMouseRegion#2356f relayoutBoundary=up23)
                                                                                                                                              Γöé                      Γöé                                                      ΓööBuilder(dependencies: [DefaultSelectionStyle])
                                                                                                                                              Γöé                      Γöé                                                       ΓööDefaultSelectionStyle
                                                                                                                                              Γöé                      Γöé                                                        ΓööSemantics(container: false, properties: SemanticsProperties, renderObject: RenderSemanticsAnnotations#a1969 relayoutBoundary=up24)
                                                                                                                                              Γöé                      Γöé                                                         ΓööGestureDetector(startBehavior: start, dependencies: [MediaQuery, ScrollConfiguration])
                                                                                                                                              Γöé                      Γöé                                                          ΓööRawGestureDetector(state: RawGestureDetectorState#02440(gestures: [tap], excludeFromSemantics: true, behavior: opaque))
                                                                                                                                              Γöé                      Γöé                                                           ΓööListener(listeners: [down, panZoomStart], behavior: opaque, renderObject: RenderPointerListener#64e3c relayoutBoundary=up25)
                                                                                                                                              Γöé                      Γöé                                                            ΓööBuilder(dependencies: [IconTheme])
                                                                                                                                              Γöé                      Γöé                                                             ΓööIconTheme(size: 24.0, color: Color(0xff49454f))
                                                                                                                                              Γöé                      Γöé                                                              ΓööPadding(padding: EdgeInsets.all(8.0), dependencies: [Directionality], renderObject: RenderPadding#6d229 relayoutBoundary=up26)
                                                                                                                                              Γöé                      Γöé                                                               ΓööAlign(alignment: Alignment.center, widthFactor: 1.0, heightFactor: 1.0, dependencies: [Directionality], renderObject: RenderPositionedBox#9d42c relayoutBoundary=up27)
                                                                                                                                              Γöé                      Γöé                                                                ΓööSemantics(container: false, properties: SemanticsProperties, renderObject: RenderSemanticsAnnotations#19b79 relayoutBoundary=up28)
                                                                                                                                              Γöé                      Γöé                                                                 ΓööTooltip("Keypad", dependencies: [InheritedCupertinoTheme, _InheritedTheme, _LocalizationsScope-[GlobalKey#2bc14]], state: TooltipState#2c914)
                                                                                                                                              Γöé                      Γöé                                                                  ΓööOverlayPortal(state: _OverlayPortalState#1a476)
                                                                                                                                              Γöé                      Γöé                                                                   Γöö_OverlayPortal(renderObject: _RenderLayoutSurrogateProxyBox#758bf relayoutBoundary=up29, child: _ExclusiveMouseRegion)
                                                                                                                                              Γöé                      Γöé                                                                    Γöö_ExclusiveMouseRegion(listeners: [enter, exit], cursor: defer, renderObject: _RenderExclusiveMouseRegion#de675 relayoutBoundary=up30)
                                                                                                                                              Γöé                      Γöé                                                                     ΓööListener(listeners: [down], behavior: opaque, renderObject: RenderPointerListener#629a8 relayoutBoundary=up31)
                                                                                                                                              Γöé                      Γöé                                                                      ΓööSemantics(container: false, properties: SemanticsProperties, tooltip: "Keypad", dependencies: [Directionality], renderObject: RenderSemanticsAnnotations#4b1d6 relayoutBoundary=up32)
                                                                                                                                              Γöé                      Γöé                                                                       ΓööIcon(IconData(U+0F6AA), dependencies: [Directionality, IconTheme])
                                                                                                                                              Γöé                      Γöé                                                                        ΓööSemantics(container: false, properties: SemanticsProperties, renderObject: RenderSemanticsAnnotations#7be92 relayoutBoundary=up33)
                                                                                                                                              Γöé                      Γöé                                                                         ΓööExcludeSemantics(excluding: true, renderObject: RenderExcludeSemantics#a1bde relayoutBoundary=up34)
                                                                                                                                              Γöé                      Γöé                                                                          ΓööSizedBox(width: 24.0, height: 24.0, renderObject: RenderConstrainedBox#93571 relayoutBoundary=up35)
                                                                                                                                              Γöé                      Γöé                                                                           ΓööCenter(alignment: Alignment.center, dependencies: [Directionality], renderObject: RenderPositionedBox#886f7)
                                                                                                                                              Γöé                      Γöé                                                                            ΓööRichText(textDirection: ltr, softWrap: wrapping at box width, overflow: visible, maxLines: unlimited, text: "∩Ü¬", dependencies: [_LocalizationsScope-[GlobalKey#2bc14]], renderObject: RenderParagraph#9c1e9 relayoutBoundary=up1)
                                                                                                                                              Γöé                      Γö£LayoutId-[<_ScaffoldSlot.bottomNavigationBar>](id: _ScaffoldSlot.bottomNavigationBar)
                                                                                                                                              Γöé                      ΓöéΓööMediaQuery(MediaQueryData(size: Size(800.0, 600.0), devicePixelRatio: 3.0, textScaler: no scaling, platformBrightness: Brightness.light, padding: EdgeInsets.zero, viewPadding: EdgeInsets.zero, viewInsets: EdgeInsets.zero, systemGestureInsets: EdgeInsets.zero, alwaysUse24HourFormat: false, accessibleNavigation: false, highContrast: false, onOffSwitchLabels: false, disableAnimations: false, invertColors: false, boldText: false, navigationMode: traditional, gestureSettings: DeviceGestureSettings(touchSlop: null), displayFeatures: [], supportsShowingSystemContextMenu: false))
                                                                                                                                              Γöé                      Γöé ΓööBottomNavigationBar(dependencies: [Directionality, InheritedCupertinoTheme, MediaQuery, _InheritedTheme, _LocalizationsScope-[GlobalKey#2bc14]], state: _BottomNavigationBarState#d1a36(tickers: tracking 6 tickers))
                                                                                                                                              Γöé                      Γöé  ΓööSemantics(container: false, properties: SemanticsProperties, renderObject: RenderSemanticsAnnotations#d7be5 relayoutBoundary=up4)
                                                                                                                                              Γöé                      Γöé   Γöö_Bar(dependencies: [MediaQuery])
                                                                                                                                              Γöé                      Γöé    ΓööMaterial(type: canvas, elevation: 8.0, dependencies: [InheritedCupertinoTheme, _InheritedTheme, _LocalizationsScope-[GlobalKey#2bc14]], state: _MaterialState#b95fa)
                                                                                                                                              Γöé                      Γöé     ΓööAnimatedPhysicalModel(duration: 200ms, shape: rectangle, borderRadius: null, elevation: 8.0, color: Color(0xfffef7ff), animateColor: false, shadowColor: Color(0xff000000), animateShadowColor: true, state: _AnimatedPhysicalModelState#e20d2(ticker inactive))
                                                                                                                                              Γöé                      Γöé      ΓööPhysicalModel(shape: rectangle, borderRadius: BorderRadius.zero, elevation: 8.0, color: Color(0xfffef7ff), shadowColor: Color(0xff000000), renderObject: RenderPhysicalModel#91957 relayoutBoundary=up5)
                                                                                                                                              Γöé                      Γöé       ΓööNotificationListener<LayoutChangedNotification>
                                                                                                                                              Γöé                      Γöé        Γöö_InkFeatures-[GlobalKey#db1a5 ink renderer](renderObject: _RenderInkFeatures#b221e relayoutBoundary=up6)
                                                                                                                                              Γöé                      Γöé         ΓööAnimatedDefaultTextStyle(duration: 200ms, debugLabel: (englishLike bodyMedium 2021).merge((blackMountainView bodyMedium).apply), inherit: false, color: Color(0xff1d1b20), family: Roboto, size: 14.0, weight: 400, letterSpacing: 0.3, baseline: alphabetic, height: 1.4x, leadingDistribution: even, decoration: Color(0xff1d1b20) TextDecoration.none, softWrap: wrapping at box width, overflow: clip, state: _AnimatedDefaultTextStyleState#fe4c2(ticker inactive))
                                                                                                                                              Γöé                      Γöé          ΓööDefaultTextStyle(debugLabel: (englishLike bodyMedium 2021).merge((blackMountainView bodyMedium).apply), inherit: false, color: Color(0xff1d1b20), family: Roboto, size: 14.0, weight: 400, letterSpacing: 0.3, baseline: alphabetic, height: 1.4x, leadingDistribution: even, decoration: Color(0xff1d1b20) TextDecoration.none, softWrap: wrapping at box width, overflow: clip)
                                                                                                                                              Γöé                      Γöé           ΓööConstrainedBox(BoxConstraints(0.0<=w<=Infinity, 56.0<=h<=Infinity), renderObject: RenderConstrainedBox#08d1f relayoutBoundary=up7)
                                                                                                                                              Γöé                      Γöé            ΓööCustomPaint(renderObject: RenderCustomPaint#e005a relayoutBoundary=up8)
                                                                                                                                              Γöé                      Γöé             ΓööMaterial(type: transparency, dependencies: [Directionality, InheritedCupertinoTheme, _InheritedTheme, _LocalizationsScope-[GlobalKey#2bc14]], state: _MaterialState#14c13)
                                                                                                                                              Γöé                      Γöé              ΓööClipPath(clipper: ShapeBorderClipper, renderObject: RenderClipPath#0eab8 relayoutBoundary=up9)
                                                                                                                                              Γöé                      Γöé               Γöö_ShapeBorderPaint(dependencies: [Directionality])
                                                                                                                                              Γöé                      Γöé                ΓööCustomPaint(renderObject: RenderCustomPaint#2e7cc relayoutBoundary=up10)
                                                                                                                                              Γöé                      Γöé                 ΓööNotificationListener<LayoutChangedNotification>
                                                                                                                                              Γöé                      Γöé                  Γöö_InkFeatures-[GlobalKey#50174 ink renderer](renderObject: _RenderInkFeatures#260b6 relayoutBoundary=up11)
                                                                                                                                              Γöé                      Γöé                   ΓööAnimatedDefaultTextStyle(duration: 200ms, debugLabel: (englishLike bodyMedium 2021).merge((blackMountainView bodyMedium).apply), inherit: false, color: Color(0xff1d1b20), family: Roboto, size: 14.0, weight: 400, letterSpacing: 0.3, baseline: alphabetic, height: 1.4x, leadingDistribution: even, decoration: Color(0xff1d1b20) TextDecoration.none, softWrap: wrapping at box width, overflow: clip, state: _AnimatedDefaultTextStyleState#cc15e(ticker inactive))
                                                                                                                                              Γöé                      Γöé                    ΓööDefaultTextStyle(debugLabel: (englishLike bodyMedium 2021).merge((blackMountainView bodyMedium).apply), inherit: false, color: Color(0xff1d1b20), family: Roboto, size: 14.0, weight: 400, letterSpacing: 0.3, baseline: alphabetic, height: 1.4x, leadingDistribution: even, decoration: Color(0xff1d1b20) TextDecoration.none, softWrap: wrapping at box width, overflow: clip)
                                                                                                                                              Γöé                      Γöé                     ΓööPadding(padding: EdgeInsets.zero, dependencies: [Directionality], renderObject: RenderPadding#e643f relayoutBoundary=up12)
                                                                                                                                              Γöé                      Γöé                      ΓööMediaQuery(MediaQueryData(size: Size(800.0, 600.0), devicePixelRatio: 3.0, textScaler: no scaling, platformBrightness: Brightness.light, padding: EdgeInsets.zero, viewPadding: EdgeInsets.zero, viewInsets: EdgeInsets.zero, systemGestureInsets: EdgeInsets.zero, alwaysUse24HourFormat: false, accessibleNavigation: false, highContrast: false, onOffSwitchLabels: false, disableAnimations: false, invertColors: false, boldText: false, navigationMode: traditional, gestureSettings: DeviceGestureSettings(touchSlop: null), displayFeatures: [], supportsShowingSystemContextMenu: false))
                                                                                                                                              Γöé                      Γöé                       ΓööBuilder(dependencies: [DefaultTextStyle])
                                                                                                                                              Γöé                      Γöé                        ΓööDefaultTextStyle(debugLabel: (englishLike bodyMedium 2021).merge((blackMountainView bodyMedium).apply), inherit: false, color: Color(0xff1d1b20), family: Roboto, size: 14.0, weight: 400, letterSpacing: 0.3, baseline: alphabetic, height: 1.4x, leadingDistribution: even, decoration: Color(0xff1d1b20) TextDecoration.none, softWrap: wrapping at box width, overflow: ellipsis)
                                                                                                                                              Γöé                      Γöé                         ΓööRow(direction: horizontal, mainAxisAlignment: spaceBetween, crossAxisAlignment: center, dependencies: [Directionality], renderObject: RenderFlex#4e92d relayoutBoundary=up13)
                                                                                                                                              Γöé                      Γöé                          Γö£_BottomNavigationTile
                                                                                                                                              Γöé                      Γöé                          ΓöéΓööExpanded(flex: 1500)
                                                                                                                                              Γöé                      Γöé                          Γöé ΓööSemantics(container: true, properties: SemanticsProperties, selected: true, renderObject: RenderSemanticsAnnotations#ac215 relayoutBoundary=up14)
                                                                                                                                              Γöé                      Γöé                          Γöé  ΓööStack(alignment: AlignmentDirectional.topStart, fit: loose, dependencies: [Directionality], renderObject: RenderStack#def66 relayoutBoundary=up15)
                                                                                                                                              Γöé                      Γöé                          Γöé   Γö£Tooltip("Facepanel", vertical offset: 38.0, position: above, semantics: excluded, dependencies: [InheritedCupertinoTheme, _InheritedTheme, _LocalizationsScope-[GlobalKey#2bc14]], state: TooltipState#8d3d3)
                                                                                                                                              Γöé                      Γöé                          Γöé   ΓöéΓööOverlayPortal(state: _OverlayPortalState#3686b)
                                                                                                                                              Γöé                      Γöé                          Γöé   Γöé Γöö_OverlayPortal(renderObject: _RenderLayoutSurrogateProxyBox#899c6 relayoutBoundary=up16, child: _ExclusiveMouseRegion)
                                                                                                                                              Γöé                      Γöé                          Γöé   Γöé  Γöö_ExclusiveMouseRegion(listeners: [enter, exit], cursor: defer, renderObject: _RenderExclusiveMouseRegion#23d5f relayoutBoundary=up17)
                                                                                                                                              Γöé                      Γöé                          Γöé   Γöé   ΓööListener(listeners: [down], behavior: opaque, renderObject: RenderPointerListener#5b68f relayoutBoundary=up18)
                                                                                                                                              Γöé                      Γöé                          Γöé   Γöé    ΓööSemantics(container: false, properties: SemanticsProperties, renderObject: RenderSemanticsAnnotations#314a2 relayoutBoundary=up19)
                                                                                                                                              Γöé                      Γöé                          Γöé   Γöé     ΓööInkResponse
                                                                                                                                              Γöé                      Γöé                          Γöé   Γöé      Γöö_InkResponseStateWidget(gestures: [tap], mouseCursor: SystemMouseCursor(click), BoxShape.circle, dependencies: [MediaQuery], state: _InkResponseState#992da)
                                                                                                                                              Γöé                      Γöé                          Γöé   Γöé       Γöö_ParentInkResponseProvider
                                                                                                                                              Γöé                      Γöé                          Γöé   Γöé        ΓööActions(dispatcher: null, actions: {ActivateIntent: CallbackAction<ActivateIntent>#e9775, ButtonActivateIntent: CallbackAction<ButtonActivateIntent>#fb896}, state: _ActionsState#0735c)
                                                                                                                                              Γöé                      Γöé                          Γöé   Γöé         Γöö_ActionsScope
                                                                                                                                              Γöé                      Γöé                          Γöé   Γöé          ΓööFocus(dependencies: [_FocusInheritedScope], state: _FocusState#f067a)
                                                                                                                                              Γöé                      Γöé                          Γöé   Γöé           Γöö_FocusInheritedScope
                                                                                                                                              Γöé                      Γöé                          Γöé   Γöé            ΓööSemantics(container: false, properties: SemanticsProperties, renderObject: RenderSemanticsAnnotations#bc204 relayoutBoundary=up20)
                                                                                                                                              Γöé                      Γöé                          Γöé   Γöé             ΓööMouseRegion(listeners: [enter, exit], cursor: SystemMouseCursor(click), renderObject: RenderMouseRegion#6db3e relayoutBoundary=up21)
                                                                                                                                              Γöé                      Γöé                          Γöé   Γöé              ΓööBuilder(dependencies: [DefaultSelectionStyle])
                                                                                                                                              Γöé                      Γöé                          Γöé   Γöé               ΓööDefaultSelectionStyle
                                                                                                                                              Γöé                      Γöé                          Γöé   Γöé                ΓööSemantics(container: false, properties: SemanticsProperties, renderObject: RenderSemanticsAnnotations#999a9 relayoutBoundary=up22)
                                                                                                                                              Γöé                      Γöé                          Γöé   Γöé                 ΓööGestureDetector(startBehavior: start, dependencies: [MediaQuery, ScrollConfiguration])
                                                                                                                                              Γöé                      Γöé                          Γöé   Γöé                  ΓööRawGestureDetector(state: RawGestureDetectorState#af8d6(gestures: [tap], excludeFromSemantics: true, behavior: opaque))
                                                                                                                                              Γöé                      Γöé                          Γöé   Γöé                   ΓööListener(listeners: [down, panZoomStart], behavior: opaque, renderObject: RenderPointerListener#21772 relayoutBoundary=up23)
                                                                                                                                              Γöé                      Γöé                          Γöé   Γöé                    ΓööPadding(padding: EdgeInsets(0.0, 7.0, 0.0, 7.0), dependencies: [Directionality], renderObject: RenderPadding#ad16c relayoutBoundary=up24)
                                                                                                                                              Γöé                      Γöé                          Γöé   Γöé                     Γöö_Tile(dependencies: [MediaQuery])
                                                                                                                                              Γöé                      Γöé                          Γöé   Γöé                      ΓööColumn(direction: vertical, mainAxisAlignment: spaceBetween, mainAxisSize: min, crossAxisAlignment: center, renderObject: RenderFlex#55ebe relayoutBoundary=up25)
                                                                                                                                              Γöé                      Γöé                          Γöé   Γöé                       Γö£_TileIcon
                                                                                                                                              Γöé                      Γöé                          Γöé   Γöé                       ΓöéΓööAlign(alignment: Alignment.topCenter, heightFactor: 1.0, dependencies: [Directionality], renderObject: RenderPositionedBox#38340 relayoutBoundary=up26)
                                                                                                                                              Γöé                      Γöé                          Γöé   Γöé                       Γöé ΓööIconTheme(size: 24.0, color: MaterialColor(primary value: Color(0xffffeb3b)))
                                                                                                                                              Γöé                      Γöé                          Γöé   Γöé                       Γöé  ΓööIcon(IconData(U+0E351), dependencies: [Directionality, IconTheme])
                                                                                                                                              Γöé                      Γöé                          Γöé   Γöé                       Γöé   ΓööSemantics(container: false, properties: SemanticsProperties, renderObject: RenderSemanticsAnnotations#e7ee4 relayoutBoundary=up27)
                                                                                                                                              Γöé                      Γöé                          Γöé   Γöé                       Γöé    ΓööExcludeSemantics(excluding: true, renderObject: RenderExcludeSemantics#ba091 relayoutBoundary=up28)
                                                                                                                                              Γöé                      Γöé                          Γöé   Γöé                       Γöé     ΓööSizedBox(width: 24.0, height: 24.0, renderObject: RenderConstrainedBox#0b5b9 relayoutBoundary=up29)
                                                                                                                                              Γöé                      Γöé                          Γöé   Γöé                       Γöé      ΓööCenter(alignment: Alignment.center, dependencies: [Directionality], renderObject: RenderPositionedBox#6fc4c)
                                                                                                                                              Γöé                      Γöé                          Γöé   Γöé                       Γöé       ΓööRichText(textDirection: ltr, softWrap: wrapping at box width, overflow: visible, maxLines: unlimited, text: "εìæ", dependencies: [_LocalizationsScope-[GlobalKey#2bc14]], renderObject: RenderParagraph#da45b relayoutBoundary=up1)
                                                                                                                                              Γöé                      Γöé                          Γöé   Γöé                       Γöö_Label
                                                                                                                                              Γöé                      Γöé                          Γöé   Γöé                        ΓööBuilder(dependencies: [MediaQuery])
                                                                                                                                              Γöé                      Γöé                          Γöé   Γöé                         ΓööMediaQuery(MediaQueryData(size: Size(800.0, 600.0), devicePixelRatio: 3.0, textScaler: no scaling, platformBrightness: Brightness.light, padding: EdgeInsets.zero, viewPadding: EdgeInsets.zero, viewInsets: EdgeInsets.zero, systemGestureInsets: EdgeInsets.zero, alwaysUse24HourFormat: false, accessibleNavigation: false, highContrast: false, onOffSwitchLabels: false, disableAnimations: false, invertColors: false, boldText: false, navigationMode: traditional, gestureSettings: DeviceGestureSettings(touchSlop: null), displayFeatures: [], supportsShowingSystemContextMenu: false))
                                                                                                                                              Γöé                      Γöé                          Γöé   Γöé                          ΓööAlign(alignment: Alignment.bottomCenter, heightFactor: 1.0, dependencies: [Directionality], renderObject: RenderPositionedBox#2e133 relayoutBoundary=up26)
                                                                                                                                              Γöé                      Γöé                          Γöé   Γöé                           ΓööBuilder(dependencies: [DefaultTextStyle])
                                                                                                                                              Γöé                      Γöé                          Γöé   Γöé                            ΓööDefaultTextStyle(debugLabel: ((englishLike bodyMedium 2021).merge((blackMountainView bodyMedium).apply)).merge((lerp(unknown ΓÄ»1.0ΓåÆ unknown)).copyWith), inherit: false, color: MaterialColor(primary value: Color(0xffffeb3b)), family: Roboto, size: 14.0, weight: 400, letterSpacing: 0.3, baseline: alphabetic, height: 1.4x, leadingDistribution: even, decoration: Color(0xff1d1b20) TextDecoration.none, softWrap: wrapping at box width, overflow: ellipsis)
                                                                                                                                              Γöé                      Γöé                          Γöé   Γöé                             ΓööTransform(dependencies: [Directionality], renderObject: RenderTransform#0a2da relayoutBoundary=up27)
                                                                                                                                              Γöé                      Γöé                          Γöé   Γöé                              ΓööText("Facepanel", dependencies: [DefaultSelectionStyle, DefaultTextStyle, MediaQuery])
                                                                                                                                              Γöé                      Γöé                          Γöé   Γöé                               ΓööRichText(softWrap: wrapping at box width, overflow: ellipsis, maxLines: unlimited, text: "Facepanel", dependencies: [Directionality, _LocalizationsScope-[GlobalKey#2bc14]], renderObject: RenderParagraph#641c9 relayoutBoundary=up28)
                                                                                                                                              Γöé                      Γöé                          Γöé   ΓööSemantics(container: false, properties: SemanticsProperties, label: "Tab 1 of 6", dependencies: [Directionality], renderObject: RenderSemanticsAnnotations#416d1 relayoutBoundary=up16)
                                                                                                                                              Γöé                      Γöé                          Γö£_BottomNavigationTile
                                                                                                                                              Γöé                      Γöé                          ΓöéΓööExpanded(flex: 1000)
                                                                                                                                              Γöé                      Γöé                          Γöé ΓööSemantics(container: true, properties: SemanticsProperties, selected: false, renderObject: RenderSemanticsAnnotations#147a4 relayoutBoundary=up14)
                                                                                                                                              Γöé                      Γöé                          Γöé  ΓööStack(alignment: AlignmentDirectional.topStart, fit: loose, dependencies: [Directionality], renderObject: RenderStack#a3ca7 relayoutBoundary=up15)
                                                                                                                                              Γöé                      Γöé                          Γöé   Γö£Tooltip("Faders", vertical offset: 38.0, position: above, semantics: excluded, dependencies: [InheritedCupertinoTheme, _InheritedTheme, _LocalizationsScope-[GlobalKey#2bc14]], state: TooltipState#3fdc9)
                                                                                                                                              Γöé                      Γöé                          Γöé   ΓöéΓööOverlayPortal(state: _OverlayPortalState#4310c)
                                                                                                                                              Γöé                      Γöé                          Γöé   Γöé Γöö_OverlayPortal(renderObject: _RenderLayoutSurrogateProxyBox#90704 relayoutBoundary=up16, child: _ExclusiveMouseRegion)
                                                                                                                                              Γöé                      Γöé                          Γöé   Γöé  Γöö_ExclusiveMouseRegion(listeners: [enter, exit], cursor: defer, renderObject: _RenderExclusiveMouseRegion#52ccb relayoutBoundary=up17)
                                                                                                                                              Γöé                      Γöé                          Γöé   Γöé   ΓööListener(listeners: [down], behavior: opaque, renderObject: RenderPointerListener#8d8c0 relayoutBoundary=up18)
                                                                                                                                              Γöé                      Γöé                          Γöé   Γöé    ΓööSemantics(container: false, properties: SemanticsProperties, renderObject: RenderSemanticsAnnotations#2ca76 relayoutBoundary=up19)
                                                                                                                                              Γöé                      Γöé                          Γöé   Γöé     ΓööInkResponse
                                                                                                                                              Γöé                      Γöé                          Γöé   Γöé      Γöö_InkResponseStateWidget(gestures: [tap], mouseCursor: SystemMouseCursor(click), BoxShape.circle, dependencies: [MediaQuery], state: _InkResponseState#9d7bd)
                                                                                                                                              Γöé                      Γöé                          Γöé   Γöé       Γöö_ParentInkResponseProvider
                                                                                                                                              Γöé                      Γöé                          Γöé   Γöé        ΓööActions(dispatcher: null, actions: {ActivateIntent: CallbackAction<ActivateIntent>#837e0, ButtonActivateIntent: CallbackAction<ButtonActivateIntent>#41257}, state: _ActionsState#9f1aa)
                                                                                                                                              Γöé                      Γöé                          Γöé   Γöé         Γöö_ActionsScope
                                                                                                                                              Γöé                      Γöé                          Γöé   Γöé          ΓööFocus(dependencies: [_FocusInheritedScope], state: _FocusState#81559)
                                                                                                                                              Γöé                      Γöé                          Γöé   Γöé           Γöö_FocusInheritedScope
                                                                                                                                              Γöé                      Γöé                          Γöé   Γöé            ΓööSemantics(container: false, properties: SemanticsProperties, renderObject: RenderSemanticsAnnotations#eb961 relayoutBoundary=up20)
                                                                                                                                              Γöé                      Γöé                          Γöé   Γöé             ΓööMouseRegion(listeners: [enter, exit], cursor: SystemMouseCursor(click), renderObject: RenderMouseRegion#7d92b relayoutBoundary=up21)
                                                                                                                                              Γöé                      Γöé                          Γöé   Γöé              ΓööBuilder(dependencies: [DefaultSelectionStyle])
                                                                                                                                              Γöé                      Γöé                          Γöé   Γöé               ΓööDefaultSelectionStyle
                                                                                                                                              Γöé                      Γöé                          Γöé   Γöé                ΓööSemantics(container: false, properties: SemanticsProperties, renderObject: RenderSemanticsAnnotations#b9c4f relayoutBoundary=up22)
                                                                                                                                              Γöé                      Γöé                          Γöé   Γöé                 ΓööGestureDetector(startBehavior: start, dependencies: [MediaQuery, ScrollConfiguration])
                                                                                                                                              Γöé                      Γöé                          Γöé   Γöé                  ΓööRawGestureDetector(state: RawGestureDetectorState#a3974(gestures: [tap], excludeFromSemantics: true, behavior: opaque))
                                                                                                                                              Γöé                      Γöé                          Γöé   Γöé                   ΓööListener(listeners: [down, panZoomStart], behavior: opaque, renderObject: RenderPointerListener#41007 relayoutBoundary=up23)
                                                                                                                                              Γöé                      Γöé                          Γöé   Γöé                    ΓööPadding(padding: EdgeInsets(0.0, 7.0, 0.0, 7.0), dependencies: [Directionality], renderObject: RenderPadding#33fb9 relayoutBoundary=up24)
                                                                                                                                              Γöé                      Γöé                          Γöé   Γöé                     Γöö_Tile(dependencies: [MediaQuery])
                                                                                                                                              Γöé                      Γöé                          Γöé   Γöé                      ΓööColumn(direction: vertical, mainAxisAlignment: spaceBetween, mainAxisSize: min, crossAxisAlignment: center, renderObject: RenderFlex#9b879 relayoutBoundary=up25)
                                                                                                                                              Γöé                      Γöé                          Γöé   Γöé                       Γö£_TileIcon
                                                                                                                                              Γöé                      Γöé                          Γöé   Γöé                       ΓöéΓööAlign(alignment: Alignment.topCenter, heightFactor: 1.0, dependencies: [Directionality], renderObject: RenderPositionedBox#02b5c relayoutBoundary=up26)
                                                                                                                                              Γöé                      Γöé                          Γöé   Γöé                       Γöé ΓööIconTheme(size: 24.0, color: Color(0xff000000))
                                                                                                                                              Γöé                      Γöé                          Γöé   Γöé                       Γöé  ΓööIcon(IconData(U+0E026), dependencies: [Directionality, IconTheme])
                                                                                                                                              Γöé                      Γöé                          Γöé   Γöé                       Γöé   ΓööSemantics(container: false, properties: SemanticsProperties, renderObject: RenderSemanticsAnnotations#a6067 relayoutBoundary=up27)
                                                                                                                                              Γöé                      Γöé                          Γöé   Γöé                       Γöé    ΓööExcludeSemantics(excluding: true, renderObject: RenderExcludeSemantics#f6512 relayoutBoundary=up28)
                                                                                                                                              Γöé                      Γöé                          Γöé   Γöé                       Γöé     ΓööSizedBox(width: 24.0, height: 24.0, renderObject: RenderConstrainedBox#edcae relayoutBoundary=up29)
                                                                                                                                              Γöé                      Γöé                          Γöé   Γöé                       Γöé      ΓööCenter(alignment: Alignment.center, dependencies: [Directionality], renderObject: RenderPositionedBox#f233f)
                                                                                                                                              Γöé                      Γöé                          Γöé   Γöé                       Γöé       ΓööRichText(textDirection: ltr, softWrap: wrapping at box width, overflow: visible, maxLines: unlimited, text: "εÇª", dependencies: [_LocalizationsScope-[GlobalKey#2bc14]], renderObject: RenderParagraph#8267a relayoutBoundary=up1)
                                                                                                                                              Γöé                      Γöé                          Γöé   Γöé                       Γöö_Label
                                                                                                                                              Γöé                      Γöé                          Γöé   Γöé                        ΓööBuilder(dependencies: [MediaQuery])
                                                                                                                                              Γöé                      Γöé                          Γöé   Γöé                         ΓööMediaQuery(MediaQueryData(size: Size(800.0, 600.0), devicePixelRatio: 3.0, textScaler: no scaling, platformBrightness: Brightness.light, padding: EdgeInsets.zero, viewPadding: EdgeInsets.zero, viewInsets: EdgeInsets.zero, systemGestureInsets: EdgeInsets.zero, alwaysUse24HourFormat: false, accessibleNavigation: false, highContrast: false, onOffSwitchLabels: false, disableAnimations: false, invertColors: false, boldText: false, navigationMode: traditional, gestureSettings: DeviceGestureSettings(touchSlop: null), displayFeatures: [], supportsShowingSystemContextMenu: false))
                                                                                                                                              Γöé                      Γöé                          Γöé   Γöé                          ΓööAlign(alignment: Alignment.bottomCenter, heightFactor: 1.0, dependencies: [Directionality], renderObject: RenderPositionedBox#fd087 relayoutBoundary=up26)
                                                                                                                                              Γöé                      Γöé                          Γöé   Γöé                           ΓööBuilder(dependencies: [DefaultTextStyle])
                                                                                                                                              Γöé                      Γöé                          Γöé   Γöé                            ΓööDefaultTextStyle(debugLabel: ((englishLike bodyMedium 2021).merge((blackMountainView bodyMedium).apply)).merge((lerp(unknown ΓÄ»0.0ΓåÆ unknown)).copyWith), inherit: false, color: Color(0xff000000), family: Roboto, size: 14.0, weight: 400, letterSpacing: 0.3, baseline: alphabetic, height: 1.4x, leadingDistribution: even, decoration: Color(0xff1d1b20) TextDecoration.none, softWrap: wrapping at box width, overflow: ellipsis)
                                                                                                                                              Γöé                      Γöé                          Γöé   Γöé                             ΓööTransform(dependencies: [Directionality], renderObject: RenderTransform#910b9 relayoutBoundary=up27)
                                                                                                                                              Γöé                      Γöé                          Γöé   Γöé                              ΓööText("Faders", dependencies: [DefaultSelectionStyle, DefaultTextStyle, MediaQuery])
                                                                                                                                              Γöé                      Γöé                          Γöé   Γöé                               ΓööRichText(softWrap: wrapping at box width, overflow: ellipsis, maxLines: unlimited, text: "Faders", dependencies: [Directionality, _LocalizationsScope-[GlobalKey#2bc14]], renderObject: RenderParagraph#53d87 relayoutBoundary=up28)
                                                                                                                                              Γöé                      Γöé                          Γöé   ΓööSemantics(container: false, properties: SemanticsProperties, label: "Tab 2 of 6", dependencies: [Directionality], renderObject: RenderSemanticsAnnotations#38cfd relayoutBoundary=up16)
                                                                                                                                              Γöé                      Γöé                          Γö£_BottomNavigationTile
                                                                                                                                              Γöé                      Γöé                          ΓöéΓööExpanded(flex: 1000)
                                                                                                                                              Γöé                      Γöé                          Γöé ΓööSemantics(container: true, properties: SemanticsProperties, selected: false, renderObject: RenderSemanticsAnnotations#d3ecd relayoutBoundary=up14)
                                                                                                                                              Γöé                      Γöé                          Γöé  ΓööStack(alignment: AlignmentDirectional.topStart, fit: loose, dependencies: [Directionality], renderObject: RenderStack#3e639 relayoutBoundary=up15)
                                                                                                                                              Γöé                      Γöé                          Γöé   Γö£Tooltip("Channel Check", vertical offset: 38.0, position: above, semantics: excluded, dependencies: [InheritedCupertinoTheme, _InheritedTheme, _LocalizationsScope-[GlobalKey#2bc14]], state: TooltipState#c2197)
                                                                                                                                              Γöé                      Γöé                          Γöé   ΓöéΓööOverlayPortal(state: _OverlayPortalState#13026)
                                                                                                                                              Γöé                      Γöé                          Γöé   Γöé Γöö_OverlayPortal(renderObject: _RenderLayoutSurrogateProxyBox#169c0 relayoutBoundary=up16, child: _ExclusiveMouseRegion)
                                                                                                                                              Γöé                      Γöé                          Γöé   Γöé  Γöö_ExclusiveMouseRegion(listeners: [enter, exit], cursor: defer, renderObject: _RenderExclusiveMouseRegion#7acd9 relayoutBoundary=up17)
                                                                                                                                              Γöé                      Γöé                          Γöé   Γöé   ΓööListener(listeners: [down], behavior: opaque, renderObject: RenderPointerListener#1aa02 relayoutBoundary=up18)
                                                                                                                                              Γöé                      Γöé                          Γöé   Γöé    ΓööSemantics(container: false, properties: SemanticsProperties, renderObject: RenderSemanticsAnnotations#caf0e relayoutBoundary=up19)
                                                                                                                                              Γöé                      Γöé                          Γöé   Γöé     ΓööInkResponse
                                                                                                                                              Γöé                      Γöé                          Γöé   Γöé      Γöö_InkResponseStateWidget(gestures: [tap], mouseCursor: SystemMouseCursor(click), BoxShape.circle, dependencies: [MediaQuery], state: _InkResponseState#64e2b)
                                                                                                                                              Γöé                      Γöé                          Γöé   Γöé       Γöö_ParentInkResponseProvider
                                                                                                                                              Γöé                      Γöé                          Γöé   Γöé        ΓööActions(dispatcher: null, actions: {ActivateIntent: CallbackAction<ActivateIntent>#83b54, ButtonActivateIntent: CallbackAction<ButtonActivateIntent>#a771d}, state: _ActionsState#3e34e)
                                                                                                                                              Γöé                      Γöé                          Γöé   Γöé         Γöö_ActionsScope
                                                                                                                                              Γöé                      Γöé                          Γöé   Γöé          ΓööFocus(dependencies: [_FocusInheritedScope], state: _FocusState#82a5c)
                                                                                                                                              Γöé                      Γöé                          Γöé   Γöé           Γöö_FocusInheritedScope
                                                                                                                                              Γöé                      Γöé                          Γöé   Γöé            ΓööSemantics(container: false, properties: SemanticsProperties, renderObject: RenderSemanticsAnnotations#22664 relayoutBoundary=up20)
                                                                                                                                              Γöé                      Γöé                          Γöé   Γöé             ΓööMouseRegion(listeners: [enter, exit], cursor: SystemMouseCursor(click), renderObject: RenderMouseRegion#5dae3 relayoutBoundary=up21)
                                                                                                                                              Γöé                      Γöé                          Γöé   Γöé              ΓööBuilder(dependencies: [DefaultSelectionStyle])
                                                                                                                                              Γöé                      Γöé                          Γöé   Γöé               ΓööDefaultSelectionStyle
                                                                                                                                              Γöé                      Γöé                          Γöé   Γöé                ΓööSemantics(container: false, properties: SemanticsProperties, renderObject: RenderSemanticsAnnotations#c6010 relayoutBoundary=up22)
                                                                                                                                              Γöé                      Γöé                          Γöé   Γöé                 ΓööGestureDetector(startBehavior: start, dependencies: [MediaQuery, ScrollConfiguration])
                                                                                                                                              Γöé                      Γöé                          Γöé   Γöé                  ΓööRawGestureDetector(state: RawGestureDetectorState#3bd29(gestures: [tap], excludeFromSemantics: true, behavior: opaque))
                                                                                                                                              Γöé                      Γöé                          Γöé   Γöé                   ΓööListener(listeners: [down, panZoomStart], behavior: opaque, renderObject: RenderPointerListener#2e318 relayoutBoundary=up23)
                                                                                                                                              Γöé                      Γöé                          Γöé   Γöé                    ΓööPadding(padding: EdgeInsets(0.0, 7.0, 0.0, 7.0), dependencies: [Directionality], renderObject: RenderPadding#62e94 relayoutBoundary=up24)
                                                                                                                                              Γöé                      Γöé                          Γöé   Γöé                     Γöö_Tile(dependencies: [MediaQuery])
                                                                                                                                              Γöé                      Γöé                          Γöé   Γöé                      ΓööColumn(direction: vertical, mainAxisAlignment: spaceBetween, mainAxisSize: min, crossAxisAlignment: center, renderObject: RenderFlex#07571 relayoutBoundary=up25)
                                                                                                                                              Γöé                      Γöé                          Γöé   Γöé                       Γö£_TileIcon
                                                                                                                                              Γöé                      Γöé                          Γöé   Γöé                       ΓöéΓööAlign(alignment: Alignment.topCenter, heightFactor: 1.0, dependencies: [Directionality], renderObject: RenderPositionedBox#3dfc4 relayoutBoundary=up26)
                                                                                                                                              Γöé                      Γöé                          Γöé   Γöé                       Γöé ΓööIconTheme(size: 24.0, color: Color(0xff000000))
                                                                                                                                              Γöé                      Γöé                          Γöé   Γöé                       Γöé  ΓööIcon(IconData(U+0E37B), dependencies: [Directionality, IconTheme])
                                                                                                                                              Γöé                      Γöé                          Γöé   Γöé                       Γöé   ΓööSemantics(container: false, properties: SemanticsProperties, renderObject: RenderSemanticsAnnotations#10351 relayoutBoundary=up27)
                                                                                                                                              Γöé                      Γöé                          Γöé   Γöé                       Γöé    ΓööExcludeSemantics(excluding: true, renderObject: RenderExcludeSemantics#8076f relayoutBoundary=up28)
                                                                                                                                              Γöé                      Γöé                          Γöé   Γöé                       Γöé     ΓööSizedBox(width: 24.0, height: 24.0, renderObject: RenderConstrainedBox#147aa relayoutBoundary=up29)
                                                                                                                                              Γöé                      Γöé                          Γöé   Γöé                       Γöé      ΓööCenter(alignment: Alignment.center, dependencies: [Directionality], renderObject: RenderPositionedBox#0d6b6)
                                                                                                                                              Γöé                      Γöé                          Γöé   Γöé                       Γöé       ΓööRichText(textDirection: ltr, softWrap: wrapping at box width, overflow: visible, maxLines: unlimited, text: "εì╗", dependencies: [_LocalizationsScope-[GlobalKey#2bc14]], renderObject: RenderParagraph#87330 relayoutBoundary=up1)
                                                                                                                                              Γöé                      Γöé                          Γöé   Γöé                       Γöö_Label
                                                                                                                                              Γöé                      Γöé                          Γöé   Γöé                        ΓööBuilder(dependencies: [MediaQuery])
                                                                                                                                              Γöé                      Γöé                          Γöé   Γöé                         ΓööMediaQuery(MediaQueryData(size: Size(800.0, 600.0), devicePixelRatio: 3.0, textScaler: no scaling, platformBrightness: Brightness.light, padding: EdgeInsets.zero, viewPadding: EdgeInsets.zero, viewInsets: EdgeInsets.zero, systemGestureInsets: EdgeInsets.zero, alwaysUse24HourFormat: false, accessibleNavigation: false, highContrast: false, onOffSwitchLabels: false, disableAnimations: false, invertColors: false, boldText: false, navigationMode: traditional, gestureSettings: DeviceGestureSettings(touchSlop: null), displayFeatures: [], supportsShowingSystemContextMenu: false))
                                                                                                                                              Γöé                      Γöé                          Γöé   Γöé                          ΓööAlign(alignment: Alignment.bottomCenter, heightFactor: 1.0, dependencies: [Directionality], renderObject: RenderPositionedBox#39600 relayoutBoundary=up26)
                                                                                                                                              Γöé                      Γöé                          Γöé   Γöé                           ΓööBuilder(dependencies: [DefaultTextStyle])
                                                                                                                                              Γöé                      Γöé                          Γöé   Γöé                            ΓööDefaultTextStyle(debugLabel: ((englishLike bodyMedium 2021).merge((blackMountainView bodyMedium).apply)).merge((lerp(unknown ΓÄ»0.0ΓåÆ unknown)).copyWith), inherit: false, color: Color(0xff000000), family: Roboto, size: 14.0, weight: 400, letterSpacing: 0.3, baseline: alphabetic, height: 1.4x, leadingDistribution: even, decoration: Color(0xff1d1b20) TextDecoration.none, softWrap: wrapping at box width, overflow: ellipsis)
                                                                                                                                              Γöé                      Γöé                          Γöé   Γöé                             ΓööTransform(dependencies: [Directionality], renderObject: RenderTransform#8936f relayoutBoundary=up27)
                                                                                                                                              Γöé                      Γöé                          Γöé   Γöé                              ΓööText("Channel Check", dependencies: [DefaultSelectionStyle, DefaultTextStyle, MediaQuery])
                                                                                                                                              Γöé                      Γöé                          Γöé   Γöé                               ΓööRichText(softWrap: wrapping at box width, overflow: ellipsis, maxLines: unlimited, text: "Channel Check", dependencies: [Directionality, _LocalizationsScope-[GlobalKey#2bc14]], renderObject: RenderParagraph#bd6a8 relayoutBoundary=up28)
                                                                                                                                              Γöé                      Γöé                          Γöé   ΓööSemantics(container: false, properties: SemanticsProperties, label: "Tab 3 of 6", dependencies: [Directionality], renderObject: RenderSemanticsAnnotations#0ee9b relayoutBoundary=up16)
                                                                                                                                              Γöé                      Γöé                          Γö£_BottomNavigationTile
                                                                                                                                              Γöé                      Γöé                          ΓöéΓööExpanded(flex: 1000)
                                                                                                                                              Γöé                      Γöé                          Γöé ΓööSemantics(container: true, properties: SemanticsProperties, selected: false, renderObject: RenderSemanticsAnnotations#26a97 relayoutBoundary=up14)
                                                                                                                                              Γöé                      Γöé                          Γöé  ΓööStack(alignment: AlignmentDirectional.topStart, fit: loose, dependencies: [Directionality], renderObject: RenderStack#7ed33 relayoutBoundary=up15)
                                                                                                                                              Γöé                      Γöé                          Γöé   Γö£Tooltip("Controls", vertical offset: 38.0, position: above, semantics: excluded, dependencies: [InheritedCupertinoTheme, _InheritedTheme, _LocalizationsScope-[GlobalKey#2bc14]], state: TooltipState#42ac9)
                                                                                                                                              Γöé                      Γöé                          Γöé   ΓöéΓööOverlayPortal(state: _OverlayPortalState#c315d)
                                                                                                                                              Γöé                      Γöé                          Γöé   Γöé Γöö_OverlayPortal(renderObject: _RenderLayoutSurrogateProxyBox#2b1a9 relayoutBoundary=up16, child: _ExclusiveMouseRegion)
                                                                                                                                              Γöé                      Γöé                          Γöé   Γöé  Γöö_ExclusiveMouseRegion(listeners: [enter, exit], cursor: defer, renderObject: _RenderExclusiveMouseRegion#25f6d relayoutBoundary=up17)
                                                                                                                                              Γöé                      Γöé                          Γöé   Γöé   ΓööListener(listeners: [down], behavior: opaque, renderObject: RenderPointerListener#eaa4a relayoutBoundary=up18)
                                                                                                                                              Γöé                      Γöé                          Γöé   Γöé    ΓööSemantics(container: false, properties: SemanticsProperties, renderObject: RenderSemanticsAnnotations#9e91f relayoutBoundary=up19)
                                                                                                                                              Γöé                      Γöé                          Γöé   Γöé     ΓööInkResponse
                                                                                                                                              Γöé                      Γöé                          Γöé   Γöé      Γöö_InkResponseStateWidget(gestures: [tap], mouseCursor: SystemMouseCursor(click), BoxShape.circle, dependencies: [MediaQuery], state: _InkResponseState#e5714)
                                                                                                                                              Γöé                      Γöé                          Γöé   Γöé       Γöö_ParentInkResponseProvider
                                                                                                                                              Γöé                      Γöé                          Γöé   Γöé        ΓööActions(dispatcher: null, actions: {ActivateIntent: CallbackAction<ActivateIntent>#0475b, ButtonActivateIntent: CallbackAction<ButtonActivateIntent>#b8bef}, state: _ActionsState#54ad0)
                                                                                                                                              Γöé                      Γöé                          Γöé   Γöé         Γöö_ActionsScope
                                                                                                                                              Γöé                      Γöé                          Γöé   Γöé          ΓööFocus(dependencies: [_FocusInheritedScope], state: _FocusState#05abd)
                                                                                                                                              Γöé                      Γöé                          Γöé   Γöé           Γöö_FocusInheritedScope
                                                                                                                                              Γöé                      Γöé                          Γöé   Γöé            ΓööSemantics(container: false, properties: SemanticsProperties, renderObject: RenderSemanticsAnnotations#f9878 relayoutBoundary=up20)
                                                                                                                                              Γöé                      Γöé                          Γöé   Γöé             ΓööMouseRegion(listeners: [enter, exit], cursor: SystemMouseCursor(click), renderObject: RenderMouseRegion#733a4 relayoutBoundary=up21)
                                                                                                                                              Γöé                      Γöé                          Γöé   Γöé              ΓööBuilder(dependencies: [DefaultSelectionStyle])
                                                                                                                                              Γöé                      Γöé                          Γöé   Γöé               ΓööDefaultSelectionStyle
                                                                                                                                              Γöé                      Γöé                          Γöé   Γöé                ΓööSemantics(container: false, properties: SemanticsProperties, renderObject: RenderSemanticsAnnotations#fbe92 relayoutBoundary=up22)
                                                                                                                                              Γöé                      Γöé                          Γöé   Γöé                 ΓööGestureDetector(startBehavior: start, dependencies: [MediaQuery, ScrollConfiguration])
                                                                                                                                              Γöé                      Γöé                          Γöé   Γöé                  ΓööRawGestureDetector(state: RawGestureDetectorState#4a8ce(gestures: [tap], excludeFromSemantics: true, behavior: opaque))
                                                                                                                                              Γöé                      Γöé                          Γöé   Γöé                   ΓööListener(listeners: [down, panZoomStart], behavior: opaque, renderObject: RenderPointerListener#507f9 relayoutBoundary=up23)
                                                                                                                                              Γöé                      Γöé                          Γöé   Γöé                    ΓööPadding(padding: EdgeInsets(0.0, 7.0, 0.0, 7.0), dependencies: [Directionality], renderObject: RenderPadding#da045 relayoutBoundary=up24)
                                                                                                                                              Γöé                      Γöé                          Γöé   Γöé                     Γöö_Tile(dependencies: [MediaQuery])
                                                                                                                                              Γöé                      Γöé                          Γöé   Γöé                      ΓööColumn(direction: vertical, mainAxisAlignment: spaceBetween, mainAxisSize: min, crossAxisAlignment: center, renderObject: RenderFlex#46fb2 relayoutBoundary=up25)
                                                                                                                                              Γöé                      Γöé                          Γöé   Γöé                       Γö£_TileIcon
                                                                                                                                              Γöé                      Γöé                          Γöé   Γöé                       ΓöéΓööAlign(alignment: Alignment.topCenter, heightFactor: 1.0, dependencies: [Directionality], renderObject: RenderPositionedBox#7644d relayoutBoundary=up26)
                                                                                                                                              Γöé                      Γöé                          Γöé   Γöé                       Γöé ΓööIconTheme(size: 24.0, color: Color(0xff000000))
                                                                                                                                              Γöé                      Γöé                          Γöé   Γöé                       Γöé  ΓööIcon(IconData(U+0E57F), dependencies: [Directionality, IconTheme])
                                                                                                                                              Γöé                      Γöé                          Γöé   Γöé                       Γöé   ΓööSemantics(container: false, properties: SemanticsProperties, renderObject: RenderSemanticsAnnotations#defff relayoutBoundary=up27)
                                                                                                                                              Γöé                      Γöé                          Γöé   Γöé                       Γöé    ΓööExcludeSemantics(excluding: true, renderObject: RenderExcludeSemantics#f6e80 relayoutBoundary=up28)
                                                                                                                                              Γöé                      Γöé                          Γöé   Γöé                       Γöé     ΓööSizedBox(width: 24.0, height: 24.0, renderObject: RenderConstrainedBox#fb327 relayoutBoundary=up29)
                                                                                                                                              Γöé                      Γöé                          Γöé   Γöé                       Γöé      ΓööCenter(alignment: Alignment.center, dependencies: [Directionality], renderObject: RenderPositionedBox#a6abe)
                                                                                                                                              Γöé                      Γöé                          Γöé   Γöé                       Γöé       ΓööRichText(textDirection: ltr, softWrap: wrapping at box width, overflow: visible, maxLines: unlimited, text: "εò┐", dependencies: [_LocalizationsScope-[GlobalKey#2bc14]], renderObject: RenderParagraph#f5a9a relayoutBoundary=up1)
                                                                                                                                              Γöé                      Γöé                          Γöé   Γöé                       Γöö_Label
                                                                                                                                              Γöé                      Γöé                          Γöé   Γöé                        ΓööBuilder(dependencies: [MediaQuery])
                                                                                                                                              Γöé                      Γöé                          Γöé   Γöé                         ΓööMediaQuery(MediaQueryData(size: Size(800.0, 600.0), devicePixelRatio: 3.0, textScaler: no scaling, platformBrightness: Brightness.light, padding: EdgeInsets.zero, viewPadding: EdgeInsets.zero, viewInsets: EdgeInsets.zero, systemGestureInsets: EdgeInsets.zero, alwaysUse24HourFormat: false, accessibleNavigation: false, highContrast: false, onOffSwitchLabels: false, disableAnimations: false, invertColors: false, boldText: false, navigationMode: traditional, gestureSettings: DeviceGestureSettings(touchSlop: null), displayFeatures: [], supportsShowingSystemContextMenu: false))
                                                                                                                                              Γöé                      Γöé                          Γöé   Γöé                          ΓööAlign(alignment: Alignment.bottomCenter, heightFactor: 1.0, dependencies: [Directionality], renderObject: RenderPositionedBox#9dc29 relayoutBoundary=up26)
                                                                                                                                              Γöé                      Γöé                          Γöé   Γöé                           ΓööBuilder(dependencies: [DefaultTextStyle])
                                                                                                                                              Γöé                      Γöé                          Γöé   Γöé                            ΓööDefaultTextStyle(debugLabel: ((englishLike bodyMedium 2021).merge((blackMountainView bodyMedium).apply)).merge((lerp(unknown ΓÄ»0.0ΓåÆ unknown)).copyWith), inherit: false, color: Color(0xff000000), family: Roboto, size: 14.0, weight: 400, letterSpacing: 0.3, baseline: alphabetic, height: 1.4x, leadingDistribution: even, decoration: Color(0xff1d1b20) TextDecoration.none, softWrap: wrapping at box width, overflow: ellipsis)
                                                                                                                                              Γöé                      Γöé                          Γöé   Γöé                             ΓööTransform(dependencies: [Directionality], renderObject: RenderTransform#8bfc4 relayoutBoundary=up27)
                                                                                                                                              Γöé                      Γöé                          Γöé   Γöé                              ΓööText("Controls", dependencies: [DefaultSelectionStyle, DefaultTextStyle, MediaQuery])
                                                                                                                                              Γöé                      Γöé                          Γöé   Γöé                               ΓööRichText(softWrap: wrapping at box width, overflow: ellipsis, maxLines: unlimited, text: "Controls", dependencies: [Directionality, _LocalizationsScope-[GlobalKey#2bc14]], renderObject: RenderParagraph#4a5f5 relayoutBoundary=up28)
                                                                                                                                              Γöé                      Γöé                          Γöé   ΓööSemantics(container: false, properties: SemanticsProperties, label: "Tab 4 of 6", dependencies: [Directionality], renderObject: RenderSemanticsAnnotations#352ec relayoutBoundary=up16)
                                                                                                                                              Γöé                      Γöé                          Γö£_BottomNavigationTile
                                                                                                                                              Γöé                      Γöé                          ΓöéΓööExpanded(flex: 1000)
                                                                                                                                              Γöé                      Γöé                          Γöé ΓööSemantics(container: true, properties: SemanticsProperties, selected: false, renderObject: RenderSemanticsAnnotations#07187 relayoutBoundary=up14)
                                                                                                                                              Γöé                      Γöé                          Γöé  ΓööStack(alignment: AlignmentDirectional.topStart, fit: loose, dependencies: [Directionality], renderObject: RenderStack#c22c5 relayoutBoundary=up15)
                                                                                                                                              Γöé                      Γöé                          Γöé   Γö£Tooltip("Playback", vertical offset: 38.0, position: above, semantics: excluded, dependencies: [InheritedCupertinoTheme, _InheritedTheme, _LocalizationsScope-[GlobalKey#2bc14]], state: TooltipState#714f9)
                                                                                                                                              Γöé                      Γöé                          Γöé   ΓöéΓööOverlayPortal(state: _OverlayPortalState#32aa3)
                                                                                                                                              Γöé                      Γöé                          Γöé   Γöé Γöö_OverlayPortal(renderObject: _RenderLayoutSurrogateProxyBox#b00c1 relayoutBoundary=up16, child: _ExclusiveMouseRegion)
                                                                                                                                              Γöé                      Γöé                          Γöé   Γöé  Γöö_ExclusiveMouseRegion(listeners: [enter, exit], cursor: defer, renderObject: _RenderExclusiveMouseRegion#1b6aa relayoutBoundary=up17)
                                                                                                                                              Γöé                      Γöé                          Γöé   Γöé   ΓööListener(listeners: [down], behavior: opaque, renderObject: RenderPointerListener#3e48f relayoutBoundary=up18)
                                                                                                                                              Γöé                      Γöé                          Γöé   Γöé    ΓööSemantics(container: false, properties: SemanticsProperties, renderObject: RenderSemanticsAnnotations#e07b4 relayoutBoundary=up19)
                                                                                                                                              Γöé                      Γöé                          Γöé   Γöé     ΓööInkResponse
                                                                                                                                              Γöé                      Γöé                          Γöé   Γöé      Γöö_InkResponseStateWidget(gestures: [tap], mouseCursor: SystemMouseCursor(click), BoxShape.circle, dependencies: [MediaQuery], state: _InkResponseState#dafa1)
                                                                                                                                              Γöé                      Γöé                          Γöé   Γöé       Γöö_ParentInkResponseProvider
                                                                                                                                              Γöé                      Γöé                          Γöé   Γöé        ΓööActions(dispatcher: null, actions: {ActivateIntent: CallbackAction<ActivateIntent>#7c4e1, ButtonActivateIntent: CallbackAction<ButtonActivateIntent>#c39a5}, state: _ActionsState#016d0)
                                                                                                                                              Γöé                      Γöé                          Γöé   Γöé         Γöö_ActionsScope
                                                                                                                                              Γöé                      Γöé                          Γöé   Γöé          ΓööFocus(dependencies: [_FocusInheritedScope], state: _FocusState#3b442)
                                                                                                                                              Γöé                      Γöé                          Γöé   Γöé           Γöö_FocusInheritedScope
                                                                                                                                              Γöé                      Γöé                          Γöé   Γöé            ΓööSemantics(container: false, properties: SemanticsProperties, renderObject: RenderSemanticsAnnotations#585a7 relayoutBoundary=up20)
                                                                                                                                              Γöé                      Γöé                          Γöé   Γöé             ΓööMouseRegion(listeners: [enter, exit], cursor: SystemMouseCursor(click), renderObject: RenderMouseRegion#4734d relayoutBoundary=up21)
                                                                                                                                              Γöé                      Γöé                          Γöé   Γöé              ΓööBuilder(dependencies: [DefaultSelectionStyle])
                                                                                                                                              Γöé                      Γöé                          Γöé   Γöé               ΓööDefaultSelectionStyle
                                                                                                                                              Γöé                      Γöé                          Γöé   Γöé                ΓööSemantics(container: false, properties: SemanticsProperties, renderObject: RenderSemanticsAnnotations#7bd4f relayoutBoundary=up22)
                                                                                                                                              Γöé                      Γöé                          Γöé   Γöé                 ΓööGestureDetector(startBehavior: start, dependencies: [MediaQuery, ScrollConfiguration])
                                                                                                                                              Γöé                      Γöé                          Γöé   Γöé                  ΓööRawGestureDetector(state: RawGestureDetectorState#95bac(gestures: [tap], excludeFromSemantics: true, behavior: opaque))
                                                                                                                                              Γöé                      Γöé                          Γöé   Γöé                   ΓööListener(listeners: [down, panZoomStart], behavior: opaque, renderObject: RenderPointerListener#7e9f2 relayoutBoundary=up23)
                                                                                                                                              Γöé                      Γöé                          Γöé   Γöé                    ΓööPadding(padding: EdgeInsets(0.0, 7.0, 0.0, 7.0), dependencies: [Directionality], renderObject: RenderPadding#f0405 relayoutBoundary=up24)
                                                                                                                                              Γöé                      Γöé                          Γöé   Γöé                     Γöö_Tile(dependencies: [MediaQuery])
                                                                                                                                              Γöé                      Γöé                          Γöé   Γöé                      ΓööColumn(direction: vertical, mainAxisAlignment: spaceBetween, mainAxisSize: min, crossAxisAlignment: center, renderObject: RenderFlex#f92a0 relayoutBoundary=up25)
                                                                                                                                              Γöé                      Γöé                          Γöé   Γöé                       Γö£_TileIcon
                                                                                                                                              Γöé                      Γöé                          Γöé   Γöé                       ΓöéΓööAlign(alignment: Alignment.topCenter, heightFactor: 1.0, dependencies: [Directionality], renderObject: RenderPositionedBox#1c026 relayoutBoundary=up26)
                                                                                                                                              Γöé                      Γöé                          Γöé   Γöé                       Γöé ΓööIconTheme(size: 24.0, color: Color(0xff000000))
                                                                                                                                              Γöé                      Γöé                          Γöé   Γöé                       Γöé  ΓööIcon(IconData(U+0F137), dependencies: [Directionality, IconTheme])
                                                                                                                                              Γöé                      Γöé                          Γöé   Γöé                       Γöé   ΓööSemantics(container: false, properties: SemanticsProperties, renderObject: RenderSemanticsAnnotations#3ad41 relayoutBoundary=up27)
                                                                                                                                              Γöé                      Γöé                          Γöé   Γöé                       Γöé    ΓööExcludeSemantics(excluding: true, renderObject: RenderExcludeSemantics#eb2f4 relayoutBoundary=up28)
                                                                                                                                              Γöé                      Γöé                          Γöé   Γöé                       Γöé     ΓööSizedBox(width: 24.0, height: 24.0, renderObject: RenderConstrainedBox#52890 relayoutBoundary=up29)
                                                                                                                                              Γöé                      Γöé                          Γöé   Γöé                       Γöé      ΓööCenter(alignment: Alignment.center, dependencies: [Directionality], renderObject: RenderPositionedBox#d98e2)
                                                                                                                                              Γöé                      Γöé                          Γöé   Γöé                       Γöé       ΓööRichText(textDirection: ltr, softWrap: wrapping at box width, overflow: visible, maxLines: unlimited, text: "∩ä╖", dependencies: [_LocalizationsScope-[GlobalKey#2bc14]], renderObject: RenderParagraph#51f64 relayoutBoundary=up1)
                                                                                                                                              Γöé                      Γöé                          Γöé   Γöé                       Γöö_Label
                                                                                                                                              Γöé                      Γöé                          Γöé   Γöé                        ΓööBuilder(dependencies: [MediaQuery])
                                                                                                                                              Γöé                      Γöé                          Γöé   Γöé                         ΓööMediaQuery(MediaQueryData(size: Size(800.0, 600.0), devicePixelRatio: 3.0, textScaler: no scaling, platformBrightness: Brightness.light, padding: EdgeInsets.zero, viewPadding: EdgeInsets.zero, viewInsets: EdgeInsets.zero, systemGestureInsets: EdgeInsets.zero, alwaysUse24HourFormat: false, accessibleNavigation: false, highContrast: false, onOffSwitchLabels: false, disableAnimations: false, invertColors: false, boldText: false, navigationMode: traditional, gestureSettings: DeviceGestureSettings(touchSlop: null), displayFeatures: [], supportsShowingSystemContextMenu: false))
                                                                                                                                              Γöé                      Γöé                          Γöé   Γöé                          ΓööAlign(alignment: Alignment.bottomCenter, heightFactor: 1.0, dependencies: [Directionality], renderObject: RenderPositionedBox#a70bc relayoutBoundary=up26)
                                                                                                                                              Γöé                      Γöé                          Γöé   Γöé                           ΓööBuilder(dependencies: [DefaultTextStyle])
                                                                                                                                              Γöé                      Γöé                          Γöé   Γöé                            ΓööDefaultTextStyle(debugLabel: ((englishLike bodyMedium 2021).merge((blackMountainView bodyMedium).apply)).merge((lerp(unknown ΓÄ»0.0ΓåÆ unknown)).copyWith), inherit: false, color: Color(0xff000000), family: Roboto, size: 14.0, weight: 400, letterSpacing: 0.3, baseline: alphabetic, height: 1.4x, leadingDistribution: even, decoration: Color(0xff1d1b20) TextDecoration.none, softWrap: wrapping at box width, overflow: ellipsis)
                                                                                                                                              Γöé                      Γöé                          Γöé   Γöé                             ΓööTransform(dependencies: [Directionality], renderObject: RenderTransform#66688 relayoutBoundary=up27)
                                                                                                                                              Γöé                      Γöé                          Γöé   Γöé                              ΓööText("Playback", dependencies: [DefaultSelectionStyle, DefaultTextStyle, MediaQuery])
                                                                                                                                              Γöé                      Γöé                          Γöé   Γöé                               ΓööRichText(softWrap: wrapping at box width, overflow: ellipsis, maxLines: unlimited, text: "Playback", dependencies: [Directionality, _LocalizationsScope-[GlobalKey#2bc14]], renderObject: RenderParagraph#84b28 relayoutBoundary=up28)
                                                                                                                                              Γöé                      Γöé                          Γöé   ΓööSemantics(container: false, properties: SemanticsProperties, label: "Tab 5 of 6", dependencies: [Directionality], renderObject: RenderSemanticsAnnotations#f10ca relayoutBoundary=up16)
                                                                                                                                              Γöé                      Γöé                          Γöö_BottomNavigationTile
                                                                                                                                              Γöé                      Γöé                           ΓööExpanded(flex: 1000)
                                                                                                                                              Γöé                      Γöé                            ΓööSemantics(container: true, properties: SemanticsProperties, selected: false, renderObject: RenderSemanticsAnnotations#8bfc3 relayoutBoundary=up14)
                                                                                                                                              Γöé                      Γöé                             ΓööStack(alignment: AlignmentDirectional.topStart, fit: loose, dependencies: [Directionality], renderObject: RenderStack#dbbd5 relayoutBoundary=up15)
                                                                                                                                              Γöé                      Γöé                              Γö£Tooltip("Direct Selects", vertical offset: 38.0, position: above, semantics: excluded, dependencies: [InheritedCupertinoTheme, _InheritedTheme, _LocalizationsScope-[GlobalKey#2bc14]], state: TooltipState#b2b9d)
                                                                                                                                              Γöé                      Γöé                              ΓöéΓööOverlayPortal(state: _OverlayPortalState#18615)
                                                                                                                                              Γöé                      Γöé                              Γöé Γöö_OverlayPortal(renderObject: _RenderLayoutSurrogateProxyBox#a5405 relayoutBoundary=up16, child: _ExclusiveMouseRegion)
                                                                                                                                              Γöé                      Γöé                              Γöé  Γöö_ExclusiveMouseRegion(listeners: [enter, exit], cursor: defer, renderObject: _RenderExclusiveMouseRegion#28102 relayoutBoundary=up17)
                                                                                                                                              Γöé                      Γöé                              Γöé   ΓööListener(listeners: [down], behavior: opaque, renderObject: RenderPointerListener#6dc9f relayoutBoundary=up18)
                                                                                                                                              Γöé                      Γöé                              Γöé    ΓööSemantics(container: false, properties: SemanticsProperties, renderObject: RenderSemanticsAnnotations#c7912 relayoutBoundary=up19)
                                                                                                                                              Γöé                      Γöé                              Γöé     ΓööInkResponse
                                                                                                                                              Γöé                      Γöé                              Γöé      Γöö_InkResponseStateWidget(gestures: [tap], mouseCursor: SystemMouseCursor(click), BoxShape.circle, dependencies: [MediaQuery], state: _InkResponseState#a63a2)
                                                                                                                                              Γöé                      Γöé                              Γöé       Γöö_ParentInkResponseProvider
                                                                                                                                              Γöé                      Γöé                              Γöé        ΓööActions(dispatcher: null, actions: {ActivateIntent: CallbackAction<ActivateIntent>#144f0, ButtonActivateIntent: CallbackAction<ButtonActivateIntent>#f7a7b}, state: _ActionsState#7fbf4)
                                                                                                                                              Γöé                      Γöé                              Γöé         Γöö_ActionsScope
                                                                                                                                              Γöé                      Γöé                              Γöé          ΓööFocus(dependencies: [_FocusInheritedScope], state: _FocusState#c9d96)
                                                                                                                                              Γöé                      Γöé                              Γöé           Γöö_FocusInheritedScope
                                                                                                                                              Γöé                      Γöé                              Γöé            ΓööSemantics(container: false, properties: SemanticsProperties, renderObject: RenderSemanticsAnnotations#b557b relayoutBoundary=up20)
                                                                                                                                              Γöé                      Γöé                              Γöé             ΓööMouseRegion(listeners: [enter, exit], cursor: SystemMouseCursor(click), renderObject: RenderMouseRegion#79b4a relayoutBoundary=up21)
                                                                                                                                              Γöé                      Γöé                              Γöé              ΓööBuilder(dependencies: [DefaultSelectionStyle])
                                                                                                                                              Γöé                      Γöé                              Γöé               ΓööDefaultSelectionStyle
                                                                                                                                              Γöé                      Γöé                              Γöé                ΓööSemantics(container: false, properties: SemanticsProperties, renderObject: RenderSemanticsAnnotations#010eb relayoutBoundary=up22)
                                                                                                                                              Γöé                      Γöé                              Γöé                 ΓööGestureDetector(startBehavior: start, dependencies: [MediaQuery, ScrollConfiguration])
                                                                                                                                              Γöé                      Γöé                              Γöé                  ΓööRawGestureDetector(state: RawGestureDetectorState#b05fc(gestures: [tap], excludeFromSemantics: true, behavior: opaque))
                                                                                                                                              Γöé                      Γöé                              Γöé                   ΓööListener(listeners: [down, panZoomStart], behavior: opaque, renderObject: RenderPointerListener#9d892 relayoutBoundary=up23)
                                                                                                                                              Γöé                      Γöé                              Γöé                    ΓööPadding(padding: EdgeInsets(0.0, 7.0, 0.0, 7.0), dependencies: [Directionality], renderObject: RenderPadding#0456c relayoutBoundary=up24)
                                                                                                                                              Γöé                      Γöé                              Γöé                     Γöö_Tile(dependencies: [MediaQuery])
                                                                                                                                              Γöé                      Γöé                              Γöé                      ΓööColumn(direction: vertical, mainAxisAlignment: spaceBetween, mainAxisSize: min, crossAxisAlignment: center, renderObject: RenderFlex#604c1 relayoutBoundary=up25)
                                                                                                                                              Γöé                      Γöé                              Γöé                       Γö£_TileIcon
                                                                                                                                              Γöé                      Γöé                              Γöé                       ΓöéΓööAlign(alignment: Alignment.topCenter, heightFactor: 1.0, dependencies: [Directionality], renderObject: RenderPositionedBox#3684f relayoutBoundary=up26)
                                                                                                                                              Γöé                      Γöé                              Γöé                       Γöé ΓööIconTheme(size: 24.0, color: Color(0xff000000))
                                                                                                                                              Γöé                      Γöé                              Γöé                       Γöé  ΓööIcon(IconData(U+0E3EC), dependencies: [Directionality, IconTheme])
                                                                                                                                              Γöé                      Γöé                              Γöé                       Γöé   ΓööSemantics(container: false, properties: SemanticsProperties, renderObject: RenderSemanticsAnnotations#4c412 relayoutBoundary=up27)
                                                                                                                                              Γöé                      Γöé                              Γöé                       Γöé    ΓööExcludeSemantics(excluding: true, renderObject: RenderExcludeSemantics#6e677 relayoutBoundary=up28)
                                                                                                                                              Γöé                      Γöé                              Γöé                       Γöé     ΓööSizedBox(width: 24.0, height: 24.0, renderObject: RenderConstrainedBox#c589a relayoutBoundary=up29)
                                                                                                                                              Γöé                      Γöé                              Γöé                       Γöé      ΓööCenter(alignment: Alignment.center, dependencies: [Directionality], renderObject: RenderPositionedBox#d7a4e)
                                                                                                                                              Γöé                      Γöé                              Γöé                       Γöé       ΓööRichText(textDirection: ltr, softWrap: wrapping at box width, overflow: visible, maxLines: unlimited, text: "εÅ¼", dependencies: [_LocalizationsScope-[GlobalKey#2bc14]], renderObject: RenderParagraph#0e593 relayoutBoundary=up1)
                                                                                                                                              Γöé                      Γöé                              Γöé                       Γöö_Label
                                                                                                                                              Γöé                      Γöé                              Γöé                        ΓööBuilder(dependencies: [MediaQuery])
                                                                                                                                              Γöé                      Γöé                              Γöé                         ΓööMediaQuery(MediaQueryData(size: Size(800.0, 600.0), devicePixelRatio: 3.0, textScaler: no scaling, platformBrightness: Brightness.light, padding: EdgeInsets.zero, viewPadding: EdgeInsets.zero, viewInsets: EdgeInsets.zero, systemGestureInsets: EdgeInsets.zero, alwaysUse24HourFormat: false, accessibleNavigation: false, highContrast: false, onOffSwitchLabels: false, disableAnimations: false, invertColors: false, boldText: false, navigationMode: traditional, gestureSettings: DeviceGestureSettings(touchSlop: null), displayFeatures: [], supportsShowingSystemContextMenu: false))
                                                                                                                                              Γöé                      Γöé                              Γöé                          ΓööAlign(alignment: Alignment.bottomCenter, heightFactor: 1.0, dependencies: [Directionality], renderObject: RenderPositionedBox#0047b relayoutBoundary=up26)
                                                                                                                                              Γöé                      Γöé                              Γöé                           ΓööBuilder(dependencies: [DefaultTextStyle])
                                                                                                                                              Γöé                      Γöé                              Γöé                            ΓööDefaultTextStyle(debugLabel: ((englishLike bodyMedium 2021).merge((blackMountainView bodyMedium).apply)).merge((lerp(unknown ΓÄ»0.0ΓåÆ unknown)).copyWith), inherit: false, color: Color(0xff000000), family: Roboto, size: 14.0, weight: 400, letterSpacing: 0.3, baseline: alphabetic, height: 1.4x, leadingDistribution: even, decoration: Color(0xff1d1b20) TextDecoration.none, softWrap: wrapping at box width, overflow: ellipsis)
                                                                                                                                              Γöé                      Γöé                              Γöé                             ΓööTransform(dependencies: [Directionality], renderObject: RenderTransform#4ce7c relayoutBoundary=up27)
                                                                                                                                              Γöé                      Γöé                              Γöé                              ΓööText("Direct Selects", dependencies: [DefaultSelectionStyle, DefaultTextStyle, MediaQuery])
                                                                                                                                              Γöé                      Γöé                              Γöé                               ΓööRichText(softWrap: wrapping at box width, overflow: ellipsis, maxLines: unlimited, text: "Direct Selects", dependencies: [Directionality, _LocalizationsScope-[GlobalKey#2bc14]], renderObject: RenderParagraph#34ddf relayoutBoundary=up28)
                                                                                                                                              Γöé                      Γöé                              ΓööSemantics(container: false, properties: SemanticsProperties, label: "Tab 6 of 6", dependencies: [Directionality], renderObject: RenderSemanticsAnnotations#bc046 relayoutBoundary=up16)
                                                                                                                                              Γöé                      ΓööLayoutId-[<_ScaffoldSlot.floatingActionButton>](id: _ScaffoldSlot.floatingActionButton)
                                                                                                                                              Γöé                       ΓööMediaQuery(MediaQueryData(size: Size(800.0, 600.0), devicePixelRatio: 3.0, textScaler: no scaling, platformBrightness: Brightness.light, padding: EdgeInsets.zero, viewPadding: EdgeInsets.zero, viewInsets: EdgeInsets.zero, systemGestureInsets: EdgeInsets.zero, alwaysUse24HourFormat: false, accessibleNavigation: false, highContrast: false, onOffSwitchLabels: false, disableAnimations: false, invertColors: false, boldText: false, navigationMode: traditional, gestureSettings: DeviceGestureSettings(touchSlop: null), displayFeatures: [], supportsShowingSystemContextMenu: false))
                                                                                                                                              Γöé                        Γöö_FloatingActionButtonTransition(state: _FloatingActionButtonTransitionState#0cd22(tickers: tracking 1 ticker))
                                                                                                                                              Γöé                         ΓööStack(alignment: Alignment.centerRight, fit: loose, dependencies: [Directionality], renderObject: RenderStack#06de4 relayoutBoundary=up4)
                                                                                                                                              Γöé                          ΓööScaleTransition(listenable: AnimationMin<double>(_AnimationSwap<double>(AnimationController#da5c2(ΓÅ¡ 1.000; paused)Γ₧⌐CurveTween(curve: FlippedCurve(Interval(0.5Γï»1.0)Γ₧⌐Cubic(0.25, 0.10, 0.25, 1.00)))Γ₧⌐1.0Γ₧¬ReverseAnimation, AnimationController#da5c2(ΓÅ¡ 1.000; paused)Γ₧⌐CurveTween(curve: Interval(0.5Γï»1.0)Γ₧⌐Cubic(0.25, 0.10, 0.25, 1.00))Γ₧⌐1.0), AnimationController#e41bf(ΓÅ« 0.000; paused)Γ₧⌐Cubic(0.42, 0.00, 1.00, 1.00)), state: _AnimatedState#0466a)
                                                                                                                                              Γöé                           ΓööTransform(dependencies: [Directionality], renderObject: RenderTransform#51bf9 relayoutBoundary=up5)
                                                                                                                                              Γöé                            ΓööRotationTransition(listenable: AnimationController#e41bf(ΓÅ« 0.000; paused)Γ₧⌐CurveTween(curve: Cubic(0.42, 0.00, 1.00, 1.00))Γ₧⌐Tween<double>(0.875 ΓåÆ 1.0)Γ₧⌐0.875Γ₧⌐TrainHoppingAnimation(next: _AnimationSwap<double>(AnimationController#da5c2(ΓÅ¡ 1.000; paused)Γ₧⌐Tween<double>(0.75 ΓåÆ 1.0)Γ₧⌐1.0, AnimationController#da5c2(ΓÅ¡ 1.000; paused)Γ₧⌐CurveTween(curve: Threshold)Γ₧⌐1.0Γ₧¬ReverseAnimation)), state: _AnimatedState#8c56d)
                                                                                                                                              Γöé                             ΓööTransform(dependencies: [Directionality], renderObject: RenderTransform#99eeb relayoutBoundary=up6 NEEDS-PAINT)
                                                                                                                                              ΓööLayoutId-[<_ScaffoldSlot.floatingActionButton>](id: _ScaffoldSlot.floatingActionButton)
                                                                                                                                               ΓööMediaQuery(MediaQueryData(size: Size(800.0, 600.0), devicePixelRatio: 3.0, textScaler: no scaling, platformBrightness: Brightness.light, padding: EdgeInsets.zero, viewPadding: EdgeInsets.zero, viewInsets: EdgeInsets.zero, systemGestureInsets: EdgeInsets.zero, alwaysUse24HourFormat: false, accessibleNavigation: false, highContrast: false, onOffSwitchLabels: false, disableAnimations: false, invertColors: false, boldText: false, navigationMode: traditional, gestureSettings: DeviceGestureSettings(touchSlop: null), displayFeatures: [], supportsShowingSystemContextMenu: false))
                                                                                                                                                Γöö_FloatingActionButtonTransition(state: _FloatingActionButtonTransitionState#a6e3b(tickers: tracking 1 ticker))
                                                                                                                                                 ΓööStack(alignment: Alignment.centerRight, fit: loose, dependencies: [Directionality], renderObject: RenderStack#bd093 relayoutBoundary=up1)
                                                                                                                                                  ΓööScaleTransition(listenable: AnimationMin<double>(_AnimationSwap<double>(AnimationController#b9a12(ΓÅ¡ 1.000; paused)Γ₧⌐CurveTween(curve: FlippedCurve(Interval(0.5Γï»1.0)Γ₧⌐Cubic(0.25, 0.10, 0.25, 1.00)))Γ₧⌐1.0Γ₧¬ReverseAnimation, AnimationController#b9a12(ΓÅ¡ 1.000; paused)Γ₧⌐CurveTween(curve: Interval(0.5Γï»1.0)Γ₧⌐Cubic(0.25, 0.10, 0.25, 1.00))Γ₧⌐1.0), AnimationController#70b5d(ΓÅ« 0.000; paused)Γ₧⌐Cubic(0.42, 0.00, 1.00, 1.00)), state: _AnimatedState#4fc65)
                                                                                                                                                   ΓööTransform(dependencies: [Directionality], renderObject: RenderTransform#3991a relayoutBoundary=up2)
                                                                                                                                                    ΓööRotationTransition(listenable: AnimationController#70b5d(ΓÅ« 0.000; paused)Γ₧⌐CurveTween(curve: Cubic(0.42, 0.00, 1.00, 1.00))Γ₧⌐Tween<double>(0.875 ΓåÆ 1.0)Γ₧⌐0.875Γ₧⌐TrainHoppingAnimation(next: _AnimationSwap<double>(AnimationController#b9a12(ΓÅ¡ 1.000; paused)Γ₧⌐Tween<double>(0.75 ΓåÆ 1.0)Γ₧⌐1.0, AnimationController#b9a12(ΓÅ¡ 1.000; paused)Γ₧⌐CurveTween(curve: Threshold)Γ₧⌐1.0Γ₧¬ReverseAnimation)), state: _AnimatedState#81f4e)
                                                                                                                                                     ΓööTransform(dependencies: [Directionality], renderObject: RenderTransform#1dbfc relayoutBoundary=up3 NEEDS-PAINT)


ΓòÉΓòÉΓòí EXCEPTION CAUGHT BY FLUTTER TEST FRAMEWORK Γò₧ΓòÉΓòÉΓòÉΓòÉΓòÉΓòÉΓòÉΓòÉΓòÉΓòÉΓòÉΓòÉΓòÉΓòÉΓòÉΓòÉΓòÉΓòÉΓòÉΓòÉΓòÉΓòÉΓòÉΓòÉΓòÉΓòÉΓòÉΓòÉΓòÉΓòÉΓòÉΓòÉΓòÉΓòÉΓòÉΓòÉΓòÉΓòÉΓòÉΓòÉΓòÉΓòÉΓòÉΓòÉΓòÉΓòÉΓòÉΓòÉΓòÉΓòÉΓòÉΓòÉ
The following TestFailure was thrown running a test:
Expected: exactly one matching candidate
  Actual: _TypeWidgetFinder:<Found 0 widgets with type "DirectSelects": []>
   Which: means none were found but one was expected

When the exception was thrown, this was the stack:
#4      main.<anonymous closure> (file:///C:/Development/free_rfr/test/free_rfr_test.dart:184:5)
<asynchronous suspension>
#5      testWidgets.<anonymous closure>.<anonymous closure> (package:flutter_test/src/widget_tester.dart:189:15)
<asynchronous suspension>
#6      TestWidgetsFlutterBinding._runTestBody (package:flutter_test/src/binding.dart:1032:5)
<asynchronous suspension>
<asynchronous suspension>
(elided one frame from package:stack_trace)

This was caught by the test expectation on the following line:
  file:///C:/Development/free_rfr/test/free_rfr_test.dart line 184
The test description was:
  Test Keyboard Navigation
ΓòÉΓòÉΓòÉΓòÉΓòÉΓòÉΓòÉΓòÉΓòÉΓòÉΓòÉΓòÉΓòÉΓòÉΓòÉΓòÉΓòÉΓòÉΓòÉΓòÉΓòÉΓòÉΓòÉΓòÉΓòÉΓòÉΓòÉΓòÉΓòÉΓòÉΓòÉΓòÉΓòÉΓòÉΓòÉΓòÉΓòÉΓòÉΓòÉΓòÉΓòÉΓòÉΓòÉΓòÉΓòÉΓòÉΓòÉΓòÉΓòÉΓòÉΓòÉΓòÉΓòÉΓòÉΓòÉΓòÉΓòÉΓòÉΓòÉΓòÉΓòÉΓòÉΓòÉΓòÉΓòÉΓòÉΓòÉΓòÉΓòÉΓòÉΓòÉΓòÉΓòÉΓòÉΓòÉΓòÉΓòÉΓòÉΓòÉΓòÉΓòÉΓòÉΓòÉΓòÉΓòÉΓòÉΓòÉΓòÉΓòÉΓòÉΓòÉΓòÉΓòÉΓòÉΓòÉΓòÉΓòÉΓòÉΓòÉΓòÉ
00:02 +4 -1: Test Keyboard Navigation [E]
  Test failed. See exception logs above.
  The test description was: Test Keyboard Navigation
  
00:02 +4 -1: Some tests failed.
